ARM Linker, 5.03 [Build 24] [MDK-ARM Standard]

==============================================================================

Section Cross References

    remix_core.o(.text) refers to remix_core_a.o(REMIX_CORE) for REMIX_SwitchToTask
    remix_core.o(.text) refers to remix_cpu.o(.text) for REMIX_SystemHardwareInit
    remix_core.o(.text) refers to remix_userroot.o(.text) for REMIX_RootTask
    remix_core.o(.text) refers to remix_list.o(.text) for REMIX_DlistInit
    remix_core.o(.text) refers to remix_task.o(.text) for REMIX_TaskHookInit
    remix_core.o(.text) refers to remix_debug.o(.text) for REMIX_TaskContextInit
    remix_core.o(.text) refers to remix_core.o(.data) for gpstrRootTaskTcb
    remix_core.o(.text) refers to remix_core.o(.bss) for gstrReadyTab
    remix_core.o(.text) refers to remix_task.o(.data) for gstrTaskList
    remix_core.o(.text) refers to remix_cpu.o(.data) for guiIntLockCounter
    remix_core.o(.text) refers to remix_debug.o(.data) for gpstrContext
    remix_core.o(.text) refers to remix_core.o(.constdata) for caucTaskPrioUnmapTab
    remix_core.o(.text) refers to remix_task.o(.bss) for gauiSliceCnt
    remix_cpu.o(.text) refers to remix_debug.o(.text) for REMIX_TaskStackCheckInit
    remix_cpu.o(.text) refers to remix_core_a.o(REMIX_CORE) for REMIX_GetXpsr
    remix_cpu.o(.text) refers to remix_task.o(.text) for REMIX_TaskSelfDelete
    remix_cpu.o(.text) refers to system_stm32f10x.o(.data) for SystemCoreClock
    remix_cpu.o(.text) refers to remix_cpu.o(.data) for guiIntLockCounter
    remix_debug.o(.text) refers to c89vsprintf.o(.text) for __c89vsprintf
    remix_debug.o(.text) refers to remix_debug.o(.data) for gpstrContext
    remix_debug.o(.text) refers to remix_core.o(.data) for gpstrCurTaskReg
    remix_debug.o(.text) refers to remix_list.o(.text) for REMIX_DlistNextNodeEmpInq
    remix_debug.o(.text) refers to remix_task.o(.data) for gstrTaskList
    remix_queue.o(.text) refers to remix_cpu.o(.text) for REMIX_IntLock
    remix_queue.o(.text) refers to h1_alloc.o(.text) for malloc
    remix_queue.o(.text) refers to remix_list.o(.text) for REMIX_DlistInit
    remix_queue.o(.text) refers to remix_sem.o(.text) for REMIX_SemCreate
    remix_queue.o(.text) refers to h1_free.o(.text) for free
    remix_sem.o(.text) refers to remix_cpu.o(.text) for REMIX_IntLock
    remix_sem.o(.text) refers to h1_alloc.o(.text) for malloc
    remix_sem.o(.text) refers to remix_core.o(.text) for REMIX_TaskSemTableInit
    remix_sem.o(.text) refers to remix_task.o(.text) for REMIX_TaskPend
    remix_sem.o(.text) refers to h1_free.o(.text) for free
    remix_sem.o(.text) refers to remix_core.o(.data) for gpstrCurTcb
    remix_sem.o(.text) refers to remix_core.o(.bss) for gstrReadyTab
    remix_task.o(.text) refers to remix_cpu.o(.text) for REMIX_IntLock
    remix_task.o(.text) refers to h1_alloc.o(.text) for malloc
    remix_task.o(.text) refers to remix_core.o(.text) for REMIX_TaskAddToTaskList
    remix_task.o(.text) refers to remix_debug.o(.text) for REMIX_TaskCPUShareInit
    remix_task.o(.text) refers to h1_free.o(.text) for free
    remix_task.o(.text) refers to remix_core.o(.bss) for gstrReadyTab
    remix_task.o(.text) refers to remix_core.o(.data) for guiTick
    remix_task.o(.text) refers to remix_task.o(.data) for gvfTaskCreateHook
    remix_task.o(.text) refers to remix_task.o(.bss) for gauiSliceCnt
    remix_core_a.o(REMIX_CORE) refers to remix_core.o(.text) for REMIX_TaskSched
    remix_core_a.o(REMIX_CORE) refers to remix_core.o(.data) for gpstrCurTaskReg
    remix_core_a.o(REMIX_CORE) refers to remix_debug.o(.text) for REMIX_SaveTaskContext
    device.o(.text) refers to stm32f10x_usart.o(.text) for USART_GetFlagStatus
    device.o(.text) refers to remix_list.o(.text) for REMIX_DlistInit
    device.o(.text) refers to remix_queue.o(.text) for REMIX_QueueCreate
    device.o(.text) refers to remix_sem.o(.text) for REMIX_SemCreate
    device.o(.text) refers to remix_task.o(.text) for REMIX_TaskCreateHookAdd
    device.o(.text) refers to remix_debug.o(.text) for REMIX_SendCharFuncInit
    device.o(.text) refers to stm32f10x_rcc.o(.text) for RCC_APB2PeriphClockCmd
    device.o(.text) refers to stm32f10x_gpio.o(.text) for GPIO_Init
    device.o(.text) refers to remix_cpu.o(.text) for REMIX_IntLock
    device.o(.text) refers to c89vsprintf.o(.text) for __c89vsprintf
    device.o(.text) refers to strlen.o(.text) for strlen
    device.o(.text) refers to device.o(.bss) for gstrBufPool
    device.o(.text) refers to test.o(.data) for gpstrSerialMsgQue
    device.o(.text) refers to test.o(.text) for TEST_TaskCreatePrint
    remix_userroot.o(.text) refers to device.o(.text) for DEV_SoftwareInit
    remix_userroot.o(.text) refers to remix_task.o(.text) for REMIX_TaskCreate
    remix_userroot.o(.text) refers to remix_core.o(.text) for REMIX_GetSystemTick
    remix_userroot.o(.text) refers to test.o(.text) for TEST_TestTask1
    remix_userroot.o(.text) refers to test.o(.data) for gpstrSerialTaskTcb
[...]
    .ARM.Collect$$libshutdown$$00000009      0x0800025e   Section        0  libshutdown2.o(.ARM.Collect$$libshutdown$$00000009)
    .ARM.Collect$$libshutdown$$0000000B      0x0800025e   Section        0  libshutdown2.o(.ARM.Collect$$libshutdown$$0000000B)
    .ARM.Collect$$libshutdown$$0000000E      0x0800025e   Section        0  libshutdown2.o(.ARM.Collect$$libshutdown$$0000000E)
    .ARM.Collect$$libshutdown$$0000000F      0x0800025e   Section        2  libshutdown2.o(.ARM.Collect$$libshutdown$$0000000F)
    .ARM.Collect$$rtentry$$00000000          0x08000260   Section        0  rtentry.o(.ARM.Collect$$rtentry$$00000000)
    .ARM.Collect$$rtentry$$00000002          0x08000260   Section        0  rtentry2.o(.ARM.Collect$$rtentry$$00000002)
    .ARM.Collect$$rtentry$$00000004          0x08000260   Section        6  rtentry4.o(.ARM.Collect$$rtentry$$00000004)
    .ARM.Collect$$rtentry$$00000009          0x08000266   Section        0  rtentry2.o(.ARM.Collect$$rtentry$$00000009)
    .ARM.Collect$$rtentry$$0000000A          0x08000266   Section        4  rtentry2.o(.ARM.Collect$$rtentry$$0000000A)
    .ARM.Collect$$rtentry$$0000000C          0x0800026a   Section        0  rtentry2.o(.ARM.Collect$$rtentry$$0000000C)
    .ARM.Collect$$rtentry$$0000000D          0x0800026a   Section        8  rtentry2.o(.ARM.Collect$$rtentry$$0000000D)
    .ARM.Collect$$rtexit$$00000000           0x08000272   Section        2  rtexit.o(.ARM.Collect$$rtexit$$00000000)
    .ARM.Collect$$rtexit$$00000002           0x08000274   Section        0  rtexit2.o(.ARM.Collect$$rtexit$$00000002)
    .ARM.Collect$$rtexit$$00000003           0x08000274   Section        4  rtexit2.o(.ARM.Collect$$rtexit$$00000003)
    .ARM.Collect$$rtexit$$00000004           0x08000278   Section        6  rtexit2.o(.ARM.Collect$$rtexit$$00000004)
    .emb_text                                0x08000280   Section        0  maybetermalloc1.o(.emb_text)
    .text                                    0x08000280   Section        0  remix_core.o(.text)
    .text                                    0x080007fc   Section        0  remix_cpu.o(.text)
    NVIC_SetPriority                         0x080007fd   Thumb Code    32  remix_cpu.o(.text)
    .text                                    0x080009f0   Section        0  remix_debug.o(.text)
    .text                                    0x08001214   Section        0  remix_list.o(.text)
    .text                                    0x080012cc   Section        0  remix_queue.o(.text)
    .text                                    0x080013d4   Section        0  remix_sem.o(.text)
    .text                                    0x0800189c   Section        0  remix_task.o(.text)
    .text                                    0x08001e54   Section        0  device.o(.text)
    .text                                    0x08001fe4   Section        0  remix_userroot.o(.text)
    .text                                    0x080020c4   Section        0  stm32f10x_it.o(.text)
    .text                                    0x080020fc   Section        0  system_stm32f10x.o(.text)
    SetSysClockTo72                          0x080020fd   Thumb Code   212  system_stm32f10x.o(.text)
    SetSysClock                              0x080021d1   Thumb Code     8  system_stm32f10x.o(.text)
    .text                                    0x080022d8   Section        0  test.o(.text)
    .text                                    0x08002a8c   Section        0  stm32f10x_gpio.o(.text)
    .text                                    0x08002de4   Section        0  stm32f10x_rcc.o(.text)
    .text                                    0x08003188   Section        0  stm32f10x_usart.o(.text)
    .text                                    0x08003590   Section       64  startup_stm32f10x_hd.o(.text)
    .text                                    0x080035d0   Section        0  h1_alloc.o(.text)
    .text                                    0x0800362e   Section        0  h1_free.o(.text)
    .text                                    0x0800367c   Section        0  c89vsprintf.o(.text)
    .text                                    0x080036a0   Section        0  strlen.o(.text)
    .text                                    0x080036de   Section        0  heapauxi.o(.text)
    .text                                    0x080036e4   Section        8  rt_heap_descriptor_intlibspace.o(.text)
    .text                                    0x080036ec   Section        0  hguard.o(.text)
    .text                                    0x080036f0   Section        0  init_alloc.o(.text)
    .text                                    0x0800377a   Section        0  h1_init.o(.text)
    .text                                    0x08003788   Section        0  _printf_pad.o(.text)
    .text                                    0x080037da   Section        0  _printf_truncate.o(.text)
    .text                                    0x080037fe   Section        0  _printf_str.o(.text)
    .text                                    0x08003850   Section        0  _printf_dec.o(.text)
    .text                                    0x080038c8   Section        0  _printf_charcount.o(.text)
    .text                                    0x080038f4   Section        0  _printf_char_common.o(.text)
    _printf_input_char                       0x080038f5   Thumb Code    10  _printf_char_common.o(.text)
    .text                                    0x08003924   Section        0  _sputc.o(.text)
    .text                                    0x08003930   Section        0  _printf_wctomb.o(.text)
    .text                                    0x080039ec   Section        0  _printf_longlong_dec.o(.text)
    .text                                    0x08003a64   Section        0  _printf_oct_int_ll.o(.text)
    _printf_longlong_oct_internal            0x08003a65   Thumb Code     0  _printf_oct_int_ll.o(.text)
    .text                                    0x08003adc   Section        0  _printf_hex_int_ll_ptr.o(.text)
    _printf_hex_common                       0x08003add   Thumb Code     0  _printf_hex_int_ll_ptr.o(.text)
    .text                                    0x08003b78   Section        0  __printf_flags_ss_wp.o(.text)
    .text                                    0x08003d04   Section        8  libspace.o(.text)
    .text                                    0x08003d0c   Section        0  h1_extend.o(.text)
    .text                                    0x08003d40   Section      138  lludiv10.o(.text)
    .text                                    0x08003dca   Section        0  _printf_intcommon.o(.text)
    .text                                    0x08003e82   Section        0  _printf_fp_dec.o(.text)
    _fp_digits                               0x08003e85   Thumb Code   426  _printf_fp_dec.o(.text)
    .text                                    0x080042a2   Section        0  _printf_char.o(.text)
    .text                                    0x080042ce   Section        0  _printf_wchar.o(.text)
    .text                                    0x080042fa   Section        0  _wcrtomb.o(.text)
    .text                                    0x0800433a   Section        0  defsig_rtmem_outer.o(.text)
    .text                                    0x08004348   Section        2  use_no_semi.o(.text)
    .text                                    0x0800434a   Section        0  indicate_semi.o(.text)
    .text                                    0x0800434a   Section       74  sys_stackheap_outer.o(.text)
    .text                                    0x08004394   Section       16  rt_ctype_table.o(.text)
    .text                                    0x080043a4   Section        8  rt_locale_intlibspace.o(.text)
    .text                                    0x080043ac   Section        0  _printf_fp_infnan.o(.text)
    .text                                    0x0800442c   Section        0  bigflt0.o(.text)
    .text                                    0x08004510   Section        0  exit.o(.text)
    .text                                    0x0800451c   Section        0  defsig_exit.o(.text)
    .text                                    0x08004528   Section        0  defsig_rtmem_inner.o(.text)
    .text                                    0x08004578   Section        0  sys_exit.o(.text)
    .text                                    0x08004584   Section        0  defsig_general.o(.text)
    .text                                    0x080045b8   Section      128  strcmpv7m.o(.text)
    .text                                    0x08004638   Section        0  sys_wrch.o(.text)
    CL$$btod_d2e                             0x08004646   Section       62  btod.o(CL$$btod_d2e)
    CL$$btod_d2e_denorm_low                  0x08004684   Section       70  btod.o(CL$$btod_d2e_denorm_low)
    CL$$btod_d2e_norm_op1                    0x080046ca   Section       96  btod.o(CL$$btod_d2e_norm_op1)
    CL$$btod_div_common                      0x0800472a   Section      824  btod.o(CL$$btod_div_common)
    CL$$btod_e2e                             0x08004a62   Section      198  btod.o(CL$$btod_e2e)
    CL$$btod_ediv                            0x08004b28   Section       40  btod.o(CL$$btod_ediv)
    CL$$btod_emul                            0x08004b50   Section       40  btod.o(CL$$btod_emul)
    CL$$btod_mult_common                     0x08004b78   Section      580  btod.o(CL$$btod_mult_common)
    REMIX_CORE                               0x08004dbc   Section      220  remix_core_a.o(REMIX_CORE)
    i.__ARM_fpclassify                       0x08004e98   Section        0  fpclassify.o(i.__ARM_fpclassify)
    i._is_digit                              0x08004ec0   Section        0  __printf_wp.o(i._is_digit)
    locale$$code                             0x08004ed0   Section       44  lc_numeric_c.o(locale$$code)
    locale$$code                             0x08004efc   Section       44  lc_ctype_c.o(locale$$code)
    x$fpl$printf1                            0x08004f28   Section        4  printf1.o(x$fpl$printf1)
    .constdata                               0x08004f2c   Section      256  remix_core.o(.constdata)
    x$fpl$usenofp                            0x08004f2c   Section        0  usenofp.o(x$fpl$usenofp)
    .constdata                               0x0800502c   Section        8  _printf_wctomb.o(.constdata)
    initial_mbstate                          0x0800502c   Data           8  _printf_wctomb.o(.constdata)
    .constdata                               0x08005034   Section       40  _printf_hex_int_ll_ptr.o(.constdata)
    uc_hextab                                0x08005034   Data          20  _printf_hex_int_ll_ptr.o(.constdata)
    lc_hextab                                0x08005048   Data          20  _printf_hex_int_ll_ptr.o(.constdata)
    .constdata                               0x0800505c   Section       17  __printf_flags_ss_wp.o(.constdata)
    maptable                                 0x0800505c   Data          17  __printf_flags_ss_wp.o(.constdata)
    .constdata                               0x08005070   Section      148  bigflt0.o(.constdata)
    tenpwrs_x                                0x08005070   Data          60  bigflt0.o(.constdata)
    tenpwrs_i                                0x080050ac   Data          64  bigflt0.o(.constdata)
    locale$$data                             0x08005124   Section       28  lc_numeric_c.o(locale$$data)
    __lcnum_c_name                           0x08005128   Data           2  lc_numeric_c.o(locale$$data)
    __lcnum_c_start                          0x08005130   Data           0  lc_numeric_c.o(locale$$data)
    __lcnum_c_point                          0x0800513c   Data           0  lc_numeric_c.o(locale$$data)
    __lcnum_c_thousands                      0x0800513e   Data           0  lc_numeric_c.o(locale$$data)
    __lcnum_c_grouping                       0x0800513f   Data           0  lc_numeric_c.o(locale$$data)
    locale$$data                             0x08005140   Section      272  lc_ctype_c.o(locale$$data)
    __lcnum_c_end                            0x08005140   Data           0  lc_numeric_c.o(locale$$data)
    __lcctype_c_name                         0x08005144   Data           2  lc_ctype_c.o(locale$$data)
    __lcctype_c_start                        0x0800514c   Data           0  lc_ctype_c.o(locale$$data)
    __lcctype_c_end                          0x08005250   Data           0  lc_ctype_c.o(locale$$data)
    .text                                    0x08039004   Section        0  unoptimize.o(.text)
    .data                                    0x20000000   Section       44  remix_core.o(.data)
    .data                                    0x2000002c   Section        4  remix_cpu.o(.data)
    .data                                    0x20000030   Section       12  remix_debug.o(.data)
    suiTick                                  0x20000030   Data           4  remix_debug.o(.data)
    .data                                    0x2000003c   Section       24  remix_task.o(.data)
    .data                                    0x20000054   Section       20  system_stm32f10x.o(.data)
    .data                                    0x20000068   Section       20  test.o(.data)
    suiLastTime                              0x20000068   Data           4  test.o(.data)
    .data                                    0x2000007c   Section       20  stm32f10x_rcc.o(.data)
    APBAHBPrescTable                         0x2000007c   Data          16  stm32f10x_rcc.o(.data)
    ADCPrescTable                            0x2000008c   Data           4  stm32f10x_rcc.o(.data)
    .bss                                     0x20000090   Section       68  remix_core.o(.bss)
    .bss                                     0x200000d4   Section       32  remix_task.o(.bss)
    .bss                                     0x200000f4   Section    11208  device.o(.bss)
    .bss                                     0x20002cbc   Section       96  libspace.o(.bss)
    HEAP                                     0x20002d20   Section    16384  startup_stm32f10x_hd.o(HEAP)
    Heap_Mem                                 0x20002d20   Data       16384  startup_stm32f10x_hd.o(HEAP)
    STACK                                    0x20006d20   Section      512  startup_stm32f10x_hd.o(STACK)
    Stack_Mem                                0x20006d20   Data         512  startup_stm32f10x_hd.o(STACK)
    __initial_sp                             0x20006f20   Data           0  startup_stm32f10x_hd.o(STACK)

    Global Symbols

    Symbol Name                              Value     Ov Type        Size  Object(Section)

    BuildAttributes$$THM_ISAv4$P$D$K$B$S$PE$A:L22UL41UL21$X:L11$S22US41US21$IEEE1$IW$USESV6$~STKCKD$USESV7$~SHL$OTIME$ROPI$IEEEJ$EBA8$UX$STANDARDLIB$REQ8$PRES8$EABIv2 0x00000000   Number         0  anon$$obj.o ABSOLUTE
    __ARM_use_no_argv                        0x00000000   Number         0  remix_core.o ABSOLUTE
    _printf_flags                            0x00000000   Number         0  printf_stubs.o ABSOLUTE
    _printf_return_value                     0x00000000   Number         0  printf_stubs.o ABSOLUTE
    _printf_sizespec                         0x00000000   Number         0  printf_stubs.o ABSOLUTE
    _printf_widthprec                        0x00000000   Number         0  printf_stubs.o ABSOLUTE
    __ARM_exceptions_init                     - Undefined Weak Reference
    __alloca_initialize                       - Undefined Weak Reference
    __cpp_initialize__aeabi_                  - Undefined Weak Reference
    __cxa_finalize                            - Undefined Weak Reference
    __sigvec_lookup                           - Undefined Weak Reference
    __user_heap_extent                        - Undefined Weak Reference
    _atexit_init                              - Undefined Weak Reference
    _call_atexit_fns                          - Undefined Weak Reference
    _clock_init                               - Undefined Weak Reference
    _fp_trap_init                             - Undefined Weak Reference
    _fp_trap_shutdown                         - Undefined Weak Reference
    _get_lc_collate                           - Undefined Weak Reference
    _get_lc_monetary                          - Undefined Weak Reference
    _get_lc_time                              - Undefined Weak Reference
    _getenv_init                              - Undefined Weak Reference
    _handle_redirection                       - Undefined Weak Reference
    _initio                                   - Undefined Weak Reference
    _mutex_acquire                            - Undefined Weak Reference
    _mutex_free                               - Undefined Weak Reference
    _mutex_release                            - Undefined Weak Reference
    _printf_fp_hex                            - Undefined Weak Reference
    _printf_mbtowc                            - Undefined Weak Reference
    _printf_wc                                - Undefined Weak Reference
    _rand_init                                - Undefined Weak Reference
    _signal_finish                            - Undefined Weak Reference
    _signal_init                              - Undefined Weak Reference
    _terminateio                              - Undefined Weak Reference
    __Vectors_Size                           0x00000130   Number         0  startup_stm32f10x_hd.o ABSOLUTE
    __Vectors                                0x08000000   Data           4  startup_stm32f10x_hd.o(RESET)
    __Vectors_End                            0x08000130   Data           0  startup_stm32f10x_hd.o(RESET)
    __main                                   0x08000131   Thumb Code     8  __main.o(!!!main)
    __scatterload                            0x08000139   Thumb Code     0  __scatter.o(!!!scatter)
    __scatterload_rt2                        0x08000139   Thumb Code    44  __scatter.o(!!!scatter)
    __scatterload_rt2_thumb_only             0x08000139   Thumb Code     0  __scatter.o(!!!scatter)
    __scatterload_null                       0x08000147   Thumb Code     0  __scatter.o(!!!scatter)
    __scatterload_copy                       0x0800016d   Thumb Code    26  __scatter_copy.o(!!handler_copy)
    __scatterload_zeroinit                   0x08000189   Thumb Code    28  __scatter_zi.o(!!handler_zi)
    _printf_n                                0x080001a5   Thumb Code     0  _printf_n.o(.ARM.Collect$$_printf_percent$$00000001)
    _printf_percent                          0x080001a5   Thumb Code     0  _printf_percent.o(.ARM.Collect$$_printf_percent$$00000000)
    _printf_p                                0x080001ab   Thumb Code     0  _printf_p.o(.ARM.Collect$$_printf_percent$$00000002)
    _printf_f                                0x080001b1   Thumb Code     0  _printf_f.o(.ARM.Collect$$_printf_percent$$00000003)
    _printf_e                                0x080001b7   Thumb Code     0  _printf_e.o(.ARM.Collect$$_printf_percent$$00000004)
    _printf_g                                0x080001bd   Thumb Code     0  _printf_g.o(.ARM.Collect$$_printf_percent$$00000005)
    _printf_a                                0x080001c3   Thumb Code     0  _printf_a.o(.ARM.Collect$$_printf_percent$$00000006)
    _printf_ll                               0x080001c9   Thumb Code     0  _printf_ll.o(.ARM.Collect$$_printf_percent$$00000007)
    _printf_i                                0x080001d3   Thumb Code     0  _printf_i.o(.ARM.Collect$$_printf_percent$$00000008)
    _printf_d                                0x080001d9   Thumb Code     0  _printf_d.o(.ARM.Collect$$_printf_percent$$00000009)
    _printf_u                                0x080001df   Thumb Code     0  _printf_u.o(.ARM.Collect$$_printf_percent$$0000000A)
    _printf_o                                0x080001e5   Thumb Code     0  _printf_o.o(.ARM.Collect$$_printf_percent$$0000000B)
    _printf_x                                0x080001eb   Thumb Code     0  _printf_x.o(.ARM.Collect$$_printf_percent$$0000000C)
    _printf_lli                              0x080001f1   Thumb Code     0  _printf_lli.o(.ARM.Collect$$_printf_percent$$0000000D)
    _printf_lld                              0x080001f7   Thumb Code     0  _printf_lld.o(.ARM.Collect$$_printf_percent$$0000000E)
    _printf_llu                              0x080001fd   Thumb Code     0  _printf_llu.o(.ARM.Collect$$_printf_percent$$0000000F)
    _printf_llo                              0x08000203   Thumb Code     0  _printf_llo.o(.ARM.Collect$$_printf_percent$$00000010)
    _printf_llx                              0x08000209   Thumb Code     0  _printf_llx.o(.ARM.Collect$$_printf_percent$$00000011)
    _printf_l                                0x0800020f   Thumb Code     0  _printf_l.o(.ARM.Collect$$_printf_percent$$00000012)
    _printf_c                                0x08000219   Thumb Code     0  _printf_c.o(.ARM.Collect$$_printf_percent$$00000013)
    _printf_s                                0x0800021f   Thumb Code     0  _printf_s.o(.ARM.Collect$$_printf_percent$$00000014)
    _printf_lc                               0x08000225   Thumb Code     0  _printf_lc.o(.ARM.Collect$$_printf_percent$$00000015)
    _printf_ls                               0x0800022b   Thumb Code     0  _printf_ls.o(.ARM.Collect$$_printf_percent$$00000016)
    _printf_percent_end                      0x08000231   Thumb Code     0  _printf_percent_end.o(.ARM.Collect$$_printf_percent$$00000017)
    __rt_lib_init                            0x08000235   Thumb Code     0  libinit.o(.ARM.Collect$$libinit$$00000000)
    __rt_lib_init_fp_1                       0x08000237   Thumb Code     0  libinit2.o(.ARM.Collect$$libinit$$00000002)
    __rt_lib_init_heap_2                     0x08000237   Thumb Code     0  libinit2.o(.ARM.Collect$$libinit$$00000003)
    __rt_lib_init_heap_1                     0x0800023f   Thumb Code     0  libinit2.o(.ARM.Collect$$libinit$$00000008)
    __rt_lib_init_lc_common                  0x0800023f   Thumb Code     0  libinit2.o(.ARM.Collect$$libinit$$0000000D)
    __rt_lib_init_rand_1                     0x0800023f   Thumb Code     0  libinit2.o(.ARM.Collect$$libinit$$0000000C)
    __rt_lib_init_user_alloc_1               0x0800023f   Thumb Code     0  libinit2.o(.ARM.Collect$$libinit$$0000000A)
    __rt_lib_init_lc_collate_1               0x08000245   Thumb Code     0  libinit2.o(.ARM.Collect$$libinit$$0000000F)
    __rt_lib_init_lc_ctype_2                 0x08000245   Thumb Code     0  libinit2.o(.ARM.Collect$$libinit$$00000010)
    __rt_lib_init_lc_ctype_1                 0x08000251   Thumb Code     0  libinit2.o(.ARM.Collect$$libinit$$00000011)
    __rt_lib_init_lc_monetary_1              0x08000251   Thumb Code     0  libinit2.o(.ARM.Collect$$libinit$$00000013)
    __rt_lib_init_lc_numeric_2               0x08000251   Thumb Code     0  libinit2.o(.ARM.Collect$$libinit$$00000014)
    __rt_lib_init_alloca_1                   0x0800025b   Thumb Code     0  libinit2.o(.ARM.Collect$$libinit$$0000002C)
    __rt_lib_init_argv_1                     0x0800025b   Thumb Code     0  libinit2.o(.ARM.Collect$$libinit$$0000002A)
    __rt_lib_init_atexit_1                   0x0800025b   Thumb Code     0  libinit2.o(.ARM.Collect$$libinit$$00000019)
    __rt_lib_init_clock_1                    0x0800025b   Thumb Code     0  libinit2.o(.ARM.Collect$$libinit$$0000001F)
    __rt_lib_init_cpp_1                      0x0800025b   Thumb Code     0  libinit2.o(.ARM.Collect$$libinit$$00000030)
    __rt_lib_init_exceptions_1               0x0800025b   Thumb Code     0  libinit2.o(.ARM.Collect$$libinit$$0000002E)
    __rt_lib_init_fp_trap_1                  0x0800025b   Thumb Code     0  libinit2.o(.ARM.Collect$$libinit$$0000001D)
    __rt_lib_init_getenv_1                   0x0800025b   Thumb Code     0  libinit2.o(.ARM.Collect$$libinit$$00000021)
    __rt_lib_init_lc_numeric_1               0x0800025b   Thumb Code     0  libinit2.o(.ARM.Collect$$libinit$$00000015)
    __rt_lib_init_lc_time_1                  0x0800025b   Thumb Code     0  libinit2.o(.ARM.Collect$$libinit$$00000017)
    __rt_lib_init_return                     0x0800025b   Thumb Code     0  libinit2.o(.ARM.Collect$$libinit$$00000031)
    __rt_lib_init_signal_1                   0x0800025b   Thumb Code     0  libinit2.o(.ARM.Collect$$libinit$$0000001B)
    __rt_lib_init_stdio_1                    0x0800025b   Thumb Code     0  libinit2.o(.ARM.Collect$$libinit$$00000023)
    __rt_lib_shutdown                        0x0800025d   Thumb Code     0  libshutdown.o(.ARM.Collect$$libshutdown$$00000000)
    __rt_lib_shutdown_fp_trap_1              0x0800025f   Thumb Code     0  libshutdown2.o(.ARM.Collect$$libshutdown$$00000006)
    __rt_lib_shutdown_heap_1                 0x0800025f   Thumb Code     0  libshutdown2.o(.ARM.Collect$$libshutdown$$0000000E)
    __rt_lib_shutdown_return                 0x0800025f   Thumb Code     0  libshutdown2.o(.ARM.Collect$$libshutdown$$0000000F)
    __rt_lib_shutdown_signal_1               0x0800025f   Thumb Code     0  libshutdown2.o(.ARM.Collect$$libshutdown$$00000009)
    __rt_lib_shutdown_stdio_1                0x0800025f   Thumb Code     0  libshutdown2.o(.ARM.Collect$$libshutdown$$00000003)
    __rt_lib_shutdown_user_alloc_1           0x0800025f   Thumb Code     0  libshutdown2.o(.ARM.Collect$$libshutdown$$0000000B)
    __rt_entry                               0x08000261   Thumb Code     0  rtentry.o(.ARM.Collect$$rtentry$$00000000)
    __rt_entry_presh_1                       0x08000261   Thumb Code     0  rtentry2.o(.ARM.Collect$$rtentry$$00000002)
    __rt_entry_sh                            0x08000261   Thumb Code     0  rtentry4.o(.ARM.Collect$$rtentry$$00000004)
    __rt_entry_li                            0x08000267   Thumb Code     0  rtentry2.o(.ARM.Collect$$rtentry$$0000000A)
    __rt_entry_postsh_1                      0x08000267   Thumb Code     0  rtentry2.o(.ARM.Collect$$rtentry$$00000009)
    __rt_entry_main                          0x0800026b   Thumb Code     0  rtentry2.o(.ARM.Collect$$rtentry$$0000000D)
    __rt_entry_postli_1                      0x0800026b   Thumb Code     0  rtentry2.o(.ARM.Collect$$rtentry$$0000000C)
    __rt_exit                                0x08000273   Thumb Code     0  rtexit.o(.ARM.Collect$$rtexit$$00000000)
    __rt_exit_ls                             0x08000275   Thumb Code     0  rtexit2.o(.ARM.Collect$$rtexit$$00000003)
    __rt_exit_prels_1                        0x08000275   Thumb Code     0  rtexit2.o(.ARM.Collect$$rtexit$$00000002)
    __rt_exit_exit                           0x08000279   Thumb Code     0  rtexit2.o(.ARM.Collect$$rtexit$$00000004)
    REMIXOS_Start                            0x08000281   Thumb Code    24  remix_core.o(.text)
    _maybe_terminate_alloc                   0x08000281   Thumb Code     0  maybetermalloc1.o(.emb_text)
    REMIX_IdleTask                           0x08000299   Thumb Code     4  remix_core.o(.text)
    REMIX_SetUser                            0x0800029d   Thumb Code     6  remix_core.o(.text)
    REMIX_BeforeRootTask                     0x080002a3   Thumb Code    26  remix_core.o(.text)
    REMIX_TaskDelayTableInit                 0x080002bd   Thumb Code    10  remix_core.o(.text)
    REMIX_TaskSchedTableInit                 0x080002c7   Thumb Code    30  remix_core.o(.text)
    REMIX_TaskReadyTableInit                 0x080002e5   Thumb Code    10  remix_core.o(.text)
    REMIX_TaskListInit                       0x080002ef   Thumb Code    10  remix_core.o(.text)
    REMIXOS_Init                             0x080002f9   Thumb Code   144  remix_core.o(.text)
    main                                     0x08000389   Thumb Code    14  remix_core.o(.text)
    REMIX_TaskTick                           0x08000397   Thumb Code    34  remix_core.o(.text)
    REMIX_TaskGetHighestPrio                 0x080003b9   Thumb Code    10  remix_core.o(.text)
    REMIX_TaskReadyTableSched                0x080003c3   Thumb Code   120  remix_core.o(.text)
    REMIX_TaskSetPrioFlag                    0x0800043b   Thumb Code    14  remix_core.o(.text)
    REMIX_TaskAddToSchedTable                0x08000449   Thumb Code    32  remix_core.o(.text)
    REMIX_TaskAddToReadyTable                0x08000469   Thumb Code    28  remix_core.o(.text)
    REMIX_TaskClrPrioFlag                    0x08000485   Thumb Code    12  remix_core.o(.text)
    REMIX_TaskDeleteFromSchedTable           0x08000491   Thumb Code    40  remix_core.o(.text)
    REMIX_TaskDeleteFromSemTable             0x080004b9   Thumb Code    58  remix_core.o(.text)
    REMIX_TaskDeleteFromDelayTable           0x080004f3   Thumb Code    14  remix_core.o(.text)
    REMIX_TaskDelayTableSched                0x08000501   Thumb Code   180  remix_core.o(.text)
    REMIX_TaskSched                          0x080005b5   Thumb Code    86  remix_core.o(.text)
    REMIX_TaskAddToTaskList                  0x0800060b   Thumb Code    14  remix_core.o(.text)
    REMIX_TaskDeleteFromTaskList             0x08000619   Thumb Code    14  remix_core.o(.text)
    REMIX_TaskDeleteFromReadyTable           0x08000627   Thumb Code    20  remix_core.o(.text)
    REMIX_TaskAddToDelayTable                0x0800063b   Thumb Code   234  remix_core.o(.text)
    REMIX_TaskSemTableInit                   0x08000725   Thumb Code    12  remix_core.o(.text)
    REMIX_TaskAddToSemTable                  0x08000731   Thumb Code    72  remix_core.o(.text)
    REMIX_TaskSemTableSche                   0x08000779   Thumb Code    56  remix_core.o(.text)
    REMIX_GetSystemTick                      0x080007b1   Thumb Code     6  remix_core.o(.text)
    REMIX_GetCurrentTcb                      0x080007b7   Thumb Code     6  remix_core.o(.text)
    REMIX_GetRootTcb                         0x080007bd   Thumb Code     6  remix_core.o(.text)
    REMIX_GetIdleTcb                         0x080007c3   Thumb Code     6  remix_core.o(.text)
    REMIX_GetUser                            0x080007c9   Thumb Code     6  remix_core.o(.text)
    REMIX_GetREMIXVersion                    0x080007cf   Thumb Code     4  remix_core.o(.text)
    REMIX_TaskStackInit                      0x0800081d   Thumb Code   142  remix_cpu.o(.text)
    REMIX_PendSvIsrInit                      0x080008ab   Thumb Code    14  remix_cpu.o(.text)
    REMIX_TickTimerInit                      0x080008b9   Thumb Code    68  remix_cpu.o(.text)
    REMIX_SystemHardwareInit                 0x080008fd   Thumb Code    12  remix_cpu.o(.text)
    REMIX_SetChipWorkMode                    0x08000909   Thumb Code    26  remix_cpu.o(.text)
    REMIX_IntPendSvSet                       0x08000923   Thumb Code    18  remix_cpu.o(.text)
    REMIX_RunInInt                           0x08000935   Thumb Code    20  remix_cpu.o(.text)
    REMIX_TaskSwiSched                       0x08000949   Thumb Code    22  remix_cpu.o(.text)
    REMIX_IntLock                            0x0800095f   Thumb Code    60  remix_cpu.o(.text)
    REMIX_IntUnlock                          0x0800099b   Thumb Code    62  remix_cpu.o(.text)
    REMIX_SaveOneContextData                 0x080009f1   Thumb Code    28  remix_debug.o(.text)
    REMIX_SaveLastContext                    0x08000a0d   Thumb Code   204  remix_debug.o(.text)
    REMIX_CoverFirstContext                  0x08000ad9   Thumb Code   114  remix_debug.o(.text)
    REMIX_SaveTaskContext                    0x08000b4b   Thumb Code    96  remix_debug.o(.text)
    REMIX_SendChar                           0x08000bab   Thumb Code    28  remix_debug.o(.text)
    REMIX_SendString                         0x08000bc7   Thumb Code    54  remix_debug.o(.text)
    REMIX_GetOneContextData                  0x08000bfd   Thumb Code    30  remix_debug.o(.text)
    REMIX_IfValidString                      0x08000c1b   Thumb Code    64  remix_debug.o(.text)
    REMIX_PrintContext                       0x08000c5b   Thumb Code   838  remix_debug.o(.text)
    REMIX_PrintTaskContext                   0x08000fa1   Thumb Code    50  remix_debug.o(.text)
    REMIX_FaultIsrPrint                      0x08000fd3   Thumb Code    26  remix_debug.o(.text)
    REMIX_TaskContextInit                    0x08000fed   Thumb Code   134  remix_debug.o(.text)
    REMIX_SendCharFuncInit                   0x08001073   Thumb Code     8  remix_debug.o(.text)
    REMIX_TaskStackCheckInit                 0x0800107b   Thumb Code    28  remix_debug.o(.text)
    REMIX_TaskStackCheck                     0x08001097   Thumb Code    36  remix_debug.o(.text)
    REMIX_TaskCPUShareInit                   0x080010bb   Thumb Code    18  remix_debug.o(.text)
    REMIX_CPUShareStatistic                  0x080010cd   Thumb Code   140  remix_debug.o(.text)
    REMIX_GetCPUShare                        0x08001159   Thumb Code     8  remix_debug.o(.text)
    REMIX_DlistInit                          0x08001215   Thumb Code     8  remix_list.o(.text)
    REMIX_DlistNodeAdd                       0x0800121d   Thumb Code    28  remix_list.o(.text)
    REMIX_DlistNodeDelete                    0x08001239   Thumb Code    38  remix_list.o(.text)
    REMIX_DlistCurNodeInsert                 0x0800125f   Thumb Code    36  remix_list.o(.text)
    REMIX_DlistCurNodeDelete                 0x08001283   Thumb Code    52  remix_list.o(.text)
    REMIX_DlistEmpInq                        0x080012b7   Thumb Code     6  remix_list.o(.text)
    REMIX_DlistNextNodeEmpInq                0x080012bd   Thumb Code    16  remix_list.o(.text)
    REMIX_QueueCreate                        0x080012cd   Thumb Code   110  remix_queue.o(.text)
    REMIX_QueuePutNode                       0x0800133b   Thumb Code    40  remix_queue.o(.text)
    REMIX_QueueGetNode                       0x08001363   Thumb Code    62  remix_queue.o(.text)
    REMIX_QueueDelete                        0x080013a1   Thumb Code    52  remix_queue.o(.text)
    REMIX_SemCreate                          0x080013d5   Thumb Code   172  remix_sem.o(.text)
    REMIX_SemTake                            0x08001481   Thumb Code   464  remix_sem.o(.text)
    REMIX_SemGive                            0x08001651   Thumb Code   346  remix_sem.o(.text)
    REMIX_SemFlushValue                      0x080017ab   Thumb Code   156  remix_sem.o(.text)
    REMIX_SemFlush                           0x08001847   Thumb Code    14  remix_sem.o(.text)
    REMIX_SemDelete                          0x08001855   Thumb Code    62  remix_sem.o(.text)
    REMIX_TaskTcbInit                        0x0800189d   Thumb Code   246  remix_task.o(.text)
    REMIX_TaskCreate                         0x08001993   Thumb Code   134  remix_task.o(.text)
    REMIX_TaskDelete                         0x08001a19   Thumb Code   180  remix_task.o(.text)
    REMIX_TaskSelfDelete                     0x08001acd   Thumb Code    12  remix_task.o(.text)
    REMIX_TaskDelay                          0x08001ad9   Thumb Code   198  remix_task.o(.text)
    REMIX_TaskWake                           0x08001b9f   Thumb Code   134  remix_task.o(.text)
    REMIX_TaskPend                           0x08001c25   Thumb Code   176  remix_task.o(.text)
    REMIX_GetTaskLinkRoot                    0x08001cd5   Thumb Code     4  remix_task.o(.text)
    REMIX_TaskPrioInheritance                0x08001cd9   Thumb Code   168  remix_task.o(.text)
    REMIX_TaskPrioResume                     0x08001d81   Thumb Code    94  remix_task.o(.text)
    REMIX_TaskTimeSlice                      0x08001ddf   Thumb Code    36  remix_task.o(.text)
    REMIX_TaskHookInit                       0x08001e03   Thumb Code    16  remix_task.o(.text)
    REMIX_TaskCreateHookAdd                  0x08001e13   Thumb Code     6  remix_task.o(.text)
    REMIX_TaskCreateHookDel                  0x08001e19   Thumb Code     8  remix_task.o(.text)
    REMIX_TaskSwitchHookAdd                  0x08001e21   Thumb Code     6  remix_task.o(.text)
    REMIX_TaskSwitchHookDel                  0x08001e27   Thumb Code     8  remix_task.o(.text)
    REMIX_TaskDeleteHookAdd                  0x08001e2f   Thumb Code     6  remix_task.o(.text)
    REMIX_TaskDeleteHookDel                  0x08001e35   Thumb Code     8  remix_task.o(.text)
    DEV_PutChar                              0x08001e55   Thumb Code    28  device.o(.text)
    DEV_BufferInit                           0x08001e71   Thumb Code    40  device.o(.text)
    DEV_SoftwareInit                         0x08001e99   Thumb Code    64  device.o(.text)
    DEV_UartInit                             0x08001ed9   Thumb Code    90  device.o(.text)
    DEV_HardwareInit                         0x08001f33   Thumb Code     8  device.o(.text)
    DEV_BufferAlloc                          0x08001f3b   Thumb Code    24  device.o(.text)
    DEV_PutStrToMem                          0x08001f53   Thumb Code    64  device.o(.text)
    DEV_PrintMsg                             0x08001f93   Thumb Code    26  device.o(.text)
    DEV_BufferFree                           0x08001fad   Thumb Code    24  device.o(.text)
    REMIX_RootTask                           0x08001fe5   Thumb Code   130  remix_userroot.o(.text)
    NMI_Handler                              0x080020c5   Thumb Code     2  stm32f10x_it.o(.text)
    HardFault_Handler                        0x080020c7   Thumb Code     4  stm32f10x_it.o(.text)
    MemManage_Handler                        0x080020cb   Thumb Code     4  stm32f10x_it.o(.text)
    BusFault_Handler                         0x080020cf   Thumb Code     4  stm32f10x_it.o(.text)
    UsageFault_Handler                       0x080020d3   Thumb Code     4  stm32f10x_it.o(.text)
    SVC_Handler                              0x080020d7   Thumb Code    20  stm32f10x_it.o(.text)
    DebugMon_Handler                         0x080020eb   Thumb Code     2  stm32f10x_it.o(.text)
    PendSV_Handler                           0x080020ed   Thumb Code     2  stm32f10x_it.o(.text)
    SysTick_Handler                          0x080020ef   Thumb Code     8  stm32f10x_it.o(.text)
    SystemInit                               0x080021d9   Thumb Code    78  system_stm32f10x.o(.text)
    SystemCoreClockUpdate                    0x08002227   Thumb Code   142  system_stm32f10x.o(.text)
    TEST_TaskRun                             0x080022d9   Thumb Code    12  test.o(.text)
    TEST_TestTask1                           0x080022e5   Thumb Code   156  test.o(.text)
    TEST_Fibonacci                           0x08002381   Thumb Code    54  test.o(.text)
    TEST_TestTask2                           0x080023b7   Thumb Code   222  test.o(.text)
    TEST_TestTask3                           0x08002495   Thumb Code   222  test.o(.text)
    TEST_SerialPrintTask                     0x08002573   Thumb Code    42  test.o(.text)
    TEST_TaskCreatePrint                     0x0800259d   Thumb Code    42  test.o(.text)
    TEST_PrintCpuUtilize                     0x080025c7   Thumb Code    74  test.o(.text)
    TEST_TaskSwitchPrint                     0x08002611   Thumb Code  1010  test.o(.text)
    TEST_TaskDeletePrint                     0x08002a03   Thumb Code    22  test.o(.text)
    GPIO_DeInit                              0x08002a8d   Thumb Code   172  stm32f10x_gpio.o(.text)
    GPIO_AFIODeInit                          0x08002b39   Thumb Code    20  stm32f10x_gpio.o(.text)
    GPIO_Init                                0x08002b4d   Thumb Code   274  stm32f10x_gpio.o(.text)
    GPIO_StructInit                          0x08002c5f   Thumb Code    16  stm32f10x_gpio.o(.text)
    GPIO_ReadInputDataBit                    0x08002c6f   Thumb Code    18  stm32f10x_gpio.o(.text)
    GPIO_ReadInputData                       0x08002c81   Thumb Code     8  stm32f10x_gpio.o(.text)
    GPIO_ReadOutputDataBit                   0x08002c89   Thumb Code    18  stm32f10x_gpio.o(.text)
    GPIO_ReadOutputData                      0x08002c9b   Thumb Code     8  stm32f10x_gpio.o(.text)
    GPIO_SetBits                             0x08002ca3   Thumb Code     4  stm32f10x_gpio.o(.text)
    GPIO_ResetBits                           0x08002ca7   Thumb Code     4  stm32f10x_gpio.o(.text)
    GPIO_WriteBit                            0x08002cab   Thumb Code    10  stm32f10x_gpio.o(.text)
    GPIO_Write                               0x08002cb5   Thumb Code     4  stm32f10x_gpio.o(.text)
    GPIO_PinLockConfig                       0x08002cb9   Thumb Code    18  stm32f10x_gpio.o(.text)
    GPIO_EventOutputConfig                   0x08002ccb   Thumb Code    26  stm32f10x_gpio.o(.text)
    GPIO_EventOutputCmd                      0x08002ce5   Thumb Code     6  stm32f10x_gpio.o(.text)
    GPIO_PinRemapConfig                      0x08002ceb   Thumb Code   138  stm32f10x_gpio.o(.text)
    GPIO_EXTILineConfig                      0x08002d75   Thumb Code    66  stm32f10x_gpio.o(.text)
    GPIO_ETH_MediaInterfaceConfig            0x08002db7   Thumb Code     6  stm32f10x_gpio.o(.text)
    RCC_DeInit                               0x08002de5   Thumb Code    64  stm32f10x_rcc.o(.text)
    RCC_HSEConfig                            0x08002e25   Thumb Code    70  stm32f10x_rcc.o(.text)
    RCC_GetFlagStatus                        0x08002e6b   Thumb Code    56  stm32f10x_rcc.o(.text)
    RCC_WaitForHSEStartUp                    0x08002ea3   Thumb Code    56  stm32f10x_rcc.o(.text)
    RCC_AdjustHSICalibrationValue            0x08002edb   Thumb Code    20  stm32f10x_rcc.o(.text)
    RCC_HSICmd                               0x08002eef   Thumb Code     6  stm32f10x_rcc.o(.text)
    RCC_PLLConfig                            0x08002ef5   Thumb Code    24  stm32f10x_rcc.o(.text)
    RCC_PLLCmd                               0x08002f0d   Thumb Code     6  stm32f10x_rcc.o(.text)
    RCC_SYSCLKConfig                         0x08002f13   Thumb Code    18  stm32f10x_rcc.o(.text)
    RCC_GetSYSCLKSource                      0x08002f25   Thumb Code    10  stm32f10x_rcc.o(.text)
    RCC_HCLKConfig                           0x08002f2f   Thumb Code    18  stm32f10x_rcc.o(.text)
    RCC_PCLK1Config                          0x08002f41   Thumb Code    18  stm32f10x_rcc.o(.text)
    RCC_PCLK2Config                          0x08002f53   Thumb Code    20  stm32f10x_rcc.o(.text)
    RCC_ITConfig                             0x08002f67   Thumb Code    26  stm32f10x_rcc.o(.text)
    RCC_USBCLKConfig                         0x08002f81   Thumb Code     6  stm32f10x_rcc.o(.text)
    RCC_ADCCLKConfig                         0x08002f87   Thumb Code    18  stm32f10x_rcc.o(.text)
    RCC_LSEConfig                            0x08002f99   Thumb Code    44  stm32f10x_rcc.o(.text)
    RCC_LSICmd                               0x08002fc5   Thumb Code     6  stm32f10x_rcc.o(.text)
    RCC_RTCCLKConfig                         0x08002fcb   Thumb Code    12  stm32f10x_rcc.o(.text)
    RCC_RTCCLKCmd                            0x08002fd7   Thumb Code     8  stm32f10x_rcc.o(.text)
    RCC_GetClocksFreq                        0x08002fdf   Thumb Code   192  stm32f10x_rcc.o(.text)
    RCC_AHBPeriphClockCmd                    0x0800309f   Thumb Code    26  stm32f10x_rcc.o(.text)
    RCC_APB2PeriphClockCmd                   0x080030b9   Thumb Code    26  stm32f10x_rcc.o(.text)
    RCC_APB1PeriphClockCmd                   0x080030d3   Thumb Code    26  stm32f10x_rcc.o(.text)
    RCC_APB2PeriphResetCmd                   0x080030ed   Thumb Code    26  stm32f10x_rcc.o(.text)
    RCC_APB1PeriphResetCmd                   0x08003107   Thumb Code    26  stm32f10x_rcc.o(.text)
    RCC_BackupResetCmd                       0x08003121   Thumb Code     8  stm32f10x_rcc.o(.text)
    RCC_ClockSecuritySystemCmd               0x08003129   Thumb Code     6  stm32f10x_rcc.o(.text)
    RCC_MCOConfig                            0x0800312f   Thumb Code     6  stm32f10x_rcc.o(.text)
    RCC_ClearFlag                            0x08003135   Thumb Code    14  stm32f10x_rcc.o(.text)
    RCC_GetITStatus                          0x08003143   Thumb Code    20  stm32f10x_rcc.o(.text)
    RCC_ClearITPendingBit                    0x08003157   Thumb Code     6  stm32f10x_rcc.o(.text)
    USART_DeInit                             0x08003189   Thumb Code   134  stm32f10x_usart.o(.text)
    USART_Init                               0x0800320f   Thumb Code   210  stm32f10x_usart.o(.text)
    USART_StructInit                         0x080032e1   Thumb Code    24  stm32f10x_usart.o(.text)
    USART_ClockInit                          0x080032f9   Thumb Code    34  stm32f10x_usart.o(.text)
    USART_ClockStructInit                    0x0800331b   Thumb Code    12  stm32f10x_usart.o(.text)
    USART_Cmd                                0x08003327   Thumb Code    24  stm32f10x_usart.o(.text)
    USART_ITConfig                           0x0800333f   Thumb Code    74  stm32f10x_usart.o(.text)
    USART_DMACmd                             0x08003389   Thumb Code    18  stm32f10x_usart.o(.text)
    USART_SetAddress                         0x0800339b   Thumb Code    18  stm32f10x_usart.o(.text)
    USART_WakeUpConfig                       0x080033ad   Thumb Code    18  stm32f10x_usart.o(.text)
    USART_ReceiverWakeUpCmd                  0x080033bf   Thumb Code    24  stm32f10x_usart.o(.text)
    USART_LINBreakDetectLengthConfig         0x080033d7   Thumb Code    18  stm32f10x_usart.o(.text)
    USART_LINCmd                             0x080033e9   Thumb Code    24  stm32f10x_usart.o(.text)
    USART_SendData                           0x08003401   Thumb Code     8  stm32f10x_usart.o(.text)
    USART_ReceiveData                        0x08003409   Thumb Code    10  stm32f10x_usart.o(.text)
    USART_SendBreak                          0x08003413   Thumb Code    10  stm32f10x_usart.o(.text)
    USART_SetGuardTime                       0x0800341d   Thumb Code    16  stm32f10x_usart.o(.text)
    USART_SetPrescaler                       0x0800342d   Thumb Code    16  stm32f10x_usart.o(.text)
    USART_SmartCardCmd                       0x0800343d   Thumb Code    24  stm32f10x_usart.o(.text)
    USART_SmartCardNACKCmd                   0x08003455   Thumb Code    24  stm32f10x_usart.o(.text)
    USART_HalfDuplexCmd                      0x0800346d   Thumb Code    24  stm32f10x_usart.o(.text)
    USART_OverSampling8Cmd                   0x08003485   Thumb Code    22  stm32f10x_usart.o(.text)
    USART_OneBitMethodCmd                    0x0800349b   Thumb Code    24  stm32f10x_usart.o(.text)
    USART_IrDAConfig                         0x080034b3   Thumb Code    18  stm32f10x_usart.o(.text)
    USART_IrDACmd                            0x080034c5   Thumb Code    24  stm32f10x_usart.o(.text)
    USART_GetFlagStatus                      0x080034dd   Thumb Code    26  stm32f10x_usart.o(.text)
    USART_ClearFlag                          0x080034f7   Thumb Code    18  stm32f10x_usart.o(.text)
    USART_GetITStatus                        0x08003509   Thumb Code    84  stm32f10x_usart.o(.text)
    USART_ClearITPendingBit                  0x0800355d   Thumb Code    52  stm32f10x_usart.o(.text)
    Reset_Handler                            0x08003591   Thumb Code     8  startup_stm32f10x_hd.o(.text)
    ADC1_2_IRQHandler                        0x080035ab   Thumb Code     0  startup_stm32f10x_hd.o(.text)
    ADC3_IRQHandler                          0x080035ab   Thumb Code     0  startup_stm32f10x_hd.o(.text)
    CAN1_RX1_IRQHandler                      0x080035ab   Thumb Code     0  startup_stm32f10x_hd.o(.text)
    CAN1_SCE_IRQHandler                      0x080035ab   Thumb Code     0  startup_stm32f10x_hd.o(.text)
    DMA1_Channel1_IRQHandler                 0x080035ab   Thumb Code     0  startup_stm32f10x_hd.o(.text)
    DMA1_Channel2_IRQHandler                 0x080035ab   Thumb Code     0  startup_stm32f10x_hd.o(.text)
    DMA1_Channel3_IRQHandler                 0x080035ab   Thumb Code     0  startup_stm32f10x_hd.o(.text)
    DMA1_Channel4_IRQHandler                 0x080035ab   Thumb Code     0  startup_stm32f10x_hd.o(.text)
    DMA1_Channel5_IRQHandler                 0x080035ab   Thumb Code     0  startup_stm32f10x_hd.o(.text)
    DMA1_Channel6_IRQHandler                 0x080035ab   Thumb Code     0  startup_stm32f10x_hd.o(.text)
    DMA1_Channel7_IRQHandler                 0x080035ab   Thumb Code     0  startup_stm32f10x_hd.o(.text)
    DMA2_Channel1_IRQHandler                 0x080035ab   Thumb Code     0  startup_stm32f10x_hd.o(.text)
    DMA2_Channel2_IRQHandler                 0x080035ab   Thumb Code     0  startup_stm32f10x_hd.o(.text)
    DMA2_Channel3_IRQHandler                 0x080035ab   Thumb Code     0  startup_stm32f10x_hd.o(.text)
    DMA2_Channel4_5_IRQHandler               0x080035ab   Thumb Code     0  startup_stm32f10x_hd.o(.text)
    EXTI0_IRQHandler                         0x080035ab   Thumb Code     0  startup_stm32f10x_hd.o(.text)
    EXTI15_10_IRQHandler                     0x080035ab   Thumb Code     0  startup_stm32f10x_hd.o(.text)
    EXTI1_IRQHandler                         0x080035ab   Thumb Code     0  startup_stm32f10x_hd.o(.text)
    EXTI2_IRQHandler                         0x080035ab   Thumb Code     0  startup_stm32f10x_hd.o(.text)
    EXTI3_IRQHandler                         0x080035ab   Thumb Code     0  startup_stm32f10x_hd.o(.text)
    EXTI4_IRQHandler                         0x080035ab   Thumb Code     0  startup_stm32f10x_hd.o(.text)
    EXTI9_5_IRQHandler                       0x080035ab   Thumb Code     0  startup_stm32f10x_hd.o(.text)
    FLASH_IRQHandler                         0x080035ab   Thumb Code     0  startup_stm32f10x_hd.o(.text)
    FSMC_IRQHandler                          0x080035ab   Thumb Code     0  startup_stm32f10x_hd.o(.text)
    I2C1_ER_IRQHandler                       0x080035ab   Thumb Code     0  startup_stm32f10x_hd.o(.text)
    I2C1_EV_IRQHandler                       0x080035ab   Thumb Code     0  startup_stm32f10x_hd.o(.text)
    I2C2_ER_IRQHandler                       0x080035ab   Thumb Code     0  startup_stm32f10x_hd.o(.text)
    I2C2_EV_IRQHandler                       0x080035ab   Thumb Code     0  startup_stm32f10x_hd.o(.text)
    PVD_IRQHandler                           0x080035ab   Thumb Code     0  startup_stm32f10x_hd.o(.text)
    RCC_IRQHandler                           0x080035ab   Thumb Code     0  startup_stm32f10x_hd.o(.text)
    RTCAlarm_IRQHandler                      0x080035ab   Thumb Code     0  startup_stm32f10x_hd.o(.text)
    RTC_IRQHandler                           0x080035ab   Thumb Code     0  startup_stm32f10x_hd.o(.text)
    SDIO_IRQHandler                          0x080035ab   Thumb Code     0  startup_stm32f10x_hd.o(.text)
    SPI1_IRQHandler                          0x080035ab   Thumb Code     0  startup_stm32f10x_hd.o(.text)
    SPI2_IRQHandler                          0x080035ab   Thumb Code     0  startup_stm32f10x_hd.o(.text)
    SPI3_IRQHandler                          0x080035ab   Thumb Code     0  startup_stm32f10x_hd.o(.text)
    TAMPER_IRQHandler                        0x080035ab   Thumb Code     0  startup_stm32f10x_hd.o(.text)
    TIM1_BRK_IRQHandler                      0x080035ab   Thumb Code     0  startup_stm32f10x_hd.o(.text)
    TIM1_CC_IRQHandler                       0x080035ab   Thumb Code     0  startup_stm32f10x_hd.o(.text)
    TIM1_TRG_COM_IRQHandler                  0x080035ab   Thumb Code     0  startup_stm32f10x_hd.o(.text)
    TIM1_UP_IRQHandler                       0x080035ab   Thumb Code     0  startup_stm32f10x_hd.o(.text)
    TIM2_IRQHandler                          0x080035ab   Thumb Code     0  startup_stm32f10x_hd.o(.text)
    TIM3_IRQHandler                          0x080035ab   Thumb Code     0  startup_stm32f10x_hd.o(.text)
    TIM4_IRQHandler                          0x080035ab   Thumb Code     0  startup_stm32f10x_hd.o(.text)
    TIM5_IRQHandler                          0x080035ab   Thumb Code     0  startup_stm32f10x_hd.o(.text)
    TIM6_IRQHandler                          0x080035ab   Thumb Code     0  startup_stm32f10x_hd.o(.text)
    TIM7_IRQHandler                          0x080035ab   Thumb Code     0  startup_stm32f10x_hd.o(.text)
    TIM8_BRK_IRQHandler                      0x080035ab   Thumb Code     0  startup_stm32f10x_hd.o(.text)
    TIM8_CC_IRQHandler                       0x080035ab   Thumb Code     0  startup_stm32f10x_hd.o(.text)
    TIM8_TRG_COM_IRQHandler                  0x080035ab   Thumb Code     0  startup_stm32f10x_hd.o(.text)
    TIM8_UP_IRQHandler                       0x080035ab   Thumb Code     0  startup_stm32f10x_hd.o(.text)
    UART4_IRQHandler                         0x080035ab   Thumb Code     0  startup_stm32f10x_hd.o(.text)
    UART5_IRQHandler                         0x080035ab   Thumb Code     0  startup_stm32f10x_hd.o(.text)
    USART1_IRQHandler                        0x080035ab   Thumb Code     0  startup_stm32f10x_hd.o(.text)
    USART2_IRQHandler                        0x080035ab   Thumb Code     0  startup_stm32f10x_hd.o(.text)
    USART3_IRQHandler                        0x080035ab   Thumb Code     0  startup_stm32f10x_hd.o(.text)
    USBWakeUp_IRQHandler                     0x080035ab   Thumb Code     0  startup_stm32f10x_hd.o(.text)
    USB_HP_CAN1_TX_IRQHandler                0x080035ab   Thumb Code     0  startup_stm32f10x_hd.o(.text)
    USB_LP_CAN1_RX0_IRQHandler               0x080035ab   Thumb Code     0  startup_stm32f10x_hd.o(.text)
    WWDG_IRQHandler                          0x080035ab   Thumb Code     0  startup_stm32f10x_hd.o(.text)
    __user_initial_stackheap                 0x080035ad   Thumb Code     0  startup_stm32f10x_hd.o(.text)
    malloc                                   0x080035d1   Thumb Code    94  h1_alloc.o(.text)
    free                                     0x0800362f   Thumb Code    78  h1_free.o(.text)
    __c89vsprintf                            0x0800367d   Thumb Code    32  c89vsprintf.o(.text)
    strlen                                   0x080036a1   Thumb Code    62  strlen.o(.text)
    __use_two_region_memory                  0x080036df   Thumb Code     2  heapauxi.o(.text)
    __rt_heap_escrow                         0x080036e1   Thumb Code     2  heapauxi.o(.text)
    __rt_heap_expand                         0x080036e3   Thumb Code     2  heapauxi.o(.text)
    __rt_heap_descriptor                     0x080036e5   Thumb Code     8  rt_heap_descriptor_intlibspace.o(.text)
    __use_no_heap                            0x080036ed   Thumb Code     2  hguard.o(.text)
    __heap$guard                             0x080036ef   Thumb Code     2  hguard.o(.text)
    _terminate_user_alloc                    0x080036f1   Thumb Code     2  init_alloc.o(.text)
    _init_user_alloc                         0x080036f3   Thumb Code     2  init_alloc.o(.text)
    __Heap_Full                              0x080036f5   Thumb Code    34  init_alloc.o(.text)
    __Heap_Broken                            0x08003717   Thumb Code     6  init_alloc.o(.text)
    _init_alloc                              0x0800371d   Thumb Code    94  init_alloc.o(.text)
    __Heap_Initialize                        0x0800377b   Thumb Code    10  h1_init.o(.text)
    __Heap_DescSize                          0x08003785   Thumb Code     4  h1_init.o(.text)
    _printf_pre_padding                      0x08003789   Thumb Code    46  _printf_pad.o(.text)
    _printf_post_padding                     0x080037b7   Thumb Code    36  _printf_pad.o(.text)
    _printf_truncate_signed                  0x080037db   Thumb Code    18  _printf_truncate.o(.text)
    _printf_truncate_unsigned                0x080037ed   Thumb Code    18  _printf_truncate.o(.text)
    _printf_str                              0x080037ff   Thumb Code    82  _printf_str.o(.text)
    _printf_int_dec                          0x08003851   Thumb Code   102  _printf_dec.o(.text)
    _printf_charcount                        0x080038c9   Thumb Code    42  _printf_charcount.o(.text)
    _printf_char_common                      0x080038ff   Thumb Code    32  _printf_char_common.o(.text)
    _sputc                                   0x08003925   Thumb Code    10  _sputc.o(.text)
    _printf_wctomb                           0x08003931   Thumb Code   182  _printf_wctomb.o(.text)
    _printf_longlong_dec                     0x080039ed   Thumb Code   104  _printf_longlong_dec.o(.text)
    _printf_longlong_oct                     0x08003a65   Thumb Code    76  _printf_oct_int_ll.o(.text)
    _printf_int_oct                          0x08003ab1   Thumb Code    24  _printf_oct_int_ll.o(.text)
    _printf_ll_oct                           0x08003ac9   Thumb Code    12  _printf_oct_int_ll.o(.text)
    _printf_longlong_hex                     0x08003add   Thumb Code    92  _printf_hex_int_ll_ptr.o(.text)
    _printf_int_hex                          0x08003b39   Thumb Code    28  _printf_hex_int_ll_ptr.o(.text)
    _printf_ll_hex                           0x08003b55   Thumb Code    12  _printf_hex_int_ll_ptr.o(.text)
    _printf_hex_ptr                          0x08003b61   Thumb Code    18  _printf_hex_int_ll_ptr.o(.text)
    __printf                                 0x08003b79   Thumb Code   390  __printf_flags_ss_wp.o(.text)
    __user_libspace                          0x08003d05   Thumb Code     8  libspace.o(.text)
    __user_perproc_libspace                  0x08003d05   Thumb Code     0  libspace.o(.text)
    __user_perthread_libspace                0x08003d05   Thumb Code     0  libspace.o(.text)
    __Heap_ProvideMemory                     0x08003d0d   Thumb Code    52  h1_extend.o(.text)
    _ll_udiv10                               0x08003d41   Thumb Code   138  lludiv10.o(.text)
    _printf_int_common                       0x08003dcb   Thumb Code   184  _printf_intcommon.o(.text)
    __lib_sel_fp_printf                      0x08003e83   Thumb Code     2  _printf_fp_dec.o(.text)
    _printf_fp_dec_real                      0x0800402f   Thumb Code   628  _printf_fp_dec.o(.text)
    _printf_cs_common                        0x080042a3   Thumb Code    20  _printf_char.o(.text)
    _printf_char                             0x080042b7   Thumb Code    16  _printf_char.o(.text)
    _printf_string                           0x080042c7   Thumb Code     8  _printf_char.o(.text)
    _printf_lcs_common                       0x080042cf   Thumb Code    20  _printf_wchar.o(.text)
    _printf_wchar                            0x080042e3   Thumb Code    16  _printf_wchar.o(.text)
    _printf_wstring                          0x080042f3   Thumb Code     8  _printf_wchar.o(.text)
    _wcrtomb                                 0x080042fb   Thumb Code    64  _wcrtomb.o(.text)
    __rt_SIGRTMEM                            0x0800433b   Thumb Code    14  defsig_rtmem_outer.o(.text)
    __I$use$semihosting                      0x08004349   Thumb Code     0  use_no_semi.o(.text)
    __use_no_semihosting_swi                 0x08004349   Thumb Code     2  use_no_semi.o(.text)
    __semihosting_library_function           0x0800434b   Thumb Code     0  indicate_semi.o(.text)
    __user_setup_stackheap                   0x0800434b   Thumb Code    74  sys_stackheap_outer.o(.text)
    __rt_ctype_table                         0x08004395   Thumb Code    16  rt_ctype_table.o(.text)
    __rt_locale                              0x080043a5   Thumb Code     8  rt_locale_intlibspace.o(.text)
    _printf_fp_infnan                        0x080043ad   Thumb Code   112  _printf_fp_infnan.o(.text)
    _btod_etento                             0x0800442d   Thumb Code   222  bigflt0.o(.text)
    exit                                     0x08004511   Thumb Code    12  exit.o(.text)
    __sig_exit                               0x0800451d   Thumb Code    10  defsig_exit.o(.text)
    __rt_SIGRTMEM_inner                      0x08004529   Thumb Code    22  defsig_rtmem_inner.o(.text)
    _sys_exit                                0x08004579   Thumb Code     8  sys_exit.o(.text)
    __default_signal_display                 0x08004585   Thumb Code    50  defsig_general.o(.text)
    strcmp                                   0x080045b9   Thumb Code   128  strcmpv7m.o(.text)
    _ttywrch                                 0x08004639   Thumb Code    14  sys_wrch.o(.text)
    _btod_d2e                                0x08004647   Thumb Code    62  btod.o(CL$$btod_d2e)
    _d2e_denorm_low                          0x08004685   Thumb Code    70  btod.o(CL$$btod_d2e_denorm_low)
    _d2e_norm_op1                            0x080046cb   Thumb Code    96  btod.o(CL$$btod_d2e_norm_op1)
    __btod_div_common                        0x0800472b   Thumb Code   696  btod.o(CL$$btod_div_common)
    _e2e                                     0x08004a63   Thumb Code   198  btod.o(CL$$btod_e2e)
    _btod_ediv                               0x08004b29   Thumb Code    40  btod.o(CL$$btod_ediv)
    _btod_emul                               0x08004b51   Thumb Code    40  btod.o(CL$$btod_emul)
    __btod_mult_common                       0x08004b79   Thumb Code   580  btod.o(CL$$btod_mult_common)
    REMIX_PendSvContextSwitch                0x08004dbd   Thumb Code     0  remix_core_a.o(REMIX_CORE)
    REMIX_SwitchToTask                       0x08004e1d   Thumb Code     0  remix_core_a.o(REMIX_CORE)
    REMIX_TaskOccurSwi                       0x08004e43   Thumb Code     0  remix_core_a.o(REMIX_CORE)
    REMIX_GetXpsr                            0x08004e47   Thumb Code     0  remix_core_a.o(REMIX_CORE)
    REMIX_FaultIsrContext                    0x08004e4d   Thumb Code     0  remix_core_a.o(REMIX_CORE)
    __ARM_fpclassify                         0x08004e99   Thumb Code    40  fpclassify.o(i.__ARM_fpclassify)
    _is_digit                                0x08004ec1   Thumb Code    14  __printf_wp.o(i._is_digit)
    _get_lc_numeric                          0x08004ed1   Thumb Code    44  lc_numeric_c.o(locale$$code)
    _get_lc_ctype                            0x08004efd   Thumb Code    44  lc_ctype_c.o(locale$$code)
    _printf_fp_dec                           0x08004f29   Thumb Code     4  printf1.o(x$fpl$printf1)
    __I$use$fp                               0x08004f2c   Number         0  usenofp.o(x$fpl$usenofp)
    caucTaskPrioUnmapTab                     0x08004f2c   Data         256  remix_core.o(.constdata)
    Region$$Table$$Base                      0x08005104   Number         0  anon$$obj.o(Region$$Table)
    Region$$Table$$Limit                     0x08005124   Number         0  anon$$obj.o(Region$$Table)
    __ctype                                  0x0800514d   Data           0  lc_ctype_c.o(locale$$data)
    DEV_DelayMs                              0x08039005   Thumb Code    26  unoptimize.o(.text)
    guiSystemStatus                          0x20000000   Data           4  remix_core.o(.data)
    gstrDelayTab                             0x20000004   Data           8  remix_core.o(.data)
    guiTick                                  0x2000000c   Data           4  remix_core.o(.data)
    gucTickSched                             0x20000010   Data           1  remix_core.o(.data)
    gpstrCurTaskReg                          0x20000014   Data           4  remix_core.o(.data)
    gpstrNextTaskReg                         0x20000018   Data           4  remix_core.o(.data)
    gpstrCurTcb                              0x2000001c   Data           4  remix_core.o(.data)
    gpstrRootTaskTcb                         0x20000020   Data           4  remix_core.o(.data)
    gpstrIdleTaskTcb                         0x20000024   Data           4  remix_core.o(.data)
    guiUser                                  0x20000028   Data           4  remix_core.o(.data)
    guiIntLockCounter                        0x2000002c   Data           4  remix_cpu.o(.data)
    gpstrContext                             0x20000034   Data           4  remix_debug.o(.data)
    guiCpuSharePeriod                        0x20000038   Data           4  remix_debug.o(.data)
    gstrTaskList                             0x2000003c   Data           8  remix_task.o(.data)
    guiTimeSlice                             0x20000044   Data           4  remix_task.o(.data)
    gvfTaskCreateHook                        0x20000048   Data           4  remix_task.o(.data)
    gvfTaskSwitchHook                        0x2000004c   Data           4  remix_task.o(.data)
    gvfTaskDeleteHook                        0x20000050   Data           4  remix_task.o(.data)
    SystemCoreClock                          0x20000054   Data           4  system_stm32f10x.o(.data)
    AHBPrescTable                            0x20000058   Data          16  system_stm32f10x.o(.data)
    gpstrSerialMsgQue                        0x2000006c   Data           4  test.o(.data)
    gpstrSerialTaskTcb                       0x20000070   Data           4  test.o(.data)
    gpstrSemMut                              0x20000074   Data           4  test.o(.data)
    number                                   0x20000078   Data           4  test.o(.data)
    gstrReadyTab                             0x20000090   Data          68  remix_core.o(.bss)
    gauiSliceCnt                             0x200000d4   Data          32  remix_task.o(.bss)
    gstrBufPool                              0x200000f4   Data       11208  device.o(.bss)
    __libspace_start                         0x20002cbc   Data          96  libspace.o(.bss)
    __temporary_stack_top$libspace           0x20002d1c   Data           0  libspace.o(.bss)



==============================================================================

Memory Map of the image

  Image Entry point : 0x08000131

  Load Region LR_IROM1 (Base: 0x08000000, Size: 0x000052e0, Max: 0x00039000, ABSOLUTE)

    Execution Region ER_IROM1 (Base: 0x08000000, Size: 0x00005250, Max: 0x00039000, ABSOLUTE)

    Base Addr    Size         Type   Attr      Idx    E Section Name        Object

    0x08000000   0x00000130   Data   RO          705    RESET               startup_stm32f10x_hd.o
    0x08000130   0x00000008   Code   RO          780  * !!!main             c_w.l(__main.o)
    0x08000138   0x00000034   Code   RO         1135    !!!scatter          c_w.l(__scatter.o)
    0x0800016c   0x0000001a   Code   RO         1137    !!handler_copy      c_w.l(__scatter_copy.o)
    0x08000186   0x00000002   PAD
    0x08000188   0x0000001c   Code   RO         1139    !!handler_zi        c_w.l(__scatter_zi.o)
    0x080001a4   0x00000000   Code   RO          891    .ARM.Collect$$_printf_percent$$00000000  c_w.l(_printf_percent.o)
    0x080001a4   0x00000006   Code   RO          880    .ARM.Collect$$_printf_percent$$00000001  c_w.l(_printf_n.o)
    0x080001aa   0x00000006   Code   RO          882    .ARM.Collect$$_printf_percent$$00000002  c_w.l(_printf_p.o)
    0x080001b0   0x00000006   Code   RO          887    .ARM.Collect$$_printf_percent$$00000003  c_w.l(_printf_f.o)
    0x080001b6   0x00000006   Code   RO          888    .ARM.Collect$$_printf_percent$$00000004  c_w.l(_printf_e.o)
    0x080001bc   0x00000006   Code   RO          889    .ARM.Collect$$_printf_percent$$00000005  c_w.l(_printf_g.o)
    0x080001c2   0x00000006   Code   RO          890    .ARM.Collect$$_printf_percent$$00000006  c_w.l(_printf_a.o)
    0x080001c8   0x0000000a   Code   RO          895    .ARM.Collect$$_printf_percent$$00000007  c_w.l(_printf_ll.o)
    0x080001d2   0x00000006   Code   RO          884    .ARM.Collect$$_printf_percent$$00000008  c_w.l(_printf_i.o)
    0x080001d8   0x00000006   Code   RO          885    .ARM.Collect$$_printf_percent$$00000009  c_w.l(_printf_d.o)
    0x080001de   0x00000006   Code   RO          886    .ARM.Collect$$_printf_percent$$0000000A  c_w.l(_printf_u.o)
    0x080001e4   0x00000006   Code   RO          883    .ARM.Collect$$_printf_percent$$0000000B  c_w.l(_printf_o.o)
    0x080001ea   0x00000006   Code   RO          881    .ARM.Collect$$_printf_percent$$0000000C  c_w.l(_printf_x.o)
    0x080001f0   0x00000006   Code   RO          892    .ARM.Collect$$_printf_percent$$0000000D  c_w.l(_printf_lli.o)
    0x080001f6   0x00000006   Code   RO          893    .ARM.Collect$$_printf_percent$$0000000E  c_w.l(_printf_lld.o)
    0x080001fc   0x00000006   Code   RO          894    .ARM.Collect$$_printf_percent$$0000000F  c_w.l(_printf_llu.o)
    0x08000202   0x00000006   Code   RO          899    .ARM.Collect$$_printf_percent$$00000010  c_w.l(_printf_llo.o)
    0x08000208   0x00000006   Code   RO          900    .ARM.Collect$$_printf_percent$$00000011  c_w.l(_printf_llx.o)
    0x0800020e   0x0000000a   Code   RO          896    .ARM.Collect$$_printf_percent$$00000012  c_w.l(_printf_l.o)
    0x08000218   0x00000006   Code   RO          878    .ARM.Collect$$_printf_percent$$00000013  c_w.l(_printf_c.o)
    0x0800021e   0x00000006   Code   RO          879    .ARM.Collect$$_printf_percent$$00000014  c_w.l(_printf_s.o)
    0x08000224   0x00000006   Code   RO          897    .ARM.Collect$$_printf_percent$$00000015  c_w.l(_printf_lc.o)
    0x0800022a   0x00000006   Code   RO          898    .ARM.Collect$$_printf_percent$$00000016  c_w.l(_printf_ls.o)
    0x08000230   0x00000004   Code   RO          990    .ARM.Collect$$_printf_percent$$00000017  c_w.l(_printf_percent_end.o)
    0x08000234   0x00000002   Code   RO         1065    .ARM.Collect$$libinit$$00000000  c_w.l(libinit.o)
    0x08000236   0x00000000   Code   RO          906    .ARM.Collect$$libinit$$00000002  c_w.l(libinit2.o)
    0x08000236   0x00000008   Code   RO          907    .ARM.Collect$$libinit$$00000003  c_w.l(libinit2.o)
    0x0800023e   0x00000000   Code   RO          909    .ARM.Collect$$libinit$$00000008  c_w.l(libinit2.o)
    0x0800023e   0x00000000   Code   RO          911    .ARM.Collect$$libinit$$0000000A  c_w.l(libinit2.o)
    0x0800023e   0x00000000   Code   RO          913    .ARM.Collect$$libinit$$0000000C  c_w.l(libinit2.o)
    0x0800023e   0x00000006   Code   RO          914    .ARM.Collect$$libinit$$0000000D  c_w.l(libinit2.o)
    0x08000244   0x00000000   Code   RO          916    .ARM.Collect$$libinit$$0000000F  c_w.l(libinit2.o)
    0x08000244   0x0000000c   Code   RO          917    .ARM.Collect$$libinit$$00000010  c_w.l(libinit2.o)
    0x08000250   0x00000000   Code   RO          918    .ARM.Collect$$libinit$$00000011  c_w.l(libinit2.o)
    0x08000250   0x00000000   Code   RO          920    .ARM.Collect$$libinit$$00000013  c_w.l(libinit2.o)
    0x08000250   0x0000000a   Code   RO          921    .ARM.Collect$$libinit$$00000014  c_w.l(libinit2.o)
    0x0800025a   0x00000000   Code   RO          922    .ARM.Collect$$libinit$$00000015  c_w.l(libinit2.o)
    0x0800025a   0x00000000   Code   RO          924    .ARM.Collect$$libinit$$00000017  c_w.l(libinit2.o)
    0x0800025a   0x00000000   Code   RO          926    .ARM.Collect$$libinit$$00000019  c_w.l(libinit2.o)
    0x0800025a   0x00000000   Code   RO          928    .ARM.Collect$$libinit$$0000001B  c_w.l(libinit2.o)
    0x0800025a   0x00000000   Code   RO          930    .ARM.Collect$$libinit$$0000001D  c_w.l(libinit2.o)
    0x0800025a   0x00000000   Code   RO          932    .ARM.Collect$$libinit$$0000001F  c_w.l(libinit2.o)
    0x0800025a   0x00000000   Code   RO          934    .ARM.Collect$$libinit$$00000021  c_w.l(libinit2.o)
    0x0800025a   0x00000000   Code   RO          936    .ARM.Collect$$libinit$$00000023  c_w.l(libinit2.o)
    0x0800025a   0x00000000   Code   RO          940    .ARM.Collect$$libinit$$0000002A  c_w.l(libinit2.o)
    0x0800025a   0x00000000   Code   RO          942    .ARM.Collect$$libinit$$0000002C  c_w.l(libinit2.o)
    0x0800025a   0x00000000   Code   RO          944    .ARM.Collect$$libinit$$0000002E  c_w.l(libinit2.o)
    0x0800025a   0x00000000   Code   RO          946    .ARM.Collect$$libinit$$00000030  c_w.l(libinit2.o)
    0x0800025a   0x00000002   Code   RO          947    .ARM.Collect$$libinit$$00000031  c_w.l(libinit2.o)
    0x0800025c   0x00000002   Code   RO         1132    .ARM.Collect$$libshutdown$$00000000  c_w.l(libshutdown.o)
    0x0800025e   0x00000000   Code   RO         1090    .ARM.Collect$$libshutdown$$00000003  c_w.l(libshutdown2.o)
    0x0800025e   0x00000000   Code   RO         1093    .ARM.Collect$$libshutdown$$00000006  c_w.l(libshutdown2.o)
    0x0800025e   0x00000000   Code   RO         1096    .ARM.Collect$$libshutdown$$00000009  c_w.l(libshutdown2.o)
    0x0800025e   0x00000000   Code   RO         1098    .ARM.Collect$$libshutdown$$0000000B  c_w.l(libshutdown2.o)
    0x0800025e   0x00000000   Code   RO         1101    .ARM.Collect$$libshutdown$$0000000E  c_w.l(libshutdown2.o)
    0x0800025e   0x00000002   Code   RO         1102    .ARM.Collect$$libshutdown$$0000000F  c_w.l(libshutdown2.o)
    0x08000260   0x00000000   Code   RO          784    .ARM.Collect$$rtentry$$00000000  c_w.l(rtentry.o)
    0x08000260   0x00000000   Code   RO          956    .ARM.Collect$$rtentry$$00000002  c_w.l(rtentry2.o)
    0x08000260   0x00000006   Code   RO          968    .ARM.Collect$$rtentry$$00000004  c_w.l(rtentry4.o)
    0x08000266   0x00000000   Code   RO          958    .ARM.Collect$$rtentry$$00000009  c_w.l(rtentry2.o)
    0x08000266   0x00000004   Code   RO          959    .ARM.Collect$$rtentry$$0000000A  c_w.l(rtentry2.o)
    0x0800026a   0x00000000   Code   RO          961    .ARM.Collect$$rtentry$$0000000C  c_w.l(rtentry2.o)
    0x0800026a   0x00000008   Code   RO          962    .ARM.Collect$$rtentry$$0000000D  c_w.l(rtentry2.o)
    0x08000272   0x00000002   Code   RO         1073    .ARM.Collect$$rtexit$$00000000  c_w.l(rtexit.o)
    0x08000274   0x00000000   Code   RO         1106    .ARM.Collect$$rtexit$$00000002  c_w.l(rtexit2.o)
    0x08000274   0x00000004   Code   RO         1107    .ARM.Collect$$rtexit$$00000003  c_w.l(rtexit2.o)
    0x08000278   0x00000006   Code   RO         1108    .ARM.Collect$$rtexit$$00000004  c_w.l(rtexit2.o)
    0x0800027e   0x00000002   PAD
    0x08000280   0x00000000   Code   RO          972    .emb_text           c_w.l(maybetermalloc1.o)
    0x08000280   0x0000057c   Code   RO            1    .text               remix_core.o
    0x080007fc   0x000001f4   Code   RO          166    .text               remix_cpu.o
    0x080009f0   0x00000824   Code   RO          192    .text               remix_debug.o
    0x08001214   0x000000b8   Code   RO          241    .text               remix_list.o
    0x080012cc   0x00000108   Code   RO          253    .text               remix_queue.o
    0x080013d4   0x000004c8   Code   RO          272    .text               remix_sem.o
    0x0800189c   0x000005b8   Code   RO          284    .text               remix_task.o
    0x08001e54   0x00000190   Code   RO          307    .text               device.o
    0x08001fe4   0x000000e0   Code   RO          329    .text               remix_userroot.o
    0x080020c4   0x00000038   Code   RO          348    .text               stm32f10x_it.o
    0x080020fc   0x000001dc   Code   RO          363    .text               system_stm32f10x.o
    0x080022d8   0x000007b4   Code   RO          381    .text               test.o
    0x08002a8c   0x00000358   Code   RO          569    .text               stm32f10x_gpio.o
    0x08002de4   0x000003a4   Code   RO          617    .text               stm32f10x_rcc.o
    0x08003188   0x00000408   Code   RO          679    .text               stm32f10x_usart.o
    0x08003590   0x00000040   Code   RO          706    .text               startup_stm32f10x_hd.o
    0x080035d0   0x0000005e   Code   RO          716    .text               c_w.l(h1_alloc.o)
    0x0800362e   0x0000004e   Code   RO          718    .text               c_w.l(h1_free.o)
    0x0800367c   0x00000024   Code   RO          774    .text               c_w.l(c89vsprintf.o)
    0x080036a0   0x0000003e   Code   RO          776    .text               c_w.l(strlen.o)
    0x080036de   0x00000006   Code   RO          778    .text               c_w.l(heapauxi.o)
    0x080036e4   0x00000008   Code   RO          788    .text               c_w.l(rt_heap_descriptor_intlibspace.o)
    0x080036ec   0x00000004   Code   RO          790    .text               c_w.l(hguard.o)
    0x080036f0   0x0000008a   Code   RO          792    .text               c_w.l(init_alloc.o)
    0x0800377a   0x0000000e   Code   RO          796    .text               c_w.l(h1_init.o)
    0x08003788   0x00000052   Code   RO          812    .text               c_w.l(_printf_pad.o)
    0x080037da   0x00000024   Code   RO          814    .text               c_w.l(_printf_truncate.o)
    0x080037fe   0x00000052   Code   RO          816    .text               c_w.l(_printf_str.o)
    0x08003850   0x00000078   Code   RO          818    .text               c_w.l(_printf_dec.o)
    0x080038c8   0x0000002a   Code   RO          820    .text               c_w.l(_printf_charcount.o)
    0x080038f2   0x00000002   PAD
    0x080038f4   0x00000030   Code   RO          822    .text               c_w.l(_printf_char_common.o)
    0x08003924   0x0000000a   Code   RO          824    .text               c_w.l(_sputc.o)
    0x0800392e   0x00000002   PAD
    0x08003930   0x000000bc   Code   RO          826    .text               c_w.l(_printf_wctomb.o)
    0x080039ec   0x00000078   Code   RO          829    .text               c_w.l(_printf_longlong_dec.o)
    0x08003a64   0x00000078   Code   RO          835    .text               c_w.l(_printf_oct_int_ll.o)
    0x08003adc   0x0000009c   Code   RO          855    .text               c_w.l(_printf_hex_int_ll_ptr.o)
    0x08003b78   0x0000018c   Code   RO          875    .text               c_w.l(__printf_flags_ss_wp.o)
    0x08003d04   0x00000008   Code   RO          952    .text               c_w.l(libspace.o)
    0x08003d0c   0x00000034   Code   RO          974    .text               c_w.l(h1_extend.o)
    0x08003d40   0x0000008a   Code   RO          978    .text               c_w.l(lludiv10.o)
    0x08003dca   0x000000b8   Code   RO          980    .text               c_w.l(_printf_intcommon.o)
    0x08003e82   0x00000420   Code   RO          982    .text               c_w.l(_printf_fp_dec.o)
    0x080042a2   0x0000002c   Code   RO          986    .text               c_w.l(_printf_char.o)
    0x080042ce   0x0000002c   Code   RO          988    .text               c_w.l(_printf_wchar.o)
    0x080042fa   0x00000040   Code   RO          991    .text               c_w.l(_wcrtomb.o)
    0x0800433a   0x0000000e   Code   RO          993    .text               c_w.l(defsig_rtmem_outer.o)
    0x08004348   0x00000002   Code   RO         1004    .text               c_w.l(use_no_semi.o)
    0x0800434a   0x00000000   Code   RO         1006    .text               c_w.l(indicate_semi.o)
    0x0800434a   0x0000004a   Code   RO         1007    .text               c_w.l(sys_stackheap_outer.o)
    0x08004394   0x00000010   Code   RO         1009    .text               c_w.l(rt_ctype_table.o)
    0x080043a4   0x00000008   Code   RO         1016    .text               c_w.l(rt_locale_intlibspace.o)
    0x080043ac   0x00000080   Code   RO         1020    .text               c_w.l(_printf_fp_infnan.o)
    0x0800442c   0x000000e4   Code   RO         1022    .text               c_w.l(bigflt0.o)
    0x08004510   0x0000000c   Code   RO         1050    .text               c_w.l(exit.o)
    0x0800451c   0x0000000a   Code   RO         1052    .text               c_w.l(defsig_exit.o)
    0x08004526   0x00000002   PAD
    0x08004528   0x00000050   Code   RO         1054    .text               c_w.l(defsig_rtmem_inner.o)
    0x08004578   0x0000000c   Code   RO         1071    .text               c_w.l(sys_exit.o)
    0x08004584   0x00000032   Code   RO         1084    .text               c_w.l(defsig_general.o)
    0x080045b6   0x00000002   PAD
    0x080045b8   0x00000080   Code   RO         1086    .text               c_w.l(strcmpv7m.o)
    0x08004638   0x0000000e   Code   RO         1103    .text               c_w.l(sys_wrch.o)
    0x08004646   0x0000003e   Code   RO         1025    CL$$btod_d2e        c_w.l(btod.o)
    0x08004684   0x00000046   Code   RO         1027    CL$$btod_d2e_denorm_low  c_w.l(btod.o)
    0x080046ca   0x00000060   Code   RO         1026    CL$$btod_d2e_norm_op1  c_w.l(btod.o)
    0x0800472a   0x00000338   Code   RO         1035    CL$$btod_div_common  c_w.l(btod.o)
    0x08004a62   0x000000c6   Code   RO         1032    CL$$btod_e2e        c_w.l(btod.o)
    0x08004b28   0x00000028   Code   RO         1029    CL$$btod_ediv       c_w.l(btod.o)
    0x08004b50   0x00000028   Code   RO         1028    CL$$btod_emul       c_w.l(btod.o)
    0x08004b78   0x00000244   Code   RO         1034    CL$$btod_mult_common  c_w.l(btod.o)
    0x08004dbc   0x000000dc   Code   RO          303    REMIX_CORE          remix_core_a.o
    0x08004e98   0x00000028   Code   RO         1069    i.__ARM_fpclassify  m_ws.l(fpclassify.o)
    0x08004ec0   0x0000000e   Code   RO          868    i._is_digit         c_w.l(__printf_wp.o)
    0x08004ece   0x00000002   PAD
    0x08004ed0   0x0000002c   Code   RO         1048    locale$$code        c_w.l(lc_numeric_c.o)
    0x08004efc   0x0000002c   Code   RO         1080    locale$$code        c_w.l(lc_ctype_c.o)
    0x08004f28   0x00000004   Code   RO          948    x$fpl$printf1       fz_ws.l(printf1.o)
    0x08004f2c   0x00000000   Code   RO         1068    x$fpl$usenofp       fz_ws.l(usenofp.o)
    0x08004f2c   0x00000100   Data   RO            3    .constdata          remix_core.o
    0x0800502c   0x00000008   Data   RO          827    .constdata          c_w.l(_printf_wctomb.o)
    0x08005034   0x00000028   Data   RO          856    .constdata          c_w.l(_printf_hex_int_ll_ptr.o)
    0x0800505c   0x00000011   Data   RO          876    .constdata          c_w.l(__printf_flags_ss_wp.o)
    0x0800506d   0x00000003   PAD
    0x08005070   0x00000094   Data   RO         1023    .constdata          c_w.l(bigflt0.o)
    0x08005104   0x00000020   Data   RO         1133    Region$$Table       anon$$obj.o
    0x08005124   0x0000001c   Data   RO         1047    locale$$data        c_w.l(lc_numeric_c.o)
    0x08005140   0x00000110   Data   RO         1079    locale$$data        c_w.l(lc_ctype_c.o)


    Execution Region RW_IRAM1 (Base: 0x20000000, Size: 0x00006f20, Max: 0x0000b000, ABSOLUTE)

    Base Addr    Size         Type   Attr      Idx    E Section Name        Object

    0x20000000   0x0000002c   Data   RW            4    .data               remix_core.o
    0x2000002c   0x00000004   Data   RW          167    .data               remix_cpu.o
    0x20000030   0x0000000c   Data   RW          193    .data               remix_debug.o
    0x2000003c   0x00000018   Data   RW          286    .data               remix_task.o
    0x20000054   0x00000014   Data   RW          364    .data               system_stm32f10x.o
    0x20000068   0x00000014   Data   RW          382    .data               test.o
    0x2000007c   0x00000014   Data   RW          618    .data               stm32f10x_rcc.o
    0x20000090   0x00000044   Zero   RW            2    .bss                remix_core.o
    0x200000d4   0x00000020   Zero   RW          285    .bss                remix_task.o
    0x200000f4   0x00002bc8   Zero   RW          308    .bss                device.o
    0x20002cbc   0x00000060   Zero   RW          953    .bss                c_w.l(libspace.o)
    0x20002d1c   0x00000004   PAD
    0x20002d20   0x00004000   Zero   RW          704    HEAP                startup_stm32f10x_hd.o
    0x20006d20   0x00000200   Zero   RW          703    STACK               startup_stm32f10x_hd.o



  Load Region LR_IROM2 (Base: 0x08039004, Size: 0x0000001c, Max: 0x00006ffc, ABSOLUTE)

    Execution Region ER_IROM2 (Base: 0x08039004, Size: 0x0000001c, Max: 0x00006ffc, ABSOLUTE)

    Base Addr    Size         Type   Attr      Idx    E Section Name        Object

    0x08039004   0x0000001a   Code   RO          403    .text               unoptimize.o


==============================================================================

Image component sizes


      Code (inc. data)   RO Data    RW Data    ZI Data      Debug   Object Name

       400         32          0          0      11208       3269   device.o
      1404        136        256         44         68     242612   remix_core.o
       220         20          0          0          0        308   remix_core_a.o
       500         24          0          4          0      18175   remix_cpu.o
      2084        520          0         12          0      10210   remix_debug.o
       184          0          0          0          0       2249   remix_list.o
       264          0          0          0          0       1964   remix_queue.o
      1224         10          0          0          0       3609   remix_sem.o
      1464         62          0         24         32       7076   remix_task.o
       224         94          0          0          0        433   remix_userroot.o
        64         26        304          0      16896        752   startup_stm32f10x_hd.o
       856         40          0          0          0       5625   stm32f10x_gpio.o
        56          6          0          0          0       1314   stm32f10x_it.o
       932         44          0         20          0       8760   stm32f10x_rcc.o
      1032         22          0          0          0       8352   stm32f10x_usart.o
       476         36          0         20          0       1635   system_stm32f10x.o
      1972       1038          0         20          0       3892   test.o
        26          0          0          0          0        450   unoptimize.o

    ----------------------------------------------------------------------
     13384       2110        592        144      28204     320685   Object Totals
         0          0         32          0          0          0   (incl. Generated)
         2          0          0          0          0          0   (incl. Padding)

    ----------------------------------------------------------------------

      Code (inc. data)   RO Data    RW Data    ZI Data      Debug   Library Member Name

         8          0          0          0          0         68   __main.o
       396          6         17          0          0         92   __printf_flags_ss_wp.o
        14          0          0          0          0         68   __printf_wp.o
        52          8          0          0          0          0   __scatter.o
        26          0          0          0          0          0   __scatter_copy.o
        28          0          0          0          0          0   __scatter_zi.o
         6          0          0          0          0          0   _printf_a.o
         6          0          0          0          0          0   _printf_c.o
        44          0          0          0          0        108   _printf_char.o
        48          6          0          0          0         96   _printf_char_common.o
        42          0          0          0          0         68   _printf_charcount.o
         6          0          0          0          0          0   _printf_d.o
       120         18          0          0          0         92   _printf_dec.o
         6          0          0          0          0          0   _printf_e.o
         6          0          0          0          0          0   _printf_f.o
      1056          0          0          0          0        212   _printf_fp_dec.o
       128         16          0          0          0         84   _printf_fp_infnan.o
         6          0          0          0          0          0   _printf_g.o
       156          6         40          0          0        160   _printf_hex_int_ll_ptr.o
         6          0          0          0          0          0   _printf_i.o
       184          0          0          0          0         88   _printf_intcommon.o
        10          0          0          0          0          0   _printf_l.o
         6          0          0          0          0          0   _printf_lc.o
        10          0          0          0          0          0   _printf_ll.o
         6          0          0          0          0          0   _printf_lld.o
         6          0          0          0          0          0   _printf_lli.o
         6          0          0          0          0          0   _printf_llo.o
         6          0          0          0          0          0   _printf_llu.o
         6          0          0          0          0          0   _printf_llx.o
       120         16          0          0          0         92   _printf_longlong_dec.o
         6          0          0          0          0          0   _printf_ls.o
         6          0          0          0          0          0   _printf_n.o
         6          0          0          0          0          0   _printf_o.o
       120          8          0          0          0        124   _printf_oct_int_ll.o
         6          0          0          0          0          0   _printf_p.o
        82          0          0          0          0        108   _printf_pad.o
         0          0          0          0          0          0   _printf_percent.o
         4          0          0          0          0          0   _printf_percent_end.o
         6          0          0          0          0          0   _printf_s.o
        82          0          0          0          0         80   _printf_str.o
        36          0          0          0          0         84   _printf_truncate.o
         6          0          0          0          0          0   _printf_u.o
        44          0          0          0          0        108   _printf_wchar.o
       188          6          8          0          0         92   _printf_wctomb.o
         6          0          0          0          0          0   _printf_x.o
        10          0          0          0          0         68   _sputc.o
        64          0          0          0          0         92   _wcrtomb.o
       228          6        148          0          0         96   bigflt0.o
      1910        128          0          0          0        672   btod.o
        36          4          0          0          0         76   c89vsprintf.o
        10          0          0          0          0         68   defsig_exit.o
        50          0          0          0          0         88   defsig_general.o
        80         58          0          0          0         76   defsig_rtmem_inner.o
        14          0          0          0          0         80   defsig_rtmem_outer.o
        12          0          0          0          0         72   exit.o
        94          0          0          0          0         80   h1_alloc.o
        52          0          0          0          0         68   h1_extend.o
        78          0          0          0          0         80   h1_free.o
        14          0          0          0          0         84   h1_init.o
         6          0          0          0          0        152   heapauxi.o
         4          0          0          0          0        136   hguard.o
         0          0          0          0          0          0   indicate_semi.o
       138          0          0          0          0        168   init_alloc.o
        44         10        272          0          0         76   lc_ctype_c.o
        44         10         28          0          0         76   lc_numeric_c.o
         2          0          0          0          0          0   libinit.o
        38          0          0          0          0          0   libinit2.o
         2          0          0          0          0          0   libshutdown.o
         2          0          0          0          0          0   libshutdown2.o
         8          4          0          0         96         68   libspace.o
       138          0          0          0          0         80   lludiv10.o
         0          0          0          0          0          0   maybetermalloc1.o
        16          4          0          0          0         76   rt_ctype_table.o
         8          4          0          0          0         68   rt_heap_descriptor_intlibspace.o
         8          4          0          0          0         68   rt_locale_intlibspace.o
         0          0          0          0          0          0   rtentry.o
        12          0          0          0          0          0   rtentry2.o
         6          0          0          0          0          0   rtentry4.o
         2          0          0          0          0          0   rtexit.o
        10          0          0          0          0          0   rtexit2.o
       128          0          0          0          0         68   strcmpv7m.o
        62          0          0          0          0         76   strlen.o
        12          4          0          0          0         68   sys_exit.o
        74          0          0          0          0         80   sys_stackheap_outer.o
        14          0          0          0          0         76   sys_wrch.o
         2          0          0          0          0         68   use_no_semi.o
         4          0          0          0          0         68   printf1.o
         0          0          0          0          0          0   usenofp.o
        40          0          0          0          0         68   fpclassify.o

    ----------------------------------------------------------------------
      6608        326        516          0        100       5064   Library Totals
        14          0          3          0          4          0   (incl. Padding)

    ----------------------------------------------------------------------

      Code (inc. data)   RO Data    RW Data    ZI Data      Debug   Library Name

      6550        326        513          0         96       4928   c_w.l
         4          0          0          0          0         68   fz_ws.l
        40          0          0          0          0         68   m_ws.l

    ----------------------------------------------------------------------
      6608        326        516          0        100       5064   Library Totals

    ----------------------------------------------------------------------

==============================================================================


      Code (inc. data)   RO Data    RW Data    ZI Data      Debug   

     19992       2436       1108        144      28304     321173   Grand Totals
     19992       2436       1108        144      28304     321173   ELF Image Totals
     19992       2436       1108        144          0          0   ROM Totals

==============================================================================

    Total RO  Size (Code + RO Data)                21100 (  20.61kB)
    Total RW  Size (RW Data + ZI Data)             28448 (  27.78kB)
    Total ROM Size (Code + RO Data + RW Data)      21244 (  20.75kB)

==============================================================================

