


ARM Macro Assembler    Page 1 


    1 00000000         
    2 00000000                 INCLUDE          remix_core_a_private.h
    1 00000000         
    2 00000000                 EXTERN           gpstrCurTaskReg
    3 00000000                 EXTERN           gpstrNextTaskReg
    4 00000000         
    5 00000000         
    6 00000000                 EXTERN           REMIX_TaskSched
    7 00000000                 EXTERN           REMIX_SaveTaskContext
    8 00000000                 EXTERN           REMIX_FaultIsrPrint
    9 00000000         
   10 00000000         
   11 00000000                 EXPORT           REMIX_PendSvContextSwitch
   12 00000000                 EXPORT           REMIX_SwitchToTask
   13 00000000                 EXPORT           REMIX_TaskOccurSwi
   14 00000000                 EXPORT           REMIX_GetXpsr
   15 00000000                 EXPORT           REMIX_FaultIsrContext
   16 00000000         
   17 00000000         
   18 00000000                 END
    3 00000000         
    4 00000000                 PRESERVE8
    5 00000000         
    6 00000000                 AREA             REMIX_CORE, CODE, READONLY
    7 00000000                 THUMB
    8 00000000         
    9 00000000         
   10 00000000         REMIX_PendSvContextSwitch
   11 00000000         
   12 00000000 B500            PUSH             {R14}
   13 00000002         
   14 00000002 4831            LDR              R0, =REMIX_TaskSched
   15 00000004 F20F 0E03       ADR.W            R14, {PC} + 0x7
   16 00000008 4700            BX               R0
   17 0000000A         
   18 0000000A 46EE            MOV              R14, R13
   19 0000000C 482F            LDR              R0, =gpstrCurTaskReg
   20 0000000E F8D0 C000       LDR              R12, [R0]
   21 00000012 4660            MOV              R0, R12
   22 00000014 B1B0            CBZ              R0, __BACKUP_REG
   23 00000016 F10E 0E04       ADD              R14, #0x4
   24 0000001A E8BE 000F       LDMIA            R14!, {R0 - R3}
   25 0000001E E8AC 0FFF       STMIA            R12!, {R0 - R11}
   26 00000022 E89E 000F       LDMIA            R14, {R0 - R3}
   27 00000026 F1AE 0E10       SUB              R14, #0x10
   28 0000002A F84C 0B04       STMIA            R12!, {R0}
   29 0000002E F84C EB04       STMIA            R12!, {R14}
   30 00000032 E8AC 000E       STMIA            R12!, {R1 - R3}
   31 00000036 BC01            POP              {R0}
   32 00000038 F8CC 0000       STMIA            R12, {R0}
   33 0000003C         
   34 0000003C 4824            LDR              R0, =REMIX_SaveTaskContext
   35 0000003E F20F 0E05       ADR.W            R14, {PC} + 0x7
   36 00000042 4700            BX               R0
   37 00000044         
   38 00000044         __BACKUP_REG
   39 00000044         
   40 00000044 4823            LDR              R0, =gpstrNextTaskReg
   41 00000046 6801            LDR              R1, [R0]



ARM Macro Assembler    Page 2 


   42 00000048 F101 0110       ADD              R1, #0x10
   43 0000004C E8B1 0FF0       LDMIA            R1!, {R4 - R11}
   44 00000050 F101 0104       ADD              R1, #0x4
   45 00000054 F8D1 D000       LDMIA            R1, {R13}
   46 00000058 F101 0110       ADD              R1, #0x10
   47 0000005C 6808            LDMIA            R1, {R0}
   48 0000005E 4700            BX               R0
   49 00000060         
   50 00000060         
   51 00000060         REMIX_SwitchToTask
   52 00000060         
   53 00000060 481C            LDR              R0, =gpstrNextTaskReg
   54 00000062 F8D0 D000       LDR              R13, [R0]
   55 00000066         
   56 00000066 B010            ADD              R13, #0x40
   57 00000068 BC01            POP              {R0}
   58 0000006A F380 8803       MSR              XPSR, R0
   59 0000006E B082            SUB              R13, #0x8
   60 00000070 9800            LDMIA            R13, {R0}
   61 00000072 B08F            SUB              R13, #0x3C
   62 00000074 F84D 0C04       STMDB            R13, {R0}
   63 00000078 E8BD 1FFF       POP              {R0 - R12}
   64 0000007C B001            ADD              R13, #0x4
   65 0000007E F85D EB04       POP              {LR}
   66 00000082 B090            SUB              R13, #0x40
   67 00000084 BD00            POP              {PC}
   68 00000086         
   69 00000086         
   70 00000086         REMIX_TaskOccurSwi
   71 00000086         
   72 00000086 DF00            SVC              #0
   73 00000088 4770            BX               R14
   74 0000008A         
   75 0000008A         
   76 0000008A         REMIX_GetXpsr
   77 0000008A         
   78 0000008A F3EF 8003       MRS              R0, XPSR
   79 0000008E 4770            BX               R14
   80 00000090         
   81 00000090         
   82 00000090         REMIX_FaultIsrContext
   83 00000090         
   84 00000090 B500            PUSH             {R14}
   85 00000092 46EE            MOV              R14, R13
   86 00000094 480F            LDR              R0, =gpstrNextTaskReg
   87 00000096 F8D0 C000       LDR              R12, [R0]
   88 0000009A F10E 0E04       ADD              R14, #0x4
   89 0000009E E8BE 000F       LDMIA            R14!, {R0 - R3}
   90 000000A2 E8AC 0FFF       STMIA            R12!, {R0 - R11}
   91 000000A6 E89E 000F       LDMIA            R14, {R0 - R3}
   92 000000AA F1AE 0E10       SUB              R14, #0x10
   93 000000AE F84C 0B04       STMIA            R12!, {R0}
   94 000000B2 F84C EB04       STMIA            R12!, {R14}
   95 000000B6 E8AC 000E       STMIA            R12!, {R1 - R3}
   96 000000BA BC01            POP              {R0}
   97 000000BC F8CC 0000       STMIA            R12, {R0}
   98 000000C0         
   99 000000C0 4805            LDR              R0, =REMIX_FaultIsrPrint
  100 000000C2 F20F 0E05       ADR.W            R14, {PC} + 0x7



ARM Macro Assembler    Page 3 


  101 000000C6 4700            BX               R0
  102 000000C8         
  103 000000C8         
  104 000000C8                 ALIGN
  105 000000C8         
  106 000000C8                 END
              00000000 
              00000000 
              00000000 
              00000000 
              00000000 
Command Line: --debug --xref --cpu=Cortex-M3 --apcs=interwork --depend=..\outfi
le\remix_core.d -o..\outfile\remix_core.o -I..\kernel -I"C:\Program Files (x86)
\KeilMDK\ARM\RV31\INC" -I"C:\Program Files (x86)\KeilMDK\ARM\CMSIS\Include" -I"
C:\Program Files (x86)\KeilMDK\ARM\Inc\ST\STM32F10x" --list=..\outfile\remix_co
re.lst ..\kernel\remix_core.asm



ARM Macro Assembler    Page 1 Alphabetic symbol ordering
Relocatable symbols

REMIX_CORE 00000000

Symbol: REMIX_CORE
   Definitions
      At line 6 in file ..\kernel\remix_core.asm
   Uses
      None
Comment: REMIX_CORE unused
REMIX_FaultIsrContext 00000090

Symbol: REMIX_FaultIsrContext
   Definitions
      At line 82 in file ..\kernel\remix_core.asm
   Uses
      At line 15 in file ..\kernel\remix_core_a_private.h
Comment: REMIX_FaultIsrContext used once
REMIX_GetXpsr 0000008A

Symbol: REMIX_GetXpsr
   Definitions
      At line 76 in file ..\kernel\remix_core.asm
   Uses
      At line 14 in file ..\kernel\remix_core_a_private.h
Comment: REMIX_GetXpsr used once
REMIX_PendSvContextSwitch 00000000

Symbol: REMIX_PendSvContextSwitch
   Definitions
      At line 10 in file ..\kernel\remix_core.asm
   Uses
      At line 11 in file ..\kernel\remix_core_a_private.h
Comment: REMIX_PendSvContextSwitch used once
REMIX_SwitchToTask 00000060

Symbol: REMIX_SwitchToTask
   Definitions
      At line 51 in file ..\kernel\remix_core.asm
   Uses
      At line 12 in file ..\kernel\remix_core_a_private.h
Comment: REMIX_SwitchToTask used once
REMIX_TaskOccurSwi 00000086

Symbol: REMIX_TaskOccurSwi
   Definitions
      At line 70 in file ..\kernel\remix_core.asm
   Uses
      At line 13 in file ..\kernel\remix_core_a_private.h
Comment: REMIX_TaskOccurSwi used once
__BACKUP_REG 00000044

Symbol: __BACKUP_REG
   Definitions
      At line 38 in file ..\kernel\remix_core.asm
   Uses
      At line 22 in file ..\kernel\remix_core.asm
Comment: __BACKUP_REG used once
7 symbols



ARM Macro Assembler    Page 1 Alphabetic symbol ordering
External symbols

REMIX_FaultIsrPrint 00000000

Symbol: REMIX_FaultIsrPrint
   Definitions
      At line 8 in file ..\kernel\remix_core_a_private.h
   Uses
      At line 99 in file ..\kernel\remix_core.asm
Comment: REMIX_FaultIsrPrint used once
REMIX_SaveTaskContext 00000000

Symbol: REMIX_SaveTaskContext
   Definitions
      At line 7 in file ..\kernel\remix_core_a_private.h
   Uses
      At line 34 in file ..\kernel\remix_core.asm
Comment: REMIX_SaveTaskContext used once
REMIX_TaskSched 00000000

Symbol: REMIX_TaskSched
   Definitions
      At line 6 in file ..\kernel\remix_core_a_private.h
   Uses
      At line 14 in file ..\kernel\remix_core.asm
Comment: REMIX_TaskSched used once
gpstrCurTaskReg 00000000

Symbol: gpstrCurTaskReg
   Definitions
      At line 2 in file ..\kernel\remix_core_a_private.h
   Uses
      At line 19 in file ..\kernel\remix_core.asm
Comment: gpstrCurTaskReg used once
gpstrNextTaskReg 00000000

Symbol: gpstrNextTaskReg
   Definitions
      At line 3 in file ..\kernel\remix_core_a_private.h
   Uses
      At line 40 in file ..\kernel\remix_core.asm
      At line 53 in file ..\kernel\remix_core.asm
      At line 86 in file ..\kernel\remix_core.asm

5 symbols
344 symbols in table
