ARM Linker, 5.03 [Build 24] [MDK-ARM Standard]

==============================================================================

Section Cross References

    remix_core.o(.text) refers to remix_list.o(.text) for REMIX_DlistInit
    remix_core.o(.text) refers to remix_task.o(.text) for REMIX_TaskHookInit
    remix_core.o(.text) refers to remix_mem.o(.text) for REMIX_MemInit
    remix_core.o(.text) refers to remix_cpu.o(.text) for REMIX_SystemHardwareInit
    remix_core.o(.text) refers to remix_core_a.o(REMIX_CORE) for REMIX_SwitchToTask
    remix_core.o(.text) refers to remix_core.o(.data) for guiUser
    remix_core.o(.text) refers to remix_core.o(.bss) for gstrReadyTab
    remix_core.o(.text) refers to remix_task.o(.data) for gstrTaskList
    remix_core.o(.text) refers to remix_cpu.o(.data) for guiTaskLockCounter
    remix_core.o(.text) refers to remix_debug.o(.data) for guiCpuSharePeriod
    remix_core.o(.text) refers to remix_task.o(.bss) for guiTimeSlice
    remix_core.o(.text) refers to remix_debug.o(.text) for REMIX_CPUShareStatistic
    remix_cpu.o(.text) refers to remix_debug.o(.text) for REMIX_TaskStackCheckInit
    remix_cpu.o(.text) refers to remix_core_a.o(REMIX_CORE) for REMIX_GetXpsr
    remix_cpu.o(.text) refers to remix_task.o(.text) for REMIX_TaskSelfDelete
    remix_cpu.o(.text) refers to system_stm32f10x.o(.data) for SystemCoreClock
    remix_cpu.o(.text) refers to remix_cpu.o(.data) for guiTaskLockCounter
    remix_debug.o(.text) refers to remix_list.o(.text) for REMIX_DlistNextNodeEmpInq
    remix_debug.o(.text) refers to remix_debug.o(.data) for suiTick
    remix_debug.o(.text) refers to remix_core.o(.data) for guiTick
    remix_debug.o(.text) refers to remix_task.o(.data) for gstrTaskList
    remix_queue.o(.text) refers to remix_cpu.o(.text) for REMIX_TaskLock
    remix_queue.o(.text) refers to malloc.o(i.malloc) for malloc
    remix_queue.o(.text) refers to remix_list.o(.text) for REMIX_DlistInit
    remix_queue.o(.text) refers to remix_sem.o(.text) for REMIX_SemCreate
    remix_queue.o(.text) refers to malloc.o(i.free) for free
    remix_sem.o(.text) refers to remix_cpu.o(.text) for REMIX_TaskLock
    remix_sem.o(.text) refers to malloc.o(i.malloc) for malloc
    remix_sem.o(.text) refers to remix_core.o(.text) for REMIX_TaskSemTableInit
    remix_sem.o(.text) refers to remix_task.o(.text) for REMIX_TaskPend
    remix_sem.o(.text) refers to malloc.o(i.free) for free
    remix_sem.o(.text) refers to remix_core.o(.data) for gpstrCurTcb
    remix_sem.o(.text) refers to remix_core.o(.bss) for gstrReadyTab
    remix_task.o(.text) refers to remix_cpu.o(.text) for REMIX_TaskLock
    remix_task.o(.text) refers to malloc.o(i.malloc) for malloc
    remix_task.o(.text) refers to remix_core.o(.text) for REMIX_TaskAddToTaskList
    remix_task.o(.text) refers to remix_debug.o(.text) for REMIX_TaskCPUShareInit
    remix_task.o(.text) refers to malloc.o(i.free) for free
    remix_task.o(.text) refers to remix_core.o(.bss) for gstrReadyTab
    remix_task.o(.text) refers to remix_core.o(.data) for guiTick
    remix_task.o(.text) refers to remix_task.o(.data) for gvfTaskCreateHook
    remix_task.o(.text) refers to remix_task.o(.bss) for gauiSliceCnt
    remix_core_a.o(REMIX_CORE) refers to remix_core.o(.text) for REMIX_TaskSched
    remix_core_a.o(REMIX_CORE) refers to remix_core.o(.data) for gpstrCurTaskReg
    remix_flag.o(.text) refers to remix_cpu.o(.text) for REMIX_TaskLock
    remix_flag.o(.text) refers to malloc.o(i.malloc) for malloc
    remix_flag.o(.text) refers to remix_core.o(.text) for REMIX_TaskFlagTableInit
    remix_flag.o(.text) refers to remix_task.o(.text) for REMIX_FlagBlock
    remix_flag.o(.text) refers to malloc.o(i.free) for free
    remix_flag.o(.text) refers to remix_core.o(.data) for gpstrCurTcb
    remix_flag.o(.text) refers to remix_core.o(.bss) for gstrReadyTab
    remix_mem.o(.text) refers to remix_core.o(.text) for REMIX_MemClr
    remix_mem.o(.text) refers to remix_cpu.o(.text) for REMIX_TaskLock
    remix_mem.o(.text) refers to remix_mem.o(.bss) for gstrMemTable
    remix_mem.o(.text) refers to remix_mem.o(.data) for gpstrMemFreeList
    device.o(.text) refers to remix_list.o(.text) for REMIX_DlistInit
    device.o(.text) refers to remix_queue.o(.text) for REMIX_QueueCreate
    device.o(.text) refers to remix_flag.o(.text) for REMIX_FlagCreate
    device.o(.text) refers to remix_task.o(.text) for REMIX_TaskCreateHookAdd
    device.o(.text) refers to stm32f10x_rcc.o(.text) for RCC_APB2PeriphClockCmd
    device.o(.text) refers to stm32f10x_gpio.o(.text) for GPIO_Init
    device.o(.text) refers to stm32f10x_usart.o(.text) for USART_StructInit
    device.o(.text) refers to remix_cpu.o(.text) for REMIX_TaskLock
    device.o(.text) refers to printfa.o(i.__0vsprintf) for __c89vsprintf
    device.o(.text) refers to strlen.o(.text) for strlen
    device.o(.text) refers to device.o(.bss) for gstrBufPool
    device.o(.text) refers to test.o(.data) for gpstrSerialMsgQue
    device.o(.text) refers to test.o(.text) for TEST_TaskCreatePrint
    stm32f10x_it.o(.text) refers to remix_cpu.o(.text) for REMIX_IntPendSvSet
    stm32f10x_it.o(.text) refers to remix_core.o(.text) for REMIX_TaskTick
    system_stm32f10x.o(.text) refers to system_stm32f10x.o(.data) for SystemCoreClock
    test.o(.text) refers to remix_core.o(.text) for REMIX_GetSystemTick
    test.o(.text) refers to device.o(.text) for DEV_PutStrToMem
    test.o(.text) refers to remix_task.o(.text) for REMIX_TaskSuspend
    test.o(.text) refers to remix_flag.o(.text) for REMIX_FlagTake
    test.o(.text) refers to unoptimize.o(.text) for DEV_DelayMs
    test.o(.text) refers to remix_mem.o(.text) for REMIX_MemFree
    test.o(.text) refers to remix_queue.o(.text) for REMIX_QueueGetNode
    test.o(.text) refers to remix_debug.o(.text) for REMIX_GetCPUShare
    test.o(.text) refers to remix_list.o(.text) for REMIX_DlistNextNodeEmpInq
    test.o(.text) refers to main.o(.data) for gpstrTask1
    test.o(.text) refers to test.o(.data) for gpstrFlag
    test.o(.text) refers to device.o(.bss) for gstrBufPool
    main.o(.text) refers to remix_core.o(.text) for REMIXOS_Init
    main.o(.text) refers to device.o(.text) for DEV_SoftwareInit
    main.o(.text) refers to remix_mem.o(.text) for REMIX_MemCreate
    main.o(.text) refers to remix_task.o(.text) for REMIX_TaskCreate
    main.o(.text) refers to main.o(.bss) for buffer
    main.o(.text) refers to main.o(.data) for pstrMemBuf
    main.o(.text) refers to test.o(.text) for TEST_TestTask1
    main.o(.text) refers to test.o(.data) for gpstrSerialTaskTcb
    stm32f10x_adc.o(.text) refers to stm32f10x_rcc.o(.text) for RCC_APB2PeriphResetCmd
    stm32f10x_bkp.o(.text) refers to stm32f10x_rcc.o(.text) for RCC_BackupResetCmd
    stm32f10x_can.o(.text) refers to stm32f10x_rcc.o(.text) for RCC_APB1PeriphResetCmd
    stm32f10x_cec.o(.text) refers to stm32f10x_rcc.o(.text) for RCC_APB1PeriphResetCmd
    stm32f10x_dac.o(.text) refers to stm32f10x_rcc.o(.text) for RCC_APB1PeriphResetCmd
    stm32f10x_gpio.o(.text) refers to stm32f10x_rcc.o(.text) for RCC_APB2PeriphResetCmd
    stm32f10x_i2c.o(.text) refers to stm32f10x_rcc.o(.text) for RCC_APB1PeriphResetCmd
    stm32f10x_pwr.o(.text) refers to stm32f10x_rcc.o(.text) for RCC_APB1PeriphResetCmd
    stm32f10x_rcc.o(.text) refers to stm32f10x_rcc.o(.data) for APBAHBPrescTable
    stm32f10x_spi.o(.text) refers to stm32f10x_rcc.o(.text) for RCC_APB2PeriphResetCmd
    stm32f10x_tim.o(.text) refers to stm32f10x_rcc.o(.text) for RCC_APB2PeriphResetCmd
    stm32f10x_usart.o(.text) refers to stm32f10x_rcc.o(.text) for RCC_APB2PeriphResetCmd
    stm32f10x_wwdg.o(.text) refers to stm32f10x_rcc.o(.text) for RCC_APB1PeriphResetCmd
    startup_stm32f10x_hd.o(RESET) refers to startup_stm32f10x_hd.o(STACK) for __initial_sp
    startup_stm32f10x_hd.o(RESET) refers to startup_stm32f10x_hd.o(.text) for Reset_Handler
    startup_stm32f10x_hd.o(RESET) refers to stm32f10x_it.o(.text) for NMI_Handler
    startup_stm32f10x_hd.o(RESET) refers to remix_core_a.o(REMIX_CORE) for REMIX_PendSvContextSwitch
    startup_stm32f10x_hd.o(.text) refers to system_stm32f10x.o(.text) for SystemInit
    startup_stm32f10x_hd.o(.text) refers to entry.o(.ARM.Collect$$$$00000000) for __main
    entry.o(.ARM.Collect$$$$00000000) refers (Special) to entry10a.o(.ARM.Collect$$$$0000000D) for __rt_final_cpp
    entry.o(.ARM.Collect$$$$00000000) refers (Special) to entry11a.o(.ARM.Collect$$$$0000000F) for __rt_final_exit
    entry.o(.ARM.Collect$$$$00000000) refers (Special) to entry7b.o(.ARM.Collect$$$$00000008) for _main_clock
    entry.o(.ARM.Collect$$$$00000000) refers (Special) to entry8b.o(.ARM.Collect$$$$0000000A) for _main_cpp_init
    entry.o(.ARM.Collect$$$$00000000) refers (Special) to entry9a.o(.ARM.Collect$$$$0000000B) for _main_init
    entry.o(.ARM.Collect$$$$00000000) refers (Special) to entry5.o(.ARM.Collect$$$$00000004) for _main_scatterload
    entry.o(.ARM.Collect$$$$00000000) refers (Special) to entry2.o(.ARM.Collect$$$$00000001) for _main_stk
    printfa.o(i.__0fprintf) refers (Special) to iusefp.o(.text) for __I$use$fp
    printfa.o(i.__0fprintf) refers to printfa.o(i._printf_core) for _printf_core
    printfa.o(i.__0fprintf) refers to fputc.o(i.fputc) for fputc
    printfa.o(i.__0printf) refers (Special) to iusefp.o(.text) for __I$use$fp
    printfa.o(i.__0printf) refers to printfa.o(i._printf_core) for _printf_core
    printfa.o(i.__0printf) refers to fputc.o(i.fputc) for fputc
    printfa.o(i.__0printf) refers to stdout.o(.data) for __stdout
    printfa.o(i.__0snprintf) refers (Special) to iusefp.o(.text) for __I$use$fp
    printfa.o(i.__0snprintf) refers to printfa.o(i._printf_core) for _printf_core
    printfa.o(i.__0snprintf) refers to printfa.o(i._snputc) for _snputc
    printfa.o(i.__0sprintf) refers (Special) to iusefp.o(.text) for __I$use$fp
    printfa.o(i.__0sprintf) refers to printfa.o(i._printf_core) for _printf_core
    printfa.o(i.__0sprintf) refers to printfa.o(i._sputc) for _sputc
    printfa.o(i.__0vfprintf) refers (Special) to iusefp.o(.text) for __I$use$fp
    printfa.o(i.__0vfprintf) refers to printfa.o(i._printf_core) for _printf_core
    printfa.o(i.__0vfprintf) refers to fputc.o(i.fputc) for fputc
    printfa.o(i.__0vprintf) refers (Special) to iusefp.o(.text) for __I$use$fp
    printfa.o(i.__0vprintf) refers to printfa.o(i._printf_core) for _printf_core
    printfa.o(i.__0vprintf) refers to fputc.o(i.fputc) for fputc
    printfa.o(i.__0vprintf) refers to stdout.o(.data) for __stdout
    printfa.o(i.__0vsnprintf) refers (Special) to iusefp.o(.text) for __I$use$fp
    printfa.o(i.__0vsnprintf) refers to printfa.o(i._printf_core) for _printf_core
    printfa.o(i.__0vsnprintf) refers to printfa.o(i._snputc) for _snputc
    printfa.o(i.__0vsprintf) refers (Special) to iusefp.o(.text) for __I$use$fp
    printfa.o(i.__0vsprintf) refers to printfa.o(i._printf_core) for _printf_core
    printfa.o(i.__0vsprintf) refers to printfa.o(i._sputc) for _sputc
    printfa.o(i._fp_digits) refers (Special) to iusefp.o(.text) for __I$use$fp
    printfa.o(i._fp_digits) refers to dmul.o(.text) for __aeabi_dmul
    printfa.o(i._fp_digits) refers to ddiv.o(.text) for __aeabi_ddiv
    printfa.o(i._fp_digits) refers to cdrcmple.o(.text) for __aeabi_cdrcmple
    printfa.o(i._fp_digits) refers to dadd.o(.text) for __aeabi_dadd
    printfa.o(i._fp_digits) refers to dfixul.o(.text) for __aeabi_d2ulz
    printfa.o(i._fp_digits) refers to uldiv.o(.text) for __aeabi_uldivmod
    printfa.o(i._printf_core) refers (Special) to iusefp.o(.text) for __I$use$fp
    printfa.o(i._printf_core) refers to printfa.o(i._printf_pre_padding) for _printf_pre_padding
    printfa.o(i._printf_core) refers to uldiv.o(.text) for __aeabi_uldivmod
    printfa.o(i._printf_core) refers to printfa.o(i._printf_post_padding) for _printf_post_padding
    printfa.o(i._printf_core) refers to printfa.o(i._fp_digits) for _fp_digits
    printfa.o(i._printf_core) refers to uidiv.o(.text) for __aeabi_uidivmod
    printfa.o(i._printf_post_padding) refers (Special) to iusefp.o(.text) for __I$use$fp
    printfa.o(i._printf_pre_padding) refers (Special) to iusefp.o(.text) for __I$use$fp
    printfa.o(i._snputc) refers (Special) to iusefp.o(.text) for __I$use$fp
    printfa.o(i._sputc) refers (Special) to iusefp.o(.text) for __I$use$fp
    malloc.o(i.free) refers to mvars.o(.data) for __microlib_freelist
    malloc.o(i.malloc) refers to mvars.o(.data) for __microlib_freelist_initialised
    malloc.o(i.malloc) refers to mvars.o(.data) for __microlib_freelist
    malloc.o(i.malloc) refers to startup_stm32f10x_hd.o(HEAP) for __heap_base
    mallocr.o(i.__free$realloc) refers to mvars.o(.data) for __microlib_freelist
    mallocr.o(i.__malloc$realloc) refers to mallocr.o(i.internal_alloc) for internal_alloc
    mallocr.o(i.__malloc$realloc) refers to mvars.o(.data) for __microlib_freelist_initialised
    mallocr.o(i.__malloc$realloc) refers to startup_stm32f10x_hd.o(HEAP) for __heap_base
    mallocr.o(i.__malloc$realloc) refers to mvars.o(.data) for __microlib_freelist
    mallocr.o(i.internal_alloc) refers to memcpya.o(.text) for __aeabi_memcpy
    mallocr.o(i.internal_alloc) refers to mvars.o(.data) for __microlib_freelist
    mallocr.o(i.realloc) refers to mallocr.o(i.__free$realloc) for __free$realloc
    mallocr.o(i.realloc) refers to mallocr.o(i.internal_alloc) for internal_alloc
    mallocr.o(i.realloc) refers to mallocr.o(i.__malloc$realloc) for __malloc$realloc
    mallocr.o(i.realloc) refers to mvars.o(.data) for __microlib_freelist
    malloca.o(i.__aligned_malloc) refers to mvars.o(.data) for __microlib_freelist_initialised
    malloca.o(i.__aligned_malloc) refers to mvars.o(.data) for __microlib_freelist
    malloca.o(i.__aligned_malloc) refers to startup_stm32f10x_hd.o(HEAP) for __heap_base
    malloca.o(i.__free$memalign) refers to mvars.o(.data) for __microlib_freelist
    malloca.o(i.__malloc$memalign) refers to malloca.o(i.__aligned_malloc) for __aligned_malloc
    mallocra.o(i.__aligned_malloc$realloc) refers to mallocra.o(i.internal_alloc) for internal_alloc
    mallocra.o(i.__aligned_malloc$realloc) refers to mvars.o(.data) for __microlib_freelist_initialised
    mallocra.o(i.__aligned_malloc$realloc) refers to startup_stm32f10x_hd.o(HEAP) for __heap_base
    mallocra.o(i.__aligned_malloc$realloc) refers to mvars.o(.data) for __microlib_freelist
    mallocra.o(i.__free$realloc$memalign) refers to mvars.o(.data) for __microlib_freelist
    mallocra.o(i.__malloc$realloc$memalign) refers to mallocra.o(i.__aligned_malloc$realloc) for __aligned_malloc$realloc
    mallocra.o(i.__realloc$memalign) refers to mallocra.o(i.__free$realloc$memalign) for __free$realloc$memalign
    mallocra.o(i.__realloc$memalign) refers to mallocra.o(i.internal_alloc) for internal_alloc
    mallocra.o(i.__realloc$memalign) refers to mallocra.o(i.__malloc$realloc$memalign) for __malloc$realloc$memalign
    mallocra.o(i.__realloc$memalign) refers to mvars.o(.data) for __microlib_freelist
    mallocra.o(i.internal_alloc) refers to memcpya.o(.text) for __aeabi_memcpy
    mallocra.o(i.internal_alloc) refers to mvars.o(.data) for __microlib_freelist
    entry2.o(.ARM.Collect$$$$00000001) refers to entry2.o(.ARM.Collect$$$$00002712) for __lit__00000000
    entry2.o(.ARM.Collect$$$$00002712) refers to startup_stm32f10x_hd.o(STACK) for __initial_sp
    entry2.o(__vectab_stack_and_reset_area) refers to startup_stm32f10x_hd.o(STACK) for __initial_sp
    entry2.o(__vectab_stack_and_reset_area) refers to entry.o(.ARM.Collect$$$$00000000) for __main
    entry5.o(.ARM.Collect$$$$00000004) refers to init.o(.text) for __scatterload
    entry9a.o(.ARM.Collect$$$$0000000B) refers to main.o(.text) for main
    entry9b.o(.ARM.Collect$$$$0000000C) refers to main.o(.text) for main
    fputc.o(i.fputc) refers (Special) to iusesemip.o(.text) for __I$use$semihosting$fputc
    fputc.o(i.fputc) refers (Special) to semi.o(.text) for __semihosting_library_function
    uldiv.o(.text) refers to llushr.o(.text) for __aeabi_llsr
    uldiv.o(.text) refers to llshl.o(.text) for __aeabi_llsl
    dadd.o(.text) refers to llshl.o(.text) for __aeabi_llsl
    dadd.o(.text) refers to llsshr.o(.text) for __aeabi_lasr
    dadd.o(.text) refers to depilogue.o(.text) for _double_epilogue
    dmul.o(.text) refers to depilogue.o(.text) for _double_epilogue
    ddiv.o(.text) refers to depilogue.o(.text) for _double_round
    dfixul.o(.text) refers to llushr.o(.text) for __aeabi_llsr
    dfixul.o(.text) refers to llshl.o(.text) for __aeabi_llsl
    init.o(.text) refers to entry5.o(.ARM.Collect$$$$00000004) for __main_after_scatterload
    depilogue.o(.text) refers to llshl.o(.text) for __aeabi_llsl
    depilogue.o(.text) refers to llushr.o(.text) for __aeabi_llsr


==============================================================================

Removing Unused input sections from the image.

    Removing core_cm3.o(.emb_text), (32 bytes).
    Removing misc.o(.text), (220 bytes).
    Removing stm32f10x_adc.o(.text), (1102 bytes).
    Removing stm32f10x_bkp.o(.text), (196 bytes).
    Removing stm32f10x_can.o(.text), (2536 bytes).
    Removing stm32f10x_cec.o(.text), (288 bytes).
    Removing stm32f10x_crc.o(.text), (72 bytes).
    Removing stm32f10x_dac.o(.text), (396 bytes).
    Removing stm32f10x_dbgmcu.o(.text), (48 bytes).
    Removing stm32f10x_dma.o(.text), (592 bytes).
    Removing stm32f10x_exti.o(.text), (284 bytes).
    Removing stm32f10x_flash.o(.text), (1468 bytes).
    Removing stm32f10x_fsmc.o(.text), (1560 bytes).
    Removing stm32f10x_i2c.o(.text), (1028 bytes).
    Removing stm32f10x_iwdg.o(.text), (64 bytes).
    Removing stm32f10x_pwr.o(.text), (204 bytes).
    Removing stm32f10x_rtc.o(.text), (324 bytes).
    Removing stm32f10x_sdio.o(.text), (472 bytes).
    Removing stm32f10x_spi.o(.text), (780 bytes).
    Removing stm32f10x_tim.o(.text), (3610 bytes).
    Removing stm32f10x_wwdg.o(.text), (136 bytes).

21 unused section(s) (total 15412 bytes) removed from the image.

==============================================================================

Image Symbol Table

    Local Symbols

    Symbol Name                              Value     Ov Type        Size  Object(Section)

    ../clib/microlib/division.c              0x00000000   Number         0  uldiv.o ABSOLUTE
    ../clib/microlib/division.c              0x00000000   Number         0  uidiv.o ABSOLUTE
    ../clib/microlib/init/entry.s            0x00000000   Number         0  entry.o ABSOLUTE
    ../clib/microlib/init/entry.s            0x00000000   Number         0  entry7a.o ABSOLUTE
    ../clib/microlib/init/entry.s            0x00000000   Number         0  entry9a.o ABSOLUTE
    ../clib/microlib/init/entry.s            0x00000000   Number         0  entry7b.o ABSOLUTE
    ../clib/microlib/init/entry.s            0x00000000   Number         0  entry11b.o ABSOLUTE
    ../clib/microlib/init/entry.s            0x00000000   Number         0  entry8a.o ABSOLUTE
    ../clib/microlib/init/entry.s            0x00000000   Number         0  entry11a.o ABSOLUTE
    ../clib/microlib/init/entry.s            0x00000000   Number         0  entry10b.o ABSOLUTE
    ../clib/microlib/init/entry.s            0x00000000   Number         0  entry10a.o ABSOLUTE
    ../clib/microlib/init/entry.s            0x00000000   Number         0  entry9b.o ABSOLUTE
    ../clib/microlib/init/entry.s            0x00000000   Number         0  entry8b.o ABSOLUTE
    ../clib/microlib/init/entry.s            0x00000000   Number         0  entry2.o ABSOLUTE
    ../clib/microlib/init/entry.s            0x00000000   Number         0  entry5.o ABSOLUTE
    ../clib/microlib/longlong.c              0x00000000   Number         0  llsshr.o ABSOLUTE
    ../clib/microlib/longlong.c              0x00000000   Number         0  llushr.o ABSOLUTE
    ../clib/microlib/longlong.c              0x00000000   Number         0  llshl.o ABSOLUTE
    ../clib/microlib/malloc/malloc.c         0x00000000   Number         0  mallocr.o ABSOLUTE
    ../clib/microlib/malloc/malloc.c         0x00000000   Number         0  malloca.o ABSOLUTE
    ../clib/microlib/malloc/malloc.c         0x00000000   Number         0  mallocra.o ABSOLUTE
    ../clib/microlib/malloc/malloc.c         0x00000000   Number         0  malloc.o ABSOLUTE
    ../clib/microlib/malloc/mvars.c          0x00000000   Number         0  mvars.o ABSOLUTE
    ../clib/microlib/printf/printf.c         0x00000000   Number         0  printfa.o ABSOLUTE
    ../clib/microlib/stdio/fputc.c           0x00000000   Number         0  fputc.o ABSOLUTE
    ../clib/microlib/stdio/semi.s            0x00000000   Number         0  semi.o ABSOLUTE
    ../clib/microlib/stdio/streams.c         0x00000000   Number         0  stdout.o ABSOLUTE
    ../clib/microlib/string/memcpy.c         0x00000000   Number         0  memcpyb.o ABSOLUTE
    ../clib/microlib/string/memcpy.c         0x00000000   Number         0  memcpya.o ABSOLUTE
    ../clib/microlib/string/strlen.c         0x00000000   Number         0  strlen.o ABSOLUTE
    ../clib/microlib/stubs.s                 0x00000000   Number         0  iusefp.o ABSOLUTE
    ../clib/microlib/stubs.s                 0x00000000   Number         0  iusesemip.o ABSOLUTE
    ../fplib/microlib/fpadd.c                0x00000000   Number         0  dadd.o ABSOLUTE
    ../fplib/microlib/fpdiv.c                0x00000000   Number         0  ddiv.o ABSOLUTE
    ../fplib/microlib/fpepilogue.c           0x00000000   Number         0  depilogue.o ABSOLUTE
    ../fplib/microlib/fpfix.c                0x00000000   Number         0  dfixul.o ABSOLUTE
    ../fplib/microlib/fpmul.c                0x00000000   Number         0  dmul.o ABSOLUTE
    ..\\lib\\CMSIS\\CM3\\CoreSupport\\core_cm3.c 0x00000000   Number         0  core_cm3.o ABSOLUTE
    ..\app\device.c                          0x00000000   Number         0  device.o ABSOLUTE
    ..\app\main.c                            0x00000000   Number         0  main.o ABSOLUTE
    ..\app\stm32f10x_it.c                    0x00000000   Number         0  stm32f10x_it.o ABSOLUTE
    ..\app\system_stm32f10x.c                0x00000000   Number         0  system_stm32f10x.o ABSOLUTE
    ..\app\test.c                            0x00000000   Number         0  test.o ABSOLUTE
    ..\app\unoptimize.c                      0x00000000   Number         0  unoptimize.o ABSOLUTE
    ..\kernel\remix_core.c                   0x00000000   Number         0  remix_core.o ABSOLUTE
    ..\kernel\remix_core_a.asm               0x00000000   Number         0  remix_core_a.o ABSOLUTE
    ..\kernel\remix_cpu.c                    0x00000000   Number         0  remix_cpu.o ABSOLUTE
    ..\kernel\remix_debug.c                  0x00000000   Number         0  remix_debug.o ABSOLUTE
    ..\kernel\remix_flag.c                   0x00000000   Number         0  remix_flag.o ABSOLUTE
    ..\kernel\remix_list.c                   0x00000000   Number         0  remix_list.o ABSOLUTE
    ..\kernel\remix_mem.c                    0x00000000   Number         0  remix_mem.o ABSOLUTE
    ..\kernel\remix_queue.c                  0x00000000   Number         0  remix_queue.o ABSOLUTE
    ..\kernel\remix_sem.c                    0x00000000   Number         0  remix_sem.o ABSOLUTE
    ..\kernel\remix_task.c                   0x00000000   Number         0  remix_task.o ABSOLUTE
    ..\lib\CMSIS\CM3\CoreSupport\core_cm3.c  0x00000000   Number         0  core_cm3.o ABSOLUTE
    ..\lib\STM32F10x_StdPeriph_Driver\src\misc.c 0x00000000   Number         0  misc.o ABSOLUTE
    ..\lib\STM32F10x_StdPeriph_Driver\src\stm32f10x_adc.c 0x00000000   Number         0  stm32f10x_adc.o ABSOLUTE
    ..\lib\STM32F10x_StdPeriph_Driver\src\stm32f10x_bkp.c 0x00000000   Number         0  stm32f10x_bkp.o ABSOLUTE
    ..\lib\STM32F10x_StdPeriph_Driver\src\stm32f10x_can.c 0x00000000   Number         0  stm32f10x_can.o ABSOLUTE
    ..\lib\STM32F10x_StdPeriph_Driver\src\stm32f10x_cec.c 0x00000000   Number         0  stm32f10x_cec.o ABSOLUTE
    ..\lib\STM32F10x_StdPeriph_Driver\src\stm32f10x_crc.c 0x00000000   Number         0  stm32f10x_crc.o ABSOLUTE
    ..\lib\STM32F10x_StdPeriph_Driver\src\stm32f10x_dac.c 0x00000000   Number         0  stm32f10x_dac.o ABSOLUTE
    ..\lib\STM32F10x_StdPeriph_Driver\src\stm32f10x_dbgmcu.c 0x00000000   Number         0  stm32f10x_dbgmcu.o ABSOLUTE
    ..\lib\STM32F10x_StdPeriph_Driver\src\stm32f10x_dma.c 0x00000000   Number         0  stm32f10x_dma.o ABSOLUTE
    ..\lib\STM32F10x_StdPeriph_Driver\src\stm32f10x_exti.c 0x00000000   Number         0  stm32f10x_exti.o ABSOLUTE
    ..\lib\STM32F10x_StdPeriph_Driver\src\stm32f10x_flash.c 0x00000000   Number         0  stm32f10x_flash.o ABSOLUTE
    ..\lib\STM32F10x_StdPeriph_Driver\src\stm32f10x_fsmc.c 0x00000000   Number         0  stm32f10x_fsmc.o ABSOLUTE
    ..\lib\STM32F10x_StdPeriph_Driver\src\stm32f10x_gpio.c 0x00000000   Number         0  stm32f10x_gpio.o ABSOLUTE
    ..\lib\STM32F10x_StdPeriph_Driver\src\stm32f10x_i2c.c 0x00000000   Number         0  stm32f10x_i2c.o ABSOLUTE
    ..\lib\STM32F10x_StdPeriph_Driver\src\stm32f10x_iwdg.c 0x00000000   Number         0  stm32f10x_iwdg.o ABSOLUTE
    ..\lib\STM32F10x_StdPeriph_Driver\src\stm32f10x_pwr.c 0x00000000   Number         0  stm32f10x_pwr.o ABSOLUTE
    ..\lib\STM32F10x_StdPeriph_Driver\src\stm32f10x_rcc.c 0x00000000   Number         0  stm32f10x_rcc.o ABSOLUTE
    ..\lib\STM32F10x_StdPeriph_Driver\src\stm32f10x_rtc.c 0x00000000   Number         0  stm32f10x_rtc.o ABSOLUTE
    ..\lib\STM32F10x_StdPeriph_Driver\src\stm32f10x_sdio.c 0x00000000   Number         0  stm32f10x_sdio.o ABSOLUTE
    ..\lib\STM32F10x_StdPeriph_Driver\src\stm32f10x_spi.c 0x00000000   Number         0  stm32f10x_spi.o ABSOLUTE
    ..\lib\STM32F10x_StdPeriph_Driver\src\stm32f10x_tim.c 0x00000000   Number         0  stm32f10x_tim.o ABSOLUTE
    ..\lib\STM32F10x_StdPeriph_Driver\src\stm32f10x_usart.c 0x00000000   Number         0  stm32f10x_usart.o ABSOLUTE
    ..\lib\STM32F10x_StdPeriph_Driver\src\stm32f10x_wwdg.c 0x00000000   Number         0  stm32f10x_wwdg.o ABSOLUTE
    ..\startup\startup_stm32f10x_hd.s        0x00000000   Number         0  startup_stm32f10x_hd.o ABSOLUTE
    cdrcmple.s                               0x00000000   Number         0  cdrcmple.o ABSOLUTE
    dc.s                                     0x00000000   Number         0  dc.o ABSOLUTE
    handlers.s                               0x00000000   Number         0  handlers.o ABSOLUTE
    init.s                                   0x00000000   Number         0  init.o ABSOLUTE
    RESET                                    0x08000000   Section      304  startup_stm32f10x_hd.o(RESET)
    .ARM.Collect$$$$00000000                 0x08000130   Section        0  entry.o(.ARM.Collect$$$$00000000)
    .ARM.Collect$$$$00000001                 0x08000130   Section        4  entry2.o(.ARM.Collect$$$$00000001)
    .ARM.Collect$$$$00000004                 0x08000134   Section        4  entry5.o(.ARM.Collect$$$$00000004)
    .ARM.Collect$$$$00000008                 0x08000138   Section        0  entry7b.o(.ARM.Collect$$$$00000008)
    .ARM.Collect$$$$0000000A                 0x08000138   Section        0  entry8b.o(.ARM.Collect$$$$0000000A)
    .ARM.Collect$$$$0000000B                 0x08000138   Section        8  entry9a.o(.ARM.Collect$$$$0000000B)
    .ARM.Collect$$$$0000000D                 0x08000140   Section        0  entry10a.o(.ARM.Collect$$$$0000000D)
    .ARM.Collect$$$$0000000F                 0x08000140   Section        0  entry11a.o(.ARM.Collect$$$$0000000F)
    .ARM.Collect$$$$00002712                 0x08000140   Section        4  entry2.o(.ARM.Collect$$$$00002712)
    __lit__00000000                          0x08000140   Data           4  entry2.o(.ARM.Collect$$$$00002712)
    .text                                    0x08000144   Section        0  remix_core.o(.text)
    .text                                    0x08000988   Section        0  remix_cpu.o(.text)
    NVIC_SetPriority                         0x08000989   Thumb Code    32  remix_cpu.o(.text)
    .text                                    0x08000bc0   Section        0  remix_debug.o(.text)
    .text                                    0x08000cbc   Section        0  remix_list.o(.text)
    .text                                    0x08000d74   Section        0  remix_queue.o(.text)
    .text                                    0x08000e8c   Section        0  remix_sem.o(.text)
    .text                                    0x08001398   Section        0  remix_task.o(.text)
    .text                                    0x08001c18   Section        0  remix_flag.o(.text)
    .text                                    0x0800207c   Section        0  remix_mem.o(.text)
    .text                                    0x080021dc   Section        0  device.o(.text)
    .text                                    0x08002374   Section        0  stm32f10x_it.o(.text)
    .text                                    0x080023ac   Section        0  system_stm32f10x.o(.text)
    SetSysClockTo72                          0x080023ad   Thumb Code   212  system_stm32f10x.o(.text)
    SetSysClock                              0x08002481   Thumb Code     8  system_stm32f10x.o(.text)
    .text                                    0x08002588   Section        0  test.o(.text)
    .text                                    0x08002cbc   Section        0  main.o(.text)
    .text                                    0x08002e90   Section        0  stm32f10x_gpio.o(.text)
    .text                                    0x080031e8   Section        0  stm32f10x_rcc.o(.text)
    .text                                    0x0800358c   Section        0  stm32f10x_usart.o(.text)
    .text                                    0x08003994   Section       36  startup_stm32f10x_hd.o(.text)
    .text                                    0x080039b8   Section        0  strlen.o(.text)
    .text                                    0x080039c6   Section        0  uidiv.o(.text)
    .text                                    0x080039f2   Section        0  uldiv.o(.text)
    .text                                    0x08003a54   Section        0  iusefp.o(.text)
    .text                                    0x08003a54   Section        0  dadd.o(.text)
    .text                                    0x08003ba2   Section        0  dmul.o(.text)
    .text                                    0x08003c86   Section        0  ddiv.o(.text)
    .text                                    0x08003d64   Section        0  dfixul.o(.text)
    .text                                    0x08003d94   Section       40  cdrcmple.o(.text)
    .text                                    0x08003dbc   Section       36  init.o(.text)
    .text                                    0x08003de0   Section        0  llshl.o(.text)
    .text                                    0x08003dfe   Section        0  llushr.o(.text)
    .text                                    0x08003e1e   Section        0  llsshr.o(.text)
    .text                                    0x08003e42   Section        0  depilogue.o(.text)
    REMIX_CORE                               0x08003f00   Section      172  remix_core_a.o(REMIX_CORE)
    i.__0vsprintf                            0x08003fac   Section        0  printfa.o(i.__0vsprintf)
    i.__scatterload_copy                     0x08003fd0   Section       14  handlers.o(i.__scatterload_copy)
    i.__scatterload_null                     0x08003fde   Section        2  handlers.o(i.__scatterload_null)
    i.__scatterload_zeroinit                 0x08003fe0   Section       14  handlers.o(i.__scatterload_zeroinit)
    i._fp_digits                             0x08003ff0   Section        0  printfa.o(i._fp_digits)
    _fp_digits                               0x08003ff1   Thumb Code   326  printfa.o(i._fp_digits)
    i._printf_core                           0x0800414c   Section        0  printfa.o(i._printf_core)
    _printf_core                             0x0800414d   Thumb Code  1762  printfa.o(i._printf_core)
    i._printf_post_padding                   0x0800483c   Section        0  printfa.o(i._printf_post_padding)
    _printf_post_padding                     0x0800483d   Thumb Code    38  printfa.o(i._printf_post_padding)
    i._printf_pre_padding                    0x08004862   Section        0  printfa.o(i._printf_pre_padding)
    _printf_pre_padding                      0x08004863   Thumb Code    48  printfa.o(i._printf_pre_padding)
    i._sputc                                 0x08004892   Section        0  printfa.o(i._sputc)
    _sputc                                   0x08004893   Thumb Code    10  printfa.o(i._sputc)
    i.free                                   0x0800489c   Section        0  malloc.o(i.free)
    i.malloc                                 0x080048ec   Section        0  malloc.o(i.malloc)
    .text                                    0x08039004   Section        0  unoptimize.o(.text)
    .data                                    0x20000000   Section       44  remix_core.o(.data)
    .data                                    0x2000002c   Section        4  remix_cpu.o(.data)
    .data                                    0x20000030   Section        8  remix_debug.o(.data)
    suiTick                                  0x20000030   Data           4  remix_debug.o(.data)
    .data                                    0x20000038   Section       20  remix_task.o(.data)
    .data                                    0x2000004c   Section        4  remix_mem.o(.data)
    .data                                    0x20000050   Section       20  system_stm32f10x.o(.data)
    .data                                    0x20000064   Section       16  test.o(.data)
    suiLastTime                              0x20000064   Data           4  test.o(.data)
    .data                                    0x20000074   Section       52  main.o(.data)
    .data                                    0x200000a8   Section       20  stm32f10x_rcc.o(.data)
    APBAHBPrescTable                         0x200000a8   Data          16  stm32f10x_rcc.o(.data)
    ADCPrescTable                            0x200000b8   Data           4  stm32f10x_rcc.o(.data)
    .data                                    0x200000bc   Section        4  mvars.o(.data)
    .data                                    0x200000c0   Section        4  mvars.o(.data)
    .bss                                     0x200000c4   Section       68  remix_core.o(.bss)
    .bss                                     0x20000108   Section       64  remix_task.o(.bss)
    .bss                                     0x20000148   Section       80  remix_mem.o(.bss)
    .bss                                     0x20000198   Section    11208  device.o(.bss)
    .bss                                     0x20002d60   Section     5120  main.o(.bss)
    HEAP                                     0x20004160   Section    16384  startup_stm32f10x_hd.o(HEAP)
    STACK                                    0x20008160   Section      512  startup_stm32f10x_hd.o(STACK)

    Global Symbols

    Symbol Name                              Value     Ov Type        Size  Object(Section)

    BuildAttributes$$THM_ISAv4$P$D$K$B$S$PE$A:L22UL41UL21$X:L11$S22US41US21$IEEE1$IW$USESV6$~STKCKD$USESV7$~SHL$OSPACE$ROPI$EBA8$MICROLIB$REQ8$PRES8$EABIv2 0x00000000   Number         0  anon$$obj.o ABSOLUTE
    __ARM_use_no_argv                        0x00000000   Number         0  main.o ABSOLUTE
    __cpp_initialize__aeabi_                  - Undefined Weak Reference
    __cxa_finalize                            - Undefined Weak Reference
    __decompress                              - Undefined Weak Reference
    _clock_init                               - Undefined Weak Reference
    _microlib_exit                            - Undefined Weak Reference
    __Vectors_Size                           0x00000130   Number         0  startup_stm32f10x_hd.o ABSOLUTE
    __Vectors                                0x08000000   Data           4  startup_stm32f10x_hd.o(RESET)
    __Vectors_End                            0x08000130   Data           0  startup_stm32f10x_hd.o(RESET)
    __main                                   0x08000131   Thumb Code     0  entry.o(.ARM.Collect$$$$00000000)
    _main_stk                                0x08000131   Thumb Code     0  entry2.o(.ARM.Collect$$$$00000001)
    _main_scatterload                        0x08000135   Thumb Code     0  entry5.o(.ARM.Collect$$$$00000004)
    __main_after_scatterload                 0x08000139   Thumb Code     0  entry5.o(.ARM.Collect$$$$00000004)
    _main_clock                              0x08000139   Thumb Code     0  entry7b.o(.ARM.Collect$$$$00000008)
    _main_cpp_init                           0x08000139   Thumb Code     0  entry8b.o(.ARM.Collect$$$$0000000A)
    _main_init                               0x08000139   Thumb Code     0  entry9a.o(.ARM.Collect$$$$0000000B)
    __rt_final_cpp                           0x08000141   Thumb Code     0  entry10a.o(.ARM.Collect$$$$0000000D)
    __rt_final_exit                          0x08000141   Thumb Code     0  entry11a.o(.ARM.Collect$$$$0000000F)
    REMIX_IdleTask                           0x08000145   Thumb Code     4  remix_core.o(.text)
    REMIX_SetUser                            0x08000149   Thumb Code     6  remix_core.o(.text)
    REMIX_BeforeRootTask                     0x0800014f   Thumb Code    18  remix_core.o(.text)
    REMIX_TaskDelayTableInit                 0x08000161   Thumb Code    10  remix_core.o(.text)
    REMIX_TaskSchedTableInit                 0x0800016b   Thumb Code    30  remix_core.o(.text)
    REMIX_TaskReadyTableInit                 0x08000189   Thumb Code    10  remix_core.o(.text)
    REMIX_TaskListInit                       0x08000193   Thumb Code    10  remix_core.o(.text)
    REMIXOS_Init                             0x0800019d   Thumb Code   146  remix_core.o(.text)
    REMIXOS_Start                            0x0800022f   Thumb Code    24  remix_core.o(.text)
    REMIX_TaskTick                           0x08000247   Thumb Code    86  remix_core.o(.text)
    REMIX_TaskGetHighestPrio                 0x0800029d   Thumb Code    12  remix_core.o(.text)
    REMIX_TaskReadyTableSched                0x080002a9   Thumb Code   140  remix_core.o(.text)
    REMIX_TaskSetPrioFlag                    0x08000335   Thumb Code    14  remix_core.o(.text)
    REMIX_TaskAddToSchedTable                0x08000343   Thumb Code    32  remix_core.o(.text)
    REMIX_TaskAddToReadyTable                0x08000363   Thumb Code    28  remix_core.o(.text)
    REMIX_TaskClrPrioFlag                    0x0800037f   Thumb Code    12  remix_core.o(.text)
    REMIX_TaskDeleteFromSchedTable           0x0800038b   Thumb Code    56  remix_core.o(.text)
    REMIX_TaskDeleteFromSemTable             0x080003c3   Thumb Code    66  remix_core.o(.text)
    REMIX_TaskDeleteFromFlagTable            0x08000405   Thumb Code    64  remix_core.o(.text)
    REMIX_TaskDeleteFromDelayTable           0x08000445   Thumb Code    14  remix_core.o(.text)
    REMIX_TaskDelayTableSched                0x08000453   Thumb Code   304  remix_core.o(.text)
    REMIX_TaskSched                          0x08000583   Thumb Code    86  remix_core.o(.text)
    REMIX_TaskAddToTaskList                  0x080005d9   Thumb Code    14  remix_core.o(.text)
    REMIX_TaskDeleteFromTaskList             0x080005e7   Thumb Code    14  remix_core.o(.text)
    REMIX_TaskDeleteFromReadyTable           0x080005f5   Thumb Code    28  remix_core.o(.text)
    REMIX_TaskAddToDelayTable                0x08000611   Thumb Code   138  remix_core.o(.text)
    REMIX_TaskSemTableInit                   0x0800069b   Thumb Code    12  remix_core.o(.text)
    REMIX_TaskAddToSemTable                  0x080006a7   Thumb Code    72  remix_core.o(.text)
    REMIX_TaskSemTableSche                   0x080006ef   Thumb Code    56  remix_core.o(.text)
    REMIX_TaskFlagTableInit                  0x08000727   Thumb Code    12  remix_core.o(.text)
    REMIX_TaskAddToFlagTable                 0x08000733   Thumb Code    70  remix_core.o(.text)
    REMIX_TaskFlagTableSche                  0x08000779   Thumb Code   342  remix_core.o(.text)
    REMIX_TaskFlagTableCheck                 0x080008cf   Thumb Code    56  remix_core.o(.text)
    REMIX_GetSystemTick                      0x08000907   Thumb Code     6  remix_core.o(.text)
    REMIX_GetCurrentTcb                      0x0800090d   Thumb Code     6  remix_core.o(.text)
    REMIX_GetRootTcb                         0x08000913   Thumb Code     6  remix_core.o(.text)
    REMIX_GetIdleTcb                         0x08000919   Thumb Code     6  remix_core.o(.text)
    REMIX_GetUser                            0x0800091f   Thumb Code     6  remix_core.o(.text)
    REMIX_GetREMIXVersion                    0x08000925   Thumb Code     4  remix_core.o(.text)
    REMIX_MemClr                             0x08000929   Thumb Code    16  remix_core.o(.text)
    REMIX_MemCopy                            0x08000939   Thumb Code    18  remix_core.o(.text)
    REMIX_TaskStackInit                      0x080009a9   Thumb Code   142  remix_cpu.o(.text)
    REMIX_PendSvIsrInit                      0x08000a37   Thumb Code    14  remix_cpu.o(.text)
    REMIX_TickTimerInit                      0x08000a45   Thumb Code    68  remix_cpu.o(.text)
    REMIX_SystemHardwareInit                 0x08000a89   Thumb Code    12  remix_cpu.o(.text)
    REMIX_SetChipWorkMode                    0x08000a95   Thumb Code    26  remix_cpu.o(.text)
    REMIX_IntPendSvSet                       0x08000aaf   Thumb Code    18  remix_cpu.o(.text)
    REMIX_RunInInt                           0x08000ac1   Thumb Code    20  remix_cpu.o(.text)
    REMIX_TaskSwiSched                       0x08000ad5   Thumb Code    22  remix_cpu.o(.text)
    REMIX_CalcPrioFromPrioFlag               0x08000aeb   Thumb Code    24  remix_cpu.o(.text)
    REMIX_TaskLock                           0x08000b03   Thumb Code    82  remix_cpu.o(.text)
    REMIX_TaskUnlock                         0x08000b55   Thumb Code    84  remix_cpu.o(.text)
    REMIX_TaskStackCheckInit                 0x08000bc1   Thumb Code    30  remix_debug.o(.text)
    REMIX_TaskStackCheck                     0x08000bdf   Thumb Code    38  remix_debug.o(.text)
    REMIX_TaskCPUShareInit                   0x08000c05   Thumb Code    18  remix_debug.o(.text)
    REMIX_CPUShareStatistic                  0x08000c17   Thumb Code   140  remix_debug.o(.text)
    REMIX_GetCPUShare                        0x08000ca3   Thumb Code     8  remix_debug.o(.text)
    REMIX_DlistInit                          0x08000cbd   Thumb Code     8  remix_list.o(.text)
    REMIX_DlistNodeAdd                       0x08000cc5   Thumb Code    28  remix_list.o(.text)
    REMIX_DlistNodeDelete                    0x08000ce1   Thumb Code    38  remix_list.o(.text)
    REMIX_DlistCurNodeInsert                 0x08000d07   Thumb Code    36  remix_list.o(.text)
    REMIX_DlistCurNodeDelete                 0x08000d2b   Thumb Code    52  remix_list.o(.text)
    REMIX_DlistEmpInq                        0x08000d5f   Thumb Code     6  remix_list.o(.text)
    REMIX_DlistNextNodeEmpInq                0x08000d65   Thumb Code    16  remix_list.o(.text)
    REMIX_QueueCreate                        0x08000d75   Thumb Code   116  remix_queue.o(.text)
    REMIX_QueuePutNode                       0x08000de9   Thumb Code    44  remix_queue.o(.text)
    REMIX_QueueGetNode                       0x08000e15   Thumb Code    66  remix_queue.o(.text)
    REMIX_QueueDelete                        0x08000e57   Thumb Code    54  remix_queue.o(.text)
    REMIX_SemCreate                          0x08000e8d   Thumb Code   178  remix_sem.o(.text)
    REMIX_SemTake                            0x08000f3f   Thumb Code   500  remix_sem.o(.text)
    REMIX_SemGive                            0x08001133   Thumb Code   364  remix_sem.o(.text)
    REMIX_SemFlushValue                      0x0800129f   Thumb Code   164  remix_sem.o(.text)
    REMIX_SemFlush                           0x08001343   Thumb Code    14  remix_sem.o(.text)
    REMIX_SemDelete                          0x08001351   Thumb Code    64  remix_sem.o(.text)
    REMIX_TaskTcbInit                        0x08001399   Thumb Code   272  remix_task.o(.text)
    REMIX_TaskCreate                         0x080014a9   Thumb Code   134  remix_task.o(.text)
    REMIX_TaskDelete                         0x0800152f   Thumb Code   188  remix_task.o(.text)
    REMIX_TaskSelfDelete                     0x080015eb   Thumb Code    12  remix_task.o(.text)
    REMIX_TaskDelay                          0x080015f7   Thumb Code   206  remix_task.o(.text)
    REMIX_TaskWake                           0x080016c5   Thumb Code   146  remix_task.o(.text)
    REMIX_TaskSuspend                        0x08001757   Thumb Code   170  remix_task.o(.text)
    REMIX_TaskResume                         0x08001801   Thumb Code   194  remix_task.o(.text)
    REMIX_TaskPend                           0x080018c3   Thumb Code   202  remix_task.o(.text)
    REMIX_FlagBlock                          0x0800198d   Thumb Code   226  remix_task.o(.text)
    REMIX_GetTaskLinkRoot                    0x08001a6f   Thumb Code     4  remix_task.o(.text)
    REMIX_TaskPrioInheritance                0x08001a73   Thumb Code   134  remix_task.o(.text)
    REMIX_TaskPrioResume                     0x08001af9   Thumb Code    98  remix_task.o(.text)
    REMIX_TaskTimeSlice                      0x08001b5b   Thumb Code    90  remix_task.o(.text)
    REMIX_TaskHookInit                       0x08001bb5   Thumb Code    16  remix_task.o(.text)
    REMIX_TaskCreateHookAdd                  0x08001bc5   Thumb Code     6  remix_task.o(.text)
    REMIX_TaskCreateHookDel                  0x08001bcb   Thumb Code     8  remix_task.o(.text)
    REMIX_TaskSwitchHookAdd                  0x08001bd3   Thumb Code     6  remix_task.o(.text)
    REMIX_TaskSwitchHookDel                  0x08001bd9   Thumb Code     8  remix_task.o(.text)
    REMIX_TaskDeleteHookAdd                  0x08001be1   Thumb Code     6  remix_task.o(.text)
    REMIX_TaskDeleteHookDel                  0x08001be7   Thumb Code     8  remix_task.o(.text)
    REMIX_FlagCreate                         0x08001c19   Thumb Code    88  remix_flag.o(.text)
    REMIX_FlagTake                           0x08001c71   Thumb Code   582  remix_flag.o(.text)
    REMIX_FlagGive                           0x08001eb7   Thumb Code   222  remix_flag.o(.text)
    REMIX_FlagFlushValue                     0x08001f95   Thumb Code   158  remix_flag.o(.text)
    REMIX_FlagFlush                          0x08002033   Thumb Code    14  remix_flag.o(.text)
    REMIX_FlagDelete                         0x08002041   Thumb Code    52  remix_flag.o(.text)
    REMIX_MemInit                            0x0800207d   Thumb Code    64  remix_mem.o(.text)
    REMIX_MemCreate                          0x080020bd   Thumb Code   124  remix_mem.o(.text)
    REMIX_MemMalloc                          0x08002139   Thumb Code    74  remix_mem.o(.text)
    REMIX_MemFree                            0x08002183   Thumb Code    80  remix_mem.o(.text)
    DEV_BufferInit                           0x080021dd   Thumb Code    40  device.o(.text)
    DEV_SoftwareInit                         0x08002205   Thumb Code    62  device.o(.text)
    DEV_UartInit                             0x08002243   Thumb Code    90  device.o(.text)
    DEV_HardwareInit                         0x0800229d   Thumb Code     8  device.o(.text)
    DEV_PutChar                              0x080022a5   Thumb Code    28  device.o(.text)
    DEV_BufferAlloc                          0x080022c1   Thumb Code    28  device.o(.text)
    DEV_PutStrToMem                          0x080022dd   Thumb Code    64  device.o(.text)
    DEV_PrintMsg                             0x0800231d   Thumb Code    26  device.o(.text)
    DEV_BufferFree                           0x08002337   Thumb Code    28  device.o(.text)
    NMI_Handler                              0x08002375   Thumb Code     2  stm32f10x_it.o(.text)
    HardFault_Handler                        0x08002377   Thumb Code     4  stm32f10x_it.o(.text)
    MemManage_Handler                        0x0800237b   Thumb Code     4  stm32f10x_it.o(.text)
    BusFault_Handler                         0x0800237f   Thumb Code     4  stm32f10x_it.o(.text)
    UsageFault_Handler                       0x08002383   Thumb Code     4  stm32f10x_it.o(.text)
    SVC_Handler                              0x08002387   Thumb Code    20  stm32f10x_it.o(.text)
    DebugMon_Handler                         0x0800239b   Thumb Code     2  stm32f10x_it.o(.text)
    PendSV_Handler                           0x0800239d   Thumb Code     2  stm32f10x_it.o(.text)
    SysTick_Handler                          0x0800239f   Thumb Code     8  stm32f10x_it.o(.text)
    SystemInit                               0x08002489   Thumb Code    78  system_stm32f10x.o(.text)
    SystemCoreClockUpdate                    0x080024d7   Thumb Code   142  system_stm32f10x.o(.text)
    TEST_TestTask1                           0x08002589   Thumb Code   114  test.o(.text)
    TEST_TestTask2                           0x080025fb   Thumb Code   114  test.o(.text)
    TEST_TaskRun                             0x0800266d   Thumb Code    12  test.o(.text)
    TEST_TestTask3                           0x08002679   Thumb Code    94  test.o(.text)
    TEST_TestTask4                           0x080026d7   Thumb Code    94  test.o(.text)
    TEST_TestTask5                           0x08002735   Thumb Code   146  test.o(.text)
    TEST_SerialPrintTask                     0x080027c7   Thumb Code    42  test.o(.text)
    TEST_TaskCreatePrint                     0x080027f1   Thumb Code    42  test.o(.text)
    TEST_PrintCpuUtilize                     0x0800281b   Thumb Code    74  test.o(.text)
    TEST_TaskSwitchPrint                     0x08002865   Thumb Code   974  test.o(.text)
    TEST_TaskDeletePrint                     0x08002c33   Thumb Code    22  test.o(.text)
    main                                     0x08002cbd   Thumb Code   304  main.o(.text)
    GPIO_DeInit                              0x08002e91   Thumb Code   172  stm32f10x_gpio.o(.text)
    GPIO_AFIODeInit                          0x08002f3d   Thumb Code    20  stm32f10x_gpio.o(.text)
    GPIO_Init                                0x08002f51   Thumb Code   274  stm32f10x_gpio.o(.text)
    GPIO_StructInit                          0x08003063   Thumb Code    16  stm32f10x_gpio.o(.text)
    GPIO_ReadInputDataBit                    0x08003073   Thumb Code    18  stm32f10x_gpio.o(.text)
    GPIO_ReadInputData                       0x08003085   Thumb Code     8  stm32f10x_gpio.o(.text)
    GPIO_ReadOutputDataBit                   0x0800308d   Thumb Code    18  stm32f10x_gpio.o(.text)
    GPIO_ReadOutputData                      0x0800309f   Thumb Code     8  stm32f10x_gpio.o(.text)
    GPIO_SetBits                             0x080030a7   Thumb Code     4  stm32f10x_gpio.o(.text)
    GPIO_ResetBits                           0x080030ab   Thumb Code     4  stm32f10x_gpio.o(.text)
    GPIO_WriteBit                            0x080030af   Thumb Code    10  stm32f10x_gpio.o(.text)
    GPIO_Write                               0x080030b9   Thumb Code     4  stm32f10x_gpio.o(.text)
    GPIO_PinLockConfig                       0x080030bd   Thumb Code    18  stm32f10x_gpio.o(.text)
    GPIO_EventOutputConfig                   0x080030cf   Thumb Code    26  stm32f10x_gpio.o(.text)
    GPIO_EventOutputCmd                      0x080030e9   Thumb Code     6  stm32f10x_gpio.o(.text)
    GPIO_PinRemapConfig                      0x080030ef   Thumb Code   138  stm32f10x_gpio.o(.text)
    GPIO_EXTILineConfig                      0x08003179   Thumb Code    66  stm32f10x_gpio.o(.text)
    GPIO_ETH_MediaInterfaceConfig            0x080031bb   Thumb Code     6  stm32f10x_gpio.o(.text)
    RCC_DeInit                               0x080031e9   Thumb Code    64  stm32f10x_rcc.o(.text)
    RCC_HSEConfig                            0x08003229   Thumb Code    70  stm32f10x_rcc.o(.text)
    RCC_GetFlagStatus                        0x0800326f   Thumb Code    56  stm32f10x_rcc.o(.text)
    RCC_WaitForHSEStartUp                    0x080032a7   Thumb Code    56  stm32f10x_rcc.o(.text)
    RCC_AdjustHSICalibrationValue            0x080032df   Thumb Code    20  stm32f10x_rcc.o(.text)
    RCC_HSICmd                               0x080032f3   Thumb Code     6  stm32f10x_rcc.o(.text)
    RCC_PLLConfig                            0x080032f9   Thumb Code    24  stm32f10x_rcc.o(.text)
    RCC_PLLCmd                               0x08003311   Thumb Code     6  stm32f10x_rcc.o(.text)
    RCC_SYSCLKConfig                         0x08003317   Thumb Code    18  stm32f10x_rcc.o(.text)
    RCC_GetSYSCLKSource                      0x08003329   Thumb Code    10  stm32f10x_rcc.o(.text)
    RCC_HCLKConfig                           0x08003333   Thumb Code    18  stm32f10x_rcc.o(.text)
    RCC_PCLK1Config                          0x08003345   Thumb Code    18  stm32f10x_rcc.o(.text)
    RCC_PCLK2Config                          0x08003357   Thumb Code    20  stm32f10x_rcc.o(.text)
    RCC_ITConfig                             0x0800336b   Thumb Code    26  stm32f10x_rcc.o(.text)
    RCC_USBCLKConfig                         0x08003385   Thumb Code     6  stm32f10x_rcc.o(.text)
    RCC_ADCCLKConfig                         0x0800338b   Thumb Code    18  stm32f10x_rcc.o(.text)
    RCC_LSEConfig                            0x0800339d   Thumb Code    44  stm32f10x_rcc.o(.text)
    RCC_LSICmd                               0x080033c9   Thumb Code     6  stm32f10x_rcc.o(.text)
    RCC_RTCCLKConfig                         0x080033cf   Thumb Code    12  stm32f10x_rcc.o(.text)
    RCC_RTCCLKCmd                            0x080033db   Thumb Code     8  stm32f10x_rcc.o(.text)
    RCC_GetClocksFreq                        0x080033e3   Thumb Code   192  stm32f10x_rcc.o(.text)
    RCC_AHBPeriphClockCmd                    0x080034a3   Thumb Code    26  stm32f10x_rcc.o(.text)
    RCC_APB2PeriphClockCmd                   0x080034bd   Thumb Code    26  stm32f10x_rcc.o(.text)
    RCC_APB1PeriphClockCmd                   0x080034d7   Thumb Code    26  stm32f10x_rcc.o(.text)
    RCC_APB2PeriphResetCmd                   0x080034f1   Thumb Code    26  stm32f10x_rcc.o(.text)
    RCC_APB1PeriphResetCmd                   0x0800350b   Thumb Code    26  stm32f10x_rcc.o(.text)
    RCC_BackupResetCmd                       0x08003525   Thumb Code     8  stm32f10x_rcc.o(.text)
    RCC_ClockSecuritySystemCmd               0x0800352d   Thumb Code     6  stm32f10x_rcc.o(.text)
    RCC_MCOConfig                            0x08003533   Thumb Code     6  stm32f10x_rcc.o(.text)
    RCC_ClearFlag                            0x08003539   Thumb Code    14  stm32f10x_rcc.o(.text)
    RCC_GetITStatus                          0x08003547   Thumb Code    20  stm32f10x_rcc.o(.text)
    RCC_ClearITPendingBit                    0x0800355b   Thumb Code     6  stm32f10x_rcc.o(.text)
    USART_DeInit                             0x0800358d   Thumb Code   134  stm32f10x_usart.o(.text)
    USART_Init                               0x08003613   Thumb Code   210  stm32f10x_usart.o(.text)
    USART_StructInit                         0x080036e5   Thumb Code    24  stm32f10x_usart.o(.text)
    USART_ClockInit                          0x080036fd   Thumb Code    34  stm32f10x_usart.o(.text)
    USART_ClockStructInit                    0x0800371f   Thumb Code    12  stm32f10x_usart.o(.text)
    USART_Cmd                                0x0800372b   Thumb Code    24  stm32f10x_usart.o(.text)
    USART_ITConfig                           0x08003743   Thumb Code    74  stm32f10x_usart.o(.text)
    USART_DMACmd                             0x0800378d   Thumb Code    18  stm32f10x_usart.o(.text)
    USART_SetAddress                         0x0800379f   Thumb Code    18  stm32f10x_usart.o(.text)
    USART_WakeUpConfig                       0x080037b1   Thumb Code    18  stm32f10x_usart.o(.text)
    USART_ReceiverWakeUpCmd                  0x080037c3   Thumb Code    24  stm32f10x_usart.o(.text)
    USART_LINBreakDetectLengthConfig         0x080037db   Thumb Code    18  stm32f10x_usart.o(.text)
    USART_LINCmd                             0x080037ed   Thumb Code    24  stm32f10x_usart.o(.text)
    USART_SendData                           0x08003805   Thumb Code     8  stm32f10x_usart.o(.text)
    USART_ReceiveData                        0x0800380d   Thumb Code    10  stm32f10x_usart.o(.text)
    USART_SendBreak                          0x08003817   Thumb Code    10  stm32f10x_usart.o(.text)
    USART_SetGuardTime                       0x08003821   Thumb Code    16  stm32f10x_usart.o(.text)
    USART_SetPrescaler                       0x08003831   Thumb Code    16  stm32f10x_usart.o(.text)
    USART_SmartCardCmd                       0x08003841   Thumb Code    24  stm32f10x_usart.o(.text)
    USART_SmartCardNACKCmd                   0x08003859   Thumb Code    24  stm32f10x_usart.o(.text)
    USART_HalfDuplexCmd                      0x08003871   Thumb Code    24  stm32f10x_usart.o(.text)
    USART_OverSampling8Cmd                   0x08003889   Thumb Code    22  stm32f10x_usart.o(.text)
    USART_OneBitMethodCmd                    0x0800389f   Thumb Code    24  stm32f10x_usart.o(.text)
    USART_IrDAConfig                         0x080038b7   Thumb Code    18  stm32f10x_usart.o(.text)
    USART_IrDACmd                            0x080038c9   Thumb Code    24  stm32f10x_usart.o(.text)
    USART_GetFlagStatus                      0x080038e1   Thumb Code    26  stm32f10x_usart.o(.text)
    USART_ClearFlag                          0x080038fb   Thumb Code    18  stm32f10x_usart.o(.text)
    USART_GetITStatus                        0x0800390d   Thumb Code    84  stm32f10x_usart.o(.text)
    USART_ClearITPendingBit                  0x08003961   Thumb Code    52  stm32f10x_usart.o(.text)
    Reset_Handler                            0x08003995   Thumb Code     8  startup_stm32f10x_hd.o(.text)
    ADC1_2_IRQHandler                        0x080039af   Thumb Code     0  startup_stm32f10x_hd.o(.text)
    ADC3_IRQHandler                          0x080039af   Thumb Code     0  startup_stm32f10x_hd.o(.text)
    CAN1_RX1_IRQHandler                      0x080039af   Thumb Code     0  startup_stm32f10x_hd.o(.text)
    CAN1_SCE_IRQHandler                      0x080039af   Thumb Code     0  startup_stm32f10x_hd.o(.text)
    DMA1_Channel1_IRQHandler                 0x080039af   Thumb Code     0  startup_stm32f10x_hd.o(.text)
    DMA1_Channel2_IRQHandler                 0x080039af   Thumb Code     0  startup_stm32f10x_hd.o(.text)
    DMA1_Channel3_IRQHandler                 0x080039af   Thumb Code     0  startup_stm32f10x_hd.o(.text)
    DMA1_Channel4_IRQHandler                 0x080039af   Thumb Code     0  startup_stm32f10x_hd.o(.text)
    DMA1_Channel5_IRQHandler                 0x080039af   Thumb Code     0  startup_stm32f10x_hd.o(.text)
    DMA1_Channel6_IRQHandler                 0x080039af   Thumb Code     0  startup_stm32f10x_hd.o(.text)
    DMA1_Channel7_IRQHandler                 0x080039af   Thumb Code     0  startup_stm32f10x_hd.o(.text)
    DMA2_Channel1_IRQHandler                 0x080039af   Thumb Code     0  startup_stm32f10x_hd.o(.text)
    DMA2_Channel2_IRQHandler                 0x080039af   Thumb Code     0  startup_stm32f10x_hd.o(.text)
    DMA2_Channel3_IRQHandler                 0x080039af   Thumb Code     0  startup_stm32f10x_hd.o(.text)
    DMA2_Channel4_5_IRQHandler               0x080039af   Thumb Code     0  startup_stm32f10x_hd.o(.text)
    EXTI0_IRQHandler                         0x080039af   Thumb Code     0  startup_stm32f10x_hd.o(.text)
    EXTI15_10_IRQHandler                     0x080039af   Thumb Code     0  startup_stm32f10x_hd.o(.text)
    EXTI1_IRQHandler                         0x080039af   Thumb Code     0  startup_stm32f10x_hd.o(.text)
    EXTI2_IRQHandler                         0x080039af   Thumb Code     0  startup_stm32f10x_hd.o(.text)
    EXTI3_IRQHandler                         0x080039af   Thumb Code     0  startup_stm32f10x_hd.o(.text)
    EXTI4_IRQHandler                         0x080039af   Thumb Code     0  startup_stm32f10x_hd.o(.text)
    EXTI9_5_IRQHandler                       0x080039af   Thumb Code     0  startup_stm32f10x_hd.o(.text)
    FLASH_IRQHandler                         0x080039af   Thumb Code     0  startup_stm32f10x_hd.o(.text)
    FSMC_IRQHandler                          0x080039af   Thumb Code     0  startup_stm32f10x_hd.o(.text)
    I2C1_ER_IRQHandler                       0x080039af   Thumb Code     0  startup_stm32f10x_hd.o(.text)
    I2C1_EV_IRQHandler                       0x080039af   Thumb Code     0  startup_stm32f10x_hd.o(.text)
    I2C2_ER_IRQHandler                       0x080039af   Thumb Code     0  startup_stm32f10x_hd.o(.text)
    I2C2_EV_IRQHandler                       0x080039af   Thumb Code     0  startup_stm32f10x_hd.o(.text)
    PVD_IRQHandler                           0x080039af   Thumb Code     0  startup_stm32f10x_hd.o(.text)
    RCC_IRQHandler                           0x080039af   Thumb Code     0  startup_stm32f10x_hd.o(.text)
    RTCAlarm_IRQHandler                      0x080039af   Thumb Code     0  startup_stm32f10x_hd.o(.text)
    RTC_IRQHandler                           0x080039af   Thumb Code     0  startup_stm32f10x_hd.o(.text)
    SDIO_IRQHandler                          0x080039af   Thumb Code     0  startup_stm32f10x_hd.o(.text)
    SPI1_IRQHandler                          0x080039af   Thumb Code     0  startup_stm32f10x_hd.o(.text)
    SPI2_IRQHandler                          0x080039af   Thumb Code     0  startup_stm32f10x_hd.o(.text)
    SPI3_IRQHandler                          0x080039af   Thumb Code     0  startup_stm32f10x_hd.o(.text)
    TAMPER_IRQHandler                        0x080039af   Thumb Code     0  startup_stm32f10x_hd.o(.text)
    TIM1_BRK_IRQHandler                      0x080039af   Thumb Code     0  startup_stm32f10x_hd.o(.text)
    TIM1_CC_IRQHandler                       0x080039af   Thumb Code     0  startup_stm32f10x_hd.o(.text)
    TIM1_TRG_COM_IRQHandler                  0x080039af   Thumb Code     0  startup_stm32f10x_hd.o(.text)
    TIM1_UP_IRQHandler                       0x080039af   Thumb Code     0  startup_stm32f10x_hd.o(.text)
    TIM2_IRQHandler                          0x080039af   Thumb Code     0  startup_stm32f10x_hd.o(.text)
    TIM3_IRQHandler                          0x080039af   Thumb Code     0  startup_stm32f10x_hd.o(.text)
    TIM4_IRQHandler                          0x080039af   Thumb Code     0  startup_stm32f10x_hd.o(.text)
    TIM5_IRQHandler                          0x080039af   Thumb Code     0  startup_stm32f10x_hd.o(.text)
    TIM6_IRQHandler                          0x080039af   Thumb Code     0  startup_stm32f10x_hd.o(.text)
    TIM7_IRQHandler                          0x080039af   Thumb Code     0  startup_stm32f10x_hd.o(.text)
    TIM8_BRK_IRQHandler                      0x080039af   Thumb Code     0  startup_stm32f10x_hd.o(.text)
    TIM8_CC_IRQHandler                       0x080039af   Thumb Code     0  startup_stm32f10x_hd.o(.text)
    TIM8_TRG_COM_IRQHandler                  0x080039af   Thumb Code     0  startup_stm32f10x_hd.o(.text)
    TIM8_UP_IRQHandler                       0x080039af   Thumb Code     0  startup_stm32f10x_hd.o(.text)
    UART4_IRQHandler                         0x080039af   Thumb Code     0  startup_stm32f10x_hd.o(.text)
    UART5_IRQHandler                         0x080039af   Thumb Code     0  startup_stm32f10x_hd.o(.text)
    USART1_IRQHandler                        0x080039af   Thumb Code     0  startup_stm32f10x_hd.o(.text)
    USART2_IRQHandler                        0x080039af   Thumb Code     0  startup_stm32f10x_hd.o(.text)
    USART3_IRQHandler                        0x080039af   Thumb Code     0  startup_stm32f10x_hd.o(.text)
    USBWakeUp_IRQHandler                     0x080039af   Thumb Code     0  startup_stm32f10x_hd.o(.text)
    USB_HP_CAN1_TX_IRQHandler                0x080039af   Thumb Code     0  startup_stm32f10x_hd.o(.text)
    USB_LP_CAN1_RX0_IRQHandler               0x080039af   Thumb Code     0  startup_stm32f10x_hd.o(.text)
    WWDG_IRQHandler                          0x080039af   Thumb Code     0  startup_stm32f10x_hd.o(.text)
    strlen                                   0x080039b9   Thumb Code    14  strlen.o(.text)
    __aeabi_uidiv                            0x080039c7   Thumb Code     0  uidiv.o(.text)
    __aeabi_uidivmod                         0x080039c7   Thumb Code    44  uidiv.o(.text)
    __aeabi_uldivmod                         0x080039f3   Thumb Code    98  uldiv.o(.text)
    __I$use$fp                               0x08003a55   Thumb Code     0  iusefp.o(.text)
    __aeabi_dadd                             0x08003a55   Thumb Code   322  dadd.o(.text)
    __aeabi_dsub                             0x08003b97   Thumb Code     6  dadd.o(.text)
    __aeabi_drsub                            0x08003b9d   Thumb Code     6  dadd.o(.text)
    __aeabi_dmul                             0x08003ba3   Thumb Code   228  dmul.o(.text)
    __aeabi_ddiv                             0x08003c87   Thumb Code   222  ddiv.o(.text)
    __aeabi_d2ulz                            0x08003d65   Thumb Code    48  dfixul.o(.text)
    __aeabi_cdrcmple                         0x08003d95   Thumb Code    38  cdrcmple.o(.text)
    __scatterload                            0x08003dbd   Thumb Code    28  init.o(.text)
    __scatterload_rt2                        0x08003dbd   Thumb Code     0  init.o(.text)
    __aeabi_llsl                             0x08003de1   Thumb Code    30  llshl.o(.text)
    _ll_shift_l                              0x08003de1   Thumb Code     0  llshl.o(.text)
    __aeabi_llsr                             0x08003dff   Thumb Code    32  llushr.o(.text)
    _ll_ushift_r                             0x08003dff   Thumb Code     0  llushr.o(.text)
    __aeabi_lasr                             0x08003e1f   Thumb Code    36  llsshr.o(.text)
    _ll_sshift_r                             0x08003e1f   Thumb Code     0  llsshr.o(.text)
    _double_round                            0x08003e43   Thumb Code    26  depilogue.o(.text)
    _double_epilogue                         0x08003e5d   Thumb Code   164  depilogue.o(.text)
    REMIX_CalcPrioTemp                       0x08003f01   Thumb Code     0  remix_core_a.o(REMIX_CORE)
    REMIX_PendSvContextSwitch                0x08003f0b   Thumb Code     0  remix_core_a.o(REMIX_CORE)
    REMIX_SwitchToTask                       0x08003f63   Thumb Code     0  remix_core_a.o(REMIX_CORE)
    REMIX_TaskOccurSwi                       0x08003f89   Thumb Code     0  remix_core_a.o(REMIX_CORE)
    REMIX_GetXpsr                            0x08003f8d   Thumb Code     0  remix_core_a.o(REMIX_CORE)
    REMIX_SetBasepri                         0x08003f93   Thumb Code     0  remix_core_a.o(REMIX_CORE)
    __0vsprintf                              0x08003fad   Thumb Code    30  printfa.o(i.__0vsprintf)
    __1vsprintf                              0x08003fad   Thumb Code     0  printfa.o(i.__0vsprintf)
    __2vsprintf                              0x08003fad   Thumb Code     0  printfa.o(i.__0vsprintf)
    __c89vsprintf                            0x08003fad   Thumb Code     0  printfa.o(i.__0vsprintf)
    vsprintf                                 0x08003fad   Thumb Code     0  printfa.o(i.__0vsprintf)
    __scatterload_copy                       0x08003fd1   Thumb Code    14  handlers.o(i.__scatterload_copy)
    __scatterload_null                       0x08003fdf   Thumb Code     2  handlers.o(i.__scatterload_null)
    __scatterload_zeroinit                   0x08003fe1   Thumb Code    14  handlers.o(i.__scatterload_zeroinit)
    free                                     0x0800489d   Thumb Code    76  malloc.o(i.free)
    malloc                                   0x080048ed   Thumb Code    92  malloc.o(i.malloc)
    Region$$Table$$Base                      0x08004958   Number         0  anon$$obj.o(Region$$Table)
    Region$$Table$$Limit                     0x08004978   Number         0  anon$$obj.o(Region$$Table)
    DEV_DelayMs                              0x08039005   Thumb Code    26  unoptimize.o(.text)
    guiSystemStatus                          0x20000000   Data           4  remix_core.o(.data)
    gstrDelayTab                             0x20000004   Data           8  remix_core.o(.data)
    guiTick                                  0x2000000c   Data           4  remix_core.o(.data)
    gucTickSched                             0x20000010   Data           1  remix_core.o(.data)
    gpstrCurTaskReg                          0x20000014   Data           4  remix_core.o(.data)
    gpstrNextTaskReg                         0x20000018   Data           4  remix_core.o(.data)
    gpstrCurTcb                              0x2000001c   Data           4  remix_core.o(.data)
    gpstrRootTaskTcb                         0x20000020   Data           4  remix_core.o(.data)
    gpstrIdleTaskTcb                         0x20000024   Data           4  remix_core.o(.data)
    guiUser                                  0x20000028   Data           4  remix_core.o(.data)
    guiTaskLockCounter                       0x2000002c   Data           4  remix_cpu.o(.data)
    guiCpuSharePeriod                        0x20000034   Data           4  remix_debug.o(.data)
    gstrTaskList                             0x20000038   Data           8  remix_task.o(.data)
    gvfTaskCreateHook                        0x20000040   Data           4  remix_task.o(.data)
    gvfTaskSwitchHook                        0x20000044   Data           4  remix_task.o(.data)
    gvfTaskDeleteHook                        0x20000048   Data           4  remix_task.o(.data)
    gpstrMemFreeList                         0x2000004c   Data           4  remix_mem.o(.data)
    SystemCoreClock                          0x20000050   Data           4  system_stm32f10x.o(.data)
    AHBPrescTable                            0x20000054   Data          16  system_stm32f10x.o(.data)
    gpstrSerialMsgQue                        0x20000068   Data           4  test.o(.data)
    gpstrSerialTaskTcb                       0x2000006c   Data           4  test.o(.data)
    gpstrFlag                                0x20000070   Data           4  test.o(.data)
    pstrMemBuf                               0x20000074   Data           4  main.o(.data)
    pucTask1Stack                            0x20000078   Data           4  main.o(.data)
    pucTask2Stack                            0x2000007c   Data           4  main.o(.data)
    pucTask3Stack                            0x20000080   Data           4  main.o(.data)
    pucTask4Stack                            0x20000084   Data           4  main.o(.data)
    uiTask1StackSizeBackUp                   0x20000088   Data           4  main.o(.data)
    uiTask2StackSizeBackUp                   0x2000008c   Data           4  main.o(.data)
    uiTask3StackSizeBackUp                   0x20000090   Data           4  main.o(.data)
    uiTask4StackSizeBackUp                   0x20000094   Data           4  main.o(.data)
    gpstrTask1                               0x20000098   Data           4  main.o(.data)
    gpstrTask2                               0x2000009c   Data           4  main.o(.data)
    gpstrTask3                               0x200000a0   Data           4  main.o(.data)
    gpstrTask4                               0x200000a4   Data           4  main.o(.data)
    __microlib_freelist                      0x200000bc   Data           4  mvars.o(.data)
    __microlib_freelist_initialised          0x200000c0   Data           4  mvars.o(.data)
    gstrReadyTab                             0x200000c4   Data          68  remix_core.o(.bss)
    guiTimeSlice                             0x20000108   Data          32  remix_task.o(.bss)
    gauiSliceCnt                             0x20000128   Data          32  remix_task.o(.bss)
    gstrMemTable                             0x20000148   Data          80  remix_mem.o(.bss)
    gstrBufPool                              0x20000198   Data       11208  device.o(.bss)
    buffer                                   0x20002d60   Data        5120  main.o(.bss)
    __heap_base                              0x20004160   Data           0  startup_stm32f10x_hd.o(HEAP)
    __heap_limit                             0x20008160   Data           0  startup_stm32f10x_hd.o(HEAP)
    __initial_sp                             0x20008360   Data           0  startup_stm32f10x_hd.o(STACK)



==============================================================================

Memory Map of the image

  Image Entry point : 0x08000131

  Load Region LR_IROM1 (Base: 0x08000000, Size: 0x00004a3c, Max: 0x00039000, ABSOLUTE)

    Execution Region ER_IROM1 (Base: 0x08000000, Size: 0x00004978, Max: 0x00039000, ABSOLUTE)

    Base Addr    Size         Type   Attr      Idx    E Section Name        Object

    0x08000000   0x00000130   Data   RO          761    RESET               startup_stm32f10x_hd.o
    0x08000130   0x00000000   Code   RO          766  * .ARM.Collect$$$$00000000  mc_w.l(entry.o)
    0x08000130   0x00000004   Code   RO          827    .ARM.Collect$$$$00000001  mc_w.l(entry2.o)
    0x08000134   0x00000004   Code   RO          830    .ARM.Collect$$$$00000004  mc_w.l(entry5.o)
    0x08000138   0x00000000   Code   RO          832    .ARM.Collect$$$$00000008  mc_w.l(entry7b.o)
    0x08000138   0x00000000   Code   RO          834    .ARM.Collect$$$$0000000A  mc_w.l(entry8b.o)
    0x08000138   0x00000008   Code   RO          835    .ARM.Collect$$$$0000000B  mc_w.l(entry9a.o)
    0x08000140   0x00000000   Code   RO          837    .ARM.Collect$$$$0000000D  mc_w.l(entry10a.o)
    0x08000140   0x00000000   Code   RO          839    .ARM.Collect$$$$0000000F  mc_w.l(entry11a.o)
    0x08000140   0x00000004   Code   RO          828    .ARM.Collect$$$$00002712  mc_w.l(entry2.o)
    0x08000144   0x00000844   Code   RO            1    .text               remix_core.o
    0x08000988   0x00000238   Code   RO          175    .text               remix_cpu.o
    0x08000bc0   0x000000fc   Code   RO          201    .text               remix_debug.o
    0x08000cbc   0x000000b8   Code   RO          254    .text               remix_list.o
    0x08000d74   0x00000118   Code   RO          266    .text               remix_queue.o
    0x08000e8c   0x0000050c   Code   RO          285    .text               remix_sem.o
    0x08001398   0x00000880   Code   RO          297    .text               remix_task.o
    0x08001c18   0x00000464   Code   RO          320    .text               remix_flag.o
    0x0800207c   0x00000160   Code   RO          332    .text               remix_mem.o
    0x080021dc   0x00000198   Code   RO          351    .text               device.o
    0x08002374   0x00000038   Code   RO          380    .text               stm32f10x_it.o
    0x080023ac   0x000001dc   Code   RO          399    .text               system_stm32f10x.o
    0x08002588   0x00000734   Code   RO          417    .text               test.o
    0x08002cbc   0x000001d4   Code   RO          451    .text               main.o
    0x08002e90   0x00000358   Code   RO          625    .text               stm32f10x_gpio.o
    0x080031e8   0x000003a4   Code   RO          673    .text               stm32f10x_rcc.o
    0x0800358c   0x00000408   Code   RO          735    .text               stm32f10x_usart.o
    0x08003994   0x00000024   Code   RO          762    .text               startup_stm32f10x_hd.o
    0x080039b8   0x0000000e   Code   RO          769    .text               mc_w.l(strlen.o)
    0x080039c6   0x0000002c   Code   RO          844    .text               mc_w.l(uidiv.o)
    0x080039f2   0x00000062   Code   RO          846    .text               mc_w.l(uldiv.o)
    0x08003a54   0x00000000   Code   RO          854    .text               mc_w.l(iusefp.o)
    0x08003a54   0x0000014e   Code   RO          855    .text               mf_w.l(dadd.o)
    0x08003ba2   0x000000e4   Code   RO          857    .text               mf_w.l(dmul.o)
    0x08003c86   0x000000de   Code   RO          859    .text               mf_w.l(ddiv.o)
    0x08003d64   0x00000030   Code   RO          861    .text               mf_w.l(dfixul.o)
    0x08003d94   0x00000028   Code   RO          863    .text               mf_w.l(cdrcmple.o)
    0x08003dbc   0x00000024   Code   RO          865    .text               mc_w.l(init.o)
    0x08003de0   0x0000001e   Code   RO          868    .text               mc_w.l(llshl.o)
    0x08003dfe   0x00000020   Code   RO          870    .text               mc_w.l(llushr.o)
    0x08003e1e   0x00000024   Code   RO          872    .text               mc_w.l(llsshr.o)
    0x08003e42   0x000000be   Code   RO          875    .text               mf_w.l(depilogue.o)
    0x08003f00   0x000000ac   Code   RO          316    REMIX_CORE          remix_core_a.o
    0x08003fac   0x00000024   Code   RO          778    i.__0vsprintf       mc_w.l(printfa.o)
    0x08003fd0   0x0000000e   Code   RO          879    i.__scatterload_copy  mc_w.l(handlers.o)
    0x08003fde   0x00000002   Code   RO          880    i.__scatterload_null  mc_w.l(handlers.o)
    0x08003fe0   0x0000000e   Code   RO          881    i.__scatterload_zeroinit  mc_w.l(handlers.o)
    0x08003fee   0x00000002   PAD
    0x08003ff0   0x0000015c   Code   RO          779    i._fp_digits        mc_w.l(printfa.o)
    0x0800414c   0x000006f0   Code   RO          780    i._printf_core      mc_w.l(printfa.o)
    0x0800483c   0x00000026   Code   RO          781    i._printf_post_padding  mc_w.l(printfa.o)
    0x08004862   0x00000030   Code   RO          782    i._printf_pre_padding  mc_w.l(printfa.o)
    0x08004892   0x0000000a   Code   RO          784    i._sputc            mc_w.l(printfa.o)
    0x0800489c   0x00000050   Code   RO          799    i.free              mc_w.l(malloc.o)
    0x080048ec   0x0000006c   Code   RO          800    i.malloc            mc_w.l(malloc.o)
    0x08004958   0x00000020   Data   RO          877    Region$$Table       anon$$obj.o


    Execution Region RW_IRAM1 (Base: 0x20000000, Size: 0x00008360, Max: 0x0000b000, ABSOLUTE)

    Base Addr    Size         Type   Attr      Idx    E Section Name        Object

    0x20000000   0x0000002c   Data   RW            3    .data               remix_core.o
    0x2000002c   0x00000004   Data   RW          176    .data               remix_cpu.o
    0x20000030   0x00000008   Data   RW          202    .data               remix_debug.o
    0x20000038   0x00000014   Data   RW          299    .data               remix_task.o
    0x2000004c   0x00000004   Data   RW          334    .data               remix_mem.o
    0x20000050   0x00000014   Data   RW          400    .data               system_stm32f10x.o
    0x20000064   0x00000010   Data   RW          418    .data               test.o
    0x20000074   0x00000034   Data   RW          453    .data               main.o
    0x200000a8   0x00000014   Data   RW          674    .data               stm32f10x_rcc.o
    0x200000bc   0x00000004   Data   RW          852    .data               mc_w.l(mvars.o)
    0x200000c0   0x00000004   Data   RW          853    .data               mc_w.l(mvars.o)
    0x200000c4   0x00000044   Zero   RW            2    .bss                remix_core.o
    0x20000108   0x00000040   Zero   RW          298    .bss                remix_task.o
    0x20000148   0x00000050   Zero   RW          333    .bss                remix_mem.o
    0x20000198   0x00002bc8   Zero   RW          352    .bss                device.o
    0x20002d60   0x00001400   Zero   RW          452    .bss                main.o
    0x20004160   0x00004000   Zero   RW          760    HEAP                startup_stm32f10x_hd.o
    0x20008160   0x00000200   Zero   RW          759    STACK               startup_stm32f10x_hd.o



  Load Region LR_IROM2 (Base: 0x08039004, Size: 0x0000001c, Max: 0x00006ffc, ABSOLUTE)

    Execution Region ER_IROM2 (Base: 0x08039004, Size: 0x0000001c, Max: 0x00006ffc, ABSOLUTE)

    Base Addr    Size         Type   Attr      Idx    E Section Name        Object

    0x08039004   0x0000001a   Code   RO          439    .text               unoptimize.o


==============================================================================

Image component sizes


      Code (inc. data)   RO Data    RW Data    ZI Data      Debug   Object Name

       408         34          0          0      11208       4429   device.o
       468        164          0         52       5120       1487   main.o
      2116        138          0         44         68     245509   remix_core.o
       172         14          0          0          0        296   remix_core_a.o
       568         24          0          4          0      18605   remix_cpu.o
       252         18          0          8          0       5761   remix_debug.o
      1124          8          0          0          0       3627   remix_flag.o
       184          0          0          0          0       2249   remix_list.o
       352         10          0          4         80       2310   remix_mem.o
       280          0          0          0          0       1968   remix_queue.o
      1292          8          0          0          0       3577   remix_sem.o
      2176         74          0         20         64       8979   remix_task.o
        36          8        304          0      16896        748   startup_stm32f10x_hd.o
       856         40          0          0          0       5625   stm32f10x_gpio.o
        56          6          0          0          0       1314   stm32f10x_it.o
       932         44          0         20          0       8760   stm32f10x_rcc.o
      1032         22          0          0          0       8352   stm32f10x_usart.o
       476         36          0         20          0       1635   system_stm32f10x.o
      1844       1000          0         16          0       4412   test.o
        26          0          0          0          0        450   unoptimize.o

    ----------------------------------------------------------------------
     14652       1648        336        188      33436     330093   Object Totals
         0          0         32          0          0          0   (incl. Generated)
         2          0          0          0          0          0   (incl. Padding)

    ----------------------------------------------------------------------

      Code (inc. data)   RO Data    RW Data    ZI Data      Debug   Library Member Name

         0          0          0          0          0          0   entry.o
         0          0          0          0          0          0   entry10a.o
         0          0          0          0          0          0   entry11a.o
         8          4          0          0          0          0   entry2.o
         4          0          0          0          0          0   entry5.o
         0          0          0          0          0          0   entry7b.o
         0          0          0          0          0          0   entry8b.o
         8          4          0          0          0          0   entry9a.o
        30          0          0          0          0          0   handlers.o
        36          8          0          0          0         68   init.o
         0          0          0          0          0          0   iusefp.o
        30          0          0          0          0         68   llshl.o
        36          0          0          0          0         68   llsshr.o
        32          0          0          0          0         68   llushr.o
       188         20          0          0          0        160   malloc.o
         0          0          0          8          0          0   mvars.o
      2256         86          0          0          0        508   printfa.o
        14          0          0          0          0         68   strlen.o
        44          0          0          0          0         80   uidiv.o
        98          0          0          0          0         92   uldiv.o
        40          2          0          0          0         68   cdrcmple.o
       334          0          0          0          0        144   dadd.o
       222          0          0          0          0        100   ddiv.o
       190          0          0          0          0        176   depilogue.o
        48          0          0          0          0         68   dfixul.o
       228          0          0          0          0         92   dmul.o

    ----------------------------------------------------------------------
      3848        124          0          8          0       1828   Library Totals
         2          0          0          0          0          0   (incl. Padding)

    ----------------------------------------------------------------------

      Code (inc. data)   RO Data    RW Data    ZI Data      Debug   Library Name

      2784        122          0          8          0       1180   mc_w.l
      1062          2          0          0          0        648   mf_w.l

    ----------------------------------------------------------------------
      3848        124          0          8          0       1828   Library Totals

    ----------------------------------------------------------------------

==============================================================================


      Code (inc. data)   RO Data    RW Data    ZI Data      Debug   

     18500       1772        336        196      33436     329269   Grand Totals
     18500       1772        336        196      33436     329269   ELF Image Totals
     18500       1772        336        196          0          0   ROM Totals

==============================================================================

    Total RO  Size (Code + RO Data)                18836 (  18.39kB)
    Total RW  Size (RW Data + ZI Data)             33632 (  32.84kB)
    Total ROM Size (Code + RO Data + RW Data)      19032 (  18.59kB)

==============================================================================

