ARM Linker, 5.03 [Build 24] [MDK-ARM Standard]

==============================================================================

Section Cross References

    remix_core.o(.text) refers to remix_list.o(.text) for REMIX_DlistInit
    remix_core.o(.text) refers to remix_task.o(.text) for REMIX_TaskHookInit
    remix_core.o(.text) refers to remix_cpu.o(.text) for REMIX_SystemHardwareInit
    remix_core.o(.text) refers to remix_core_a.o(REMIX_CORE) for REMIX_SwitchToTask
    remix_core.o(.text) refers to remix_debug.o(.text) for REMIX_CPUShareStatistic
    remix_core.o(.text) refers to remix_core.o(.data) for guiUser
    remix_core.o(.text) refers to remix_core.o(.bss) for gstrReadyTab
    remix_core.o(.text) refers to remix_task.o(.data) for gstrTaskList
    remix_core.o(.text) refers to remix_cpu.o(.data) for guiIntLockCounter
    remix_core.o(.text) refers to remix_debug.o(.data) for guiCpuSharePeriod
    remix_core.o(.text) refers to remix_task.o(.bss) for guiTimeSlice
    remix_cpu.o(.text) refers to remix_debug.o(.text) for REMIX_TaskStackCheckInit
    remix_cpu.o(.text) refers to remix_core_a.o(REMIX_CORE) for REMIX_GetXpsr
    remix_cpu.o(.text) refers to remix_task.o(.text) for REMIX_TaskSelfDelete
    remix_cpu.o(.text) refers to system_stm32f10x.o(.data) for SystemCoreClock
    remix_cpu.o(.text) refers to remix_cpu.o(.data) for guiIntLockCounter
    remix_debug.o(.text) refers to remix_list.o(.text) for REMIX_DlistNextNodeEmpInq
    remix_debug.o(.text) refers to remix_debug.o(.data) for suiTick
    remix_debug.o(.text) refers to remix_core.o(.data) for guiTick
    remix_debug.o(.text) refers to remix_task.o(.data) for gstrTaskList
    remix_queue.o(.text) refers to remix_cpu.o(.text) for REMIX_IntLock
    remix_queue.o(.text) refers to malloc.o(i.malloc) for malloc
    remix_queue.o(.text) refers to remix_list.o(.text) for REMIX_DlistInit
    remix_queue.o(.text) refers to remix_sem.o(.text) for REMIX_SemCreate
    remix_queue.o(.text) refers to malloc.o(i.free) for free
    remix_sem.o(.text) refers to remix_cpu.o(.text) for REMIX_IntLock
    remix_sem.o(.text) refers to malloc.o(i.malloc) for malloc
    remix_sem.o(.text) refers to remix_core.o(.text) for REMIX_TaskSemTableInit
    remix_sem.o(.text) refers to remix_task.o(.text) for REMIX_TaskPend
    remix_sem.o(.text) refers to malloc.o(i.free) for free
    remix_sem.o(.text) refers to remix_core.o(.data) for gpstrCurTcb
    remix_sem.o(.text) refers to remix_core.o(.bss) for gstrReadyTab
    remix_task.o(.text) refers to remix_cpu.o(.text) for REMIX_IntLock
    remix_task.o(.text) refers to malloc.o(i.malloc) for malloc
    remix_task.o(.text) refers to remix_core.o(.text) for REMIX_TaskAddToTaskList
    remix_task.o(.text) refers to remix_debug.o(.text) for REMIX_TaskCPUShareInit
    remix_task.o(.text) refers to malloc.o(i.free) for free
    remix_task.o(.text) refers to remix_core.o(.bss) for gstrReadyTab
    remix_task.o(.text) refers to remix_core.o(.data) for guiTick
    remix_task.o(.text) refers to remix_task.o(.data) for gvfTaskCreateHook
    remix_task.o(.text) refers to remix_task.o(.bss) for gauiSliceCnt
    remix_core_a.o(REMIX_CORE) refers to remix_core.o(.text) for REMIX_TaskSched
    remix_core_a.o(REMIX_CORE) refers to remix_core.o(.data) for gpstrCurTaskReg
    device.o(.text) refers to remix_list.o(.text) for REMIX_DlistInit
    device.o(.text) refers to remix_queue.o(.text) for REMIX_QueueCreate
    device.o(.text) refers to remix_sem.o(.text) for REMIX_SemCreate
    device.o(.text) refers to remix_task.o(.text) for REMIX_TaskCreateHookAdd
    device.o(.text) refers to stm32f10x_rcc.o(.text) for RCC_APB2PeriphClockCmd
    device.o(.text) refers to stm32f10x_gpio.o(.text) for GPIO_Init
    device.o(.text) refers to stm32f10x_usart.o(.text) for USART_StructInit
    device.o(.text) refers to remix_cpu.o(.text) for REMIX_IntLock
    device.o(.text) refers to printfa.o(i.__0vsprintf) for __c89vsprintf
    device.o(.text) refers to strlen.o(.text) for strlen
    device.o(.text) refers to device.o(.bss) for gstrBufPool
    device.o(.text) refers to test.o(.data) for gpstrSerialMsgQue
    device.o(.text) refers to test.o(.text) for TEST_TaskCreatePrint
    stm32f10x_it.o(.text) refers to remix_cpu.o(.text) for REMIX_IntPendSvSet
    stm32f10x_it.o(.text) refers to remix_core.o(.text) for REMIX_TaskTick
    system_stm32f10x.o(.text) refers to system_stm32f10x.o(.data) for SystemCoreClock
    test.o(.text) refers to unoptimize.o(.text) for DEV_DelayMs
    test.o(.text) refers to remix_sem.o(.text) for REMIX_SemTake
    test.o(.text) refers to remix_core.o(.text) for REMIX_GetSystemTick
    test.o(.text) refers to device.o(.text) for DEV_PutStrToMem
    test.o(.text) refers to remix_task.o(.text) for REMIX_TaskDelay
    test.o(.text) refers to remix_debug.o(.text) for REMIX_TaskStackCheck
    test.o(.text) refers to remix_queue.o(.text) for REMIX_QueueGetNode
    test.o(.text) refers to remix_list.o(.text) for REMIX_DlistNextNodeEmpInq
    test.o(.text) refers to test.o(.data) for gpstrSemMut
    test.o(.text) refers to device.o(.bss) for gstrBufPool
    main.o(.text) refers to remix_core.o(.text) for REMIXOS_Init
    main.o(.text) refers to device.o(.text) for DEV_SoftwareInit
    main.o(.text) refers to remix_task.o(.text) for REMIX_TaskCreate
    main.o(.text) refers to test.o(.text) for TEST_TestTask1
    main.o(.text) refers to test.o(.data) for gpstrSerialTaskTcb
    stm32f10x_adc.o(.text) refers to stm32f10x_rcc.o(.text) for RCC_APB2PeriphResetCmd
    stm32f10x_bkp.o(.text) refers to stm32f10x_rcc.o(.text) for RCC_BackupResetCmd
    stm32f10x_can.o(.text) refers to stm32f10x_rcc.o(.text) for RCC_APB1PeriphResetCmd
    stm32f10x_cec.o(.text) refers to stm32f10x_rcc.o(.text) for RCC_APB1PeriphResetCmd
    stm32f10x_dac.o(.text) refers to stm32f10x_rcc.o(.text) for RCC_APB1PeriphResetCmd
    stm32f10x_gpio.o(.text) refers to stm32f10x_rcc.o(.text) for RCC_APB2PeriphResetCmd
    stm32f10x_i2c.o(.text) refers to stm32f10x_rcc.o(.text) for RCC_APB1PeriphResetCmd
    stm32f10x_pwr.o(.text) refers to stm32f10x_rcc.o(.text) for RCC_APB1PeriphResetCmd
    stm32f10x_rcc.o(.text) refers to stm32f10x_rcc.o(.data) for APBAHBPrescTable
    stm32f10x_spi.o(.text) refers to stm32f10x_rcc.o(.text) for RCC_APB2PeriphResetCmd
    stm32f10x_tim.o(.text) refers to stm32f10x_rcc.o(.text) for RCC_APB2PeriphResetCmd
    stm32f10x_usart.o(.text) refers to stm32f10x_rcc.o(.text) for RCC_APB2PeriphResetCmd
    stm32f10x_wwdg.o(.text) refers to stm32f10x_rcc.o(.text) for RCC_APB1PeriphResetCmd
    startup_stm32f10x_hd.o(RESET) refers to startup_stm32f10x_hd.o(STACK) for __initial_sp
    startup_stm32f10x_hd.o(RESET) refers to startup_stm32f10x_hd.o(.text) for Reset_Handler
    startup_stm32f10x_hd.o(RESET) refers to stm32f10x_it.o(.text) for NMI_Handler
    startup_stm32f10x_hd.o(RESET) refers to remix_core_a.o(REMIX_CORE) for REMIX_PendSvContextSwitch
    startup_stm32f10x_hd.o(.text) refers to system_stm32f10x.o(.text) for SystemInit
    startup_stm32f10x_hd.o(.text) refers to entry.o(.ARM.Collect$$$$00000000) for __main
    entry.o(.ARM.Collect$$$$00000000) refers (Special) to entry10a.o(.ARM.Collect$$$$0000000D) for __rt_final_cpp
    entry.o(.ARM.Collect$$$$00000000) refers (Special) to entry11a.o(.ARM.Collect$$$$0000000F) for __rt_final_exit
    entry.o(.ARM.Collect$$$$00000000) refers (Special) to entry7b.o(.ARM.Collect$$$$00000008) for _main_clock
    entry.o(.ARM.Collect$$$$00000000) refers (Special) to entry8b.o(.ARM.Collect$$$$0000000A) for _main_cpp_init
    entry.o(.ARM.Collect$$$$00000000) refers (Special) to entry9a.o(.ARM.Collect$$$$0000000B) for _main_init
    entry.o(.ARM.Collect$$$$00000000) refers (Special) to entry5.o(.ARM.Collect$$$$00000004) for _main_scatterload
    entry.o(.ARM.Collect$$$$00000000) refers (Special) to entry2.o(.ARM.Collect$$$$00000001) for _main_stk
    printfa.o(i.__0fprintf) refers (Special) to iusefp.o(.text) for __I$use$fp
    printfa.o(i.__0fprintf) refers to printfa.o(i._printf_core) for _printf_core
    printfa.o(i.__0fprintf) refers to fputc.o(i.fputc) for fputc
    printfa.o(i.__0printf) refers (Special) to iusefp.o(.text) for __I$use$fp
    printfa.o(i.__0printf) refers to printfa.o(i._printf_core) for _printf_core
    printfa.o(i.__0printf) refers to fputc.o(i.fputc) for fputc
    printfa.o(i.__0printf) refers to stdout.o(.data) for __stdout
    printfa.o(i.__0snprintf) refers (Special) to iusefp.o(.text) for __I$use$fp
    printfa.o(i.__0snprintf) refers to printfa.o(i._printf_core) for _printf_core
    printfa.o(i.__0snprintf) refers to printfa.o(i._snputc) for _snputc
    printfa.o(i.__0sprintf) refers (Special) to iusefp.o(.text) for __I$use$fp
    printfa.o(i.__0sprintf) refers to printfa.o(i._printf_core) for _printf_core
    printfa.o(i.__0sprintf) refers to printfa.o(i._sputc) for _sputc
    printfa.o(i.__0vfprintf) refers (Special) to iusefp.o(.text) for __I$use$fp
    printfa.o(i.__0vfprintf) refers to printfa.o(i._printf_core) for _printf_core
    printfa.o(i.__0vfprintf) refers to fputc.o(i.fputc) for fputc
    printfa.o(i.__0vprintf) refers (Special) to iusefp.o(.text) for __I$use$fp
    printfa.o(i.__0vprintf) refers to printfa.o(i._printf_core) for _printf_core
    printfa.o(i.__0vprintf) refers to fputc.o(i.fputc) for fputc
    printfa.o(i.__0vprintf) refers to stdout.o(.data) for __stdout
    printfa.o(i.__0vsnprintf) refers (Special) to iusefp.o(.text) for __I$use$fp
    printfa.o(i.__0vsnprintf) refers to printfa.o(i._printf_core) for _printf_core
    printfa.o(i.__0vsnprintf) refers to printfa.o(i._snputc) for _snputc
    printfa.o(i.__0vsprintf) refers (Special) to iusefp.o(.text) for __I$use$fp
    printfa.o(i.__0vsprintf) refers to printfa.o(i._printf_core) for _printf_core
    printfa.o(i.__0vsprintf) refers to printfa.o(i._sputc) for _sputc
    printfa.o(i._fp_digits) refers (Special) to iusefp.o(.text) for __I$use$fp
    printfa.o(i._fp_digits) refers to dmul.o(.text) for __aeabi_dmul
    printfa.o(i._fp_digits) refers to ddiv.o(.text) for __aeabi_ddiv
    printfa.o(i._fp_digits) refers to cdrcmple.o(.text) for __aeabi_cdrcmple
    printfa.o(i._fp_digits) refers to dadd.o(.text) for __aeabi_dadd
    printfa.o(i._fp_digits) refers to dfixul.o(.text) for __aeabi_d2ulz
    printfa.o(i._fp_digits) refers to uldiv.o(.text) for __aeabi_uldivmod
    printfa.o(i._printf_core) refers (Special) to iusefp.o(.text) for __I$use$fp
    printfa.o(i._printf_core) refers to printfa.o(i._printf_pre_padding) for _printf_pre_padding
    printfa.o(i._printf_core) refers to uldiv.o(.text) for __aeabi_uldivmod
    printfa.o(i._printf_core) refers to printfa.o(i._printf_post_padding) for _printf_post_padding
    printfa.o(i._printf_core) refers to printfa.o(i._fp_digits) for _fp_digits
    printfa.o(i._printf_core) refers to uidiv.o(.text) for __aeabi_uidivmod
    printfa.o(i._printf_post_padding) refers (Special) to iusefp.o(.text) for __I$use$fp
    printfa.o(i._printf_pre_padding) refers (Special) to iusefp.o(.text) for __I$use$fp
    printfa.o(i._snputc) refers (Special) to iusefp.o(.text) for __I$use$fp
    printfa.o(i._sputc) refers (Special) to iusefp.o(.text) for __I$use$fp
    malloc.o(i.free) refers to mvars.o(.data) for __microlib_freelist
    malloc.o(i.malloc) refers to mvars.o(.data) for __microlib_freelist_initialised
    malloc.o(i.malloc) refers to mvars.o(.data) for __microlib_freelist
    malloc.o(i.malloc) refers to startup_stm32f10x_hd.o(HEAP) for __heap_base
    mallocr.o(i.__free$realloc) refers to mvars.o(.data) for __microlib_freelist
    mallocr.o(i.__malloc$realloc) refers to mallocr.o(i.internal_alloc) for internal_alloc
    mallocr.o(i.__malloc$realloc) refers to mvars.o(.data) for __microlib_freelist_initialised
    mallocr.o(i.__malloc$realloc) refers to startup_stm32f10x_hd.o(HEAP) for __heap_base
    mallocr.o(i.__malloc$realloc) refers to mvars.o(.data) for __microlib_freelist
    mallocr.o(i.internal_alloc) refers to memcpya.o(.text) for __aeabi_memcpy
    mallocr.o(i.internal_alloc) refers to mvars.o(.data) for __microlib_freelist
    mallocr.o(i.realloc) refers to mallocr.o(i.__free$realloc) for __free$realloc
    mallocr.o(i.realloc) refers to mallocr.o(i.internal_alloc) for internal_alloc
    mallocr.o(i.realloc) refers to mallocr.o(i.__malloc$realloc) for __malloc$realloc
    mallocr.o(i.realloc) refers to mvars.o(.data) for __microlib_freelist
    malloca.o(i.__aligned_malloc) refers to mvars.o(.data) for __microlib_freelist_initialised
    malloca.o(i.__aligned_malloc) refers to mvars.o(.data) for __microlib_freelist
    malloca.o(i.__aligned_malloc) refers to startup_stm32f10x_hd.o(HEAP) for __heap_base
    malloca.o(i.__free$memalign) refers to mvars.o(.data) for __microlib_freelist
    malloca.o(i.__malloc$memalign) refers to malloca.o(i.__aligned_malloc) for __aligned_malloc
    mallocra.o(i.__aligned_malloc$realloc) refers to mallocra.o(i.internal_alloc) for internal_alloc
    mallocra.o(i.__aligned_malloc$realloc) refers to mvars.o(.data) for __microlib_freelist_initialised
    mallocra.o(i.__aligned_malloc$realloc) refers to startup_stm32f10x_hd.o(HEAP) for __heap_base
    mallocra.o(i.__aligned_malloc$realloc) refers to mvars.o(.data) for __microlib_freelist
    mallocra.o(i.__free$realloc$memalign) refers to mvars.o(.data) for __microlib_freelist
    mallocra.o(i.__malloc$realloc$memalign) refers to mallocra.o(i.__aligned_malloc$realloc) for __aligned_malloc$realloc
    mallocra.o(i.__realloc$memalign) refers to mallocra.o(i.__free$realloc$memalign) for __free$realloc$memalign
    mallocra.o(i.__realloc$memalign) refers to mallocra.o(i.internal_alloc) for internal_alloc
    mallocra.o(i.__realloc$memalign) refers to mallocra.o(i.__malloc$realloc$memalign) for __malloc$realloc$memalign
    mallocra.o(i.__realloc$memalign) refers to mvars.o(.data) for __microlib_freelist
    mallocra.o(i.internal_alloc) refers to memcpya.o(.text) for __aeabi_memcpy
    mallocra.o(i.internal_alloc) refers to mvars.o(.data) for __microlib_freelist
    entry2.o(.ARM.Collect$$$$00000001) refers to entry2.o(.ARM.Collect$$$$00002712) for __lit__00000000
    entry2.o(.ARM.Collect$$$$00002712) refers to startup_stm32f10x_hd.o(STACK) for __initial_sp
    entry2.o(__vectab_stack_and_reset_area) refers to startup_stm32f10x_hd.o(STACK) for __initial_sp
    entry2.o(__vectab_stack_and_reset_area) refers to entry.o(.ARM.Collect$$$$00000000) for __main
    entry5.o(.ARM.Collect$$$$00000004) refers to init.o(.text) for __scatterload
    entry9a.o(.ARM.Collect$$$$0000000B) refers to main.o(.text) for main
    entry9b.o(.ARM.Collect$$$$0000000C) refers to main.o(.text) for main
    fputc.o(i.fputc) refers (Special) to iusesemip.o(.text) for __I$use$semihosting$fputc
    fputc.o(i.fputc) refers (Special) to semi.o(.text) for __semihosting_library_function
    uldiv.o(.text) refers to llushr.o(.text) for __aeabi_llsr
    uldiv.o(.text) refers to llshl.o(.text) for __aeabi_llsl
    dadd.o(.text) refers to llshl.o(.text) for __aeabi_llsl
    dadd.o(.text) refers to llsshr.o(.text) for __aeabi_lasr
    dadd.o(.text) refers to depilogue.o(.text) for _double_epilogue
    dmul.o(.text) refers to depilogue.o(.text) for _double_epilogue
    ddiv.o(.text) refers to depilogue.o(.text) for _double_round
    dfixul.o(.text) refers to llushr.o(.text) for __aeabi_llsr
    dfixul.o(.text) refers to llshl.o(.text) for __aeabi_llsl
    init.o(.text) refers to entry5.o(.ARM.Collect$$$$00000004) for __main_after_scatterload
    depilogue.o(.text) refers to llshl.o(.text) for __aeabi_llsl
    depilogue.o(.text) refers to llushr.o(.text) for __aeabi_llsr


==============================================================================

Removing Unused input sections from the image.

    Removing core_cm3.o(.emb_text), (32 bytes).
    Removing misc.o(.text), (220 bytes).
    Removing stm32f10x_adc.o(.text), (1102 bytes).
    Removing stm32f10x_bkp.o(.text), (196 bytes).
    Removing stm32f10x_can.o(.text), (2536 bytes).
    Removing stm32f10x_cec.o(.text), (288 bytes).
    Removing stm32f10x_crc.o(.text), (72 bytes).
    Removing stm32f10x_dac.o(.text), (396 bytes).
    Removing stm32f10x_dbgmcu.o(.text), (48 bytes).
    Removing stm32f10x_dma.o(.text), (592 bytes).
    Removing stm32f10x_exti.o(.text), (284 bytes).
    Removing stm32f10x_flash.o(.text), (1468 bytes).
    Removing stm32f10x_fsmc.o(.text), (1560 bytes).
    Removing stm32f10x_i2c.o(.text), (1028 bytes).
    Removing stm32f10x_iwdg.o(.text), (64 bytes).
    Removing stm32f10x_pwr.o(.text), (204 bytes).
    Removing stm32f10x_rtc.o(.text), (324 bytes).
    Removing stm32f10x_sdio.o(.text), (472 bytes).
    Removing stm32f10x_spi.o(.text), (780 bytes).
    Removing stm32f10x_tim.o(.text), (3610 bytes).
    Removing stm32f10x_wwdg.o(.text), (136 bytes).

21 unused section(s) (total 15412 bytes) removed from the image.

==============================================================================

Image Symbol Table

    Local Symbols

    Symbol Name                              Value     Ov Type        Size  Object(Section)

    ../clib/microlib/division.c              0x00000000   Number         0  uidiv.o ABSOLUTE
    ../clib/microlib/division.c              0x00000000   Number         0  uldiv.o ABSOLUTE
    ../clib/microlib/init/entry.s            0x00000000   Number         0  entry11a.o ABSOLUTE
    ../clib/microlib/init/entry.s            0x00000000   Number         0  entry8a.o ABSOLUTE
    ../clib/microlib/init/entry.s            0x00000000   Number         0  entry11b.o ABSOLUTE
    ../clib/microlib/init/entry.s            0x00000000   Number         0  entry7a.o ABSOLUTE
    ../clib/microlib/init/entry.s            0x00000000   Number         0  entry10b.o ABSOLUTE
    ../clib/microlib/init/entry.s            0x00000000   Number         0  entry7b.o ABSOLUTE
    ../clib/microlib/init/entry.s            0x00000000   Number         0  entry10a.o ABSOLUTE
    ../clib/microlib/init/entry.s            0x00000000   Number         0  entry9b.o ABSOLUTE
    ../clib/microlib/init/entry.s            0x00000000   Number         0  entry2.o ABSOLUTE
    ../clib/microlib/init/entry.s            0x00000000   Number         0  entry9a.o ABSOLUTE
    ../clib/microlib/init/entry.s            0x00000000   Number         0  entry8b.o ABSOLUTE
    ../clib/microlib/init/entry.s            0x00000000   Number         0  entry.o ABSOLUTE
    ../clib/microlib/init/entry.s            0x00000000   Number         0  entry5.o ABSOLUTE
    ../clib/microlib/longlong.c              0x00000000   Number         0  llshl.o ABSOLUTE
    ../clib/microlib/longlong.c              0x00000000   Number         0  llushr.o ABSOLUTE
    ../clib/microlib/longlong.c              0x00000000   Number         0  llsshr.o ABSOLUTE
    ../clib/microlib/malloc/malloc.c         0x00000000   Number         0  malloca.o ABSOLUTE
    ../clib/microlib/malloc/malloc.c         0x00000000   Number         0  malloc.o ABSOLUTE
    ../clib/microlib/malloc/malloc.c         0x00000000   Number         0  mallocr.o ABSOLUTE
    ../clib/microlib/malloc/malloc.c         0x00000000   Number         0  mallocra.o ABSOLUTE
    ../clib/microlib/malloc/mvars.c          0x00000000   Number         0  mvars.o ABSOLUTE
    ../clib/microlib/printf/printf.c         0x00000000   Number         0  printfa.o ABSOLUTE
    ../clib/microlib/stdio/fputc.c           0x00000000   Number         0  fputc.o ABSOLUTE
    ../clib/microlib/stdio/semi.s            0x00000000   Number         0  semi.o ABSOLUTE
    ../clib/microlib/stdio/streams.c         0x00000000   Number         0  stdout.o ABSOLUTE
    ../clib/microlib/string/memcpy.c         0x00000000   Number         0  memcpyb.o ABSOLUTE
    ../clib/microlib/string/memcpy.c         0x00000000   Number         0  memcpya.o ABSOLUTE
    ../clib/microlib/string/strlen.c         0x00000000   Number         0  strlen.o ABSOLUTE
    ../clib/microlib/stubs.s                 0x00000000   Number         0  iusesemip.o ABSOLUTE
    ../clib/microlib/stubs.s                 0x00000000   Number         0  iusefp.o ABSOLUTE
    ../fplib/microlib/fpadd.c                0x00000000   Number         0  dadd.o ABSOLUTE
    ../fplib/microlib/fpdiv.c                0x00000000   Number         0  ddiv.o ABSOLUTE
    ../fplib/microlib/fpepilogue.c           0x00000000   Number         0  depilogue.o ABSOLUTE
    ../fplib/microlib/fpfix.c                0x00000000   Number         0  dfixul.o ABSOLUTE
    ../fplib/microlib/fpmul.c                0x00000000   Number         0  dmul.o ABSOLUTE
    ..\\lib\\CMSIS\\CM3\\CoreSupport\\core_cm3.c 0x00000000   Number         0  core_cm3.o ABSOLUTE
    ..\app\device.c                          0x00000000   Number         0  device.o ABSOLUTE
    ..\app\main.c                            0x00000000   Number         0  main.o ABSOLUTE
    ..\app\stm32f10x_it.c                    0x00000000   Number         0  stm32f10x_it.o ABSOLUTE
    ..\app\system_stm32f10x.c                0x00000000   Number         0  system_stm32f10x.o ABSOLUTE
    ..\app\test.c                            0x00000000   Number         0  test.o ABSOLUTE
    ..\app\unoptimize.c                      0x00000000   Number         0  unoptimize.o ABSOLUTE
    ..\kernel\remix_core.c                   0x00000000   Number         0  remix_core.o ABSOLUTE
    ..\kernel\remix_core_a.asm               0x00000000   Number         0  remix_core_a.o ABSOLUTE
    ..\kernel\remix_cpu.c                    0x00000000   Number         0  remix_cpu.o ABSOLUTE
    ..\kernel\remix_debug.c                  0x00000000   Number         0  remix_debug.o ABSOLUTE
    ..\kernel\remix_flag.c                   0x00000000   Number         0  remix_flag.o ABSOLUTE
    ..\kernel\remix_list.c                   0x00000000   Number         0  remix_list.o ABSOLUTE
    ..\kernel\remix_queue.c                  0x00000000   Number         0  remix_queue.o ABSOLUTE
    ..\kernel\remix_sem.c                    0x00000000   Number         0  remix_sem.o ABSOLUTE
    ..\kernel\remix_task.c                   0x00000000   Number         0  remix_task.o ABSOLUTE
    ..\lib\CMSIS\CM3\CoreSupport\core_cm3.c  0x00000000   Number         0  core_cm3.o ABSOLUTE
    ..\lib\STM32F10x_StdPeriph_Driver\src\misc.c 0x00000000   Number         0  misc.o ABSOLUTE
    ..\lib\STM32F10x_StdPeriph_Driver\src\stm32f10x_adc.c 0x00000000   Number         0  stm32f10x_adc.o ABSOLUTE
    ..\lib\STM32F10x_StdPeriph_Driver\src\stm32f10x_bkp.c 0x00000000   Number         0  stm32f10x_bkp.o ABSOLUTE
    ..\lib\STM32F10x_StdPeriph_Driver\src\stm32f10x_can.c 0x00000000   Number         0  stm32f10x_can.o ABSOLUTE
    ..\lib\STM32F10x_StdPeriph_Driver\src\stm32f10x_cec.c 0x00000000   Number         0  stm32f10x_cec.o ABSOLUTE
    ..\lib\STM32F10x_StdPeriph_Driver\src\stm32f10x_crc.c 0x00000000   Number         0  stm32f10x_crc.o ABSOLUTE
    ..\lib\STM32F10x_StdPeriph_Driver\src\stm32f10x_dac.c 0x00000000   Number         0  stm32f10x_dac.o ABSOLUTE
    ..\lib\STM32F10x_StdPeriph_Driver\src\stm32f10x_dbgmcu.c 0x00000000   Number         0  stm32f10x_dbgmcu.o ABSOLUTE
    ..\lib\STM32F10x_StdPeriph_Driver\src\stm32f10x_dma.c 0x00000000   Number         0  stm32f10x_dma.o ABSOLUTE
    ..\lib\STM32F10x_StdPeriph_Driver\src\stm32f10x_exti.c 0x00000000   Number         0  stm32f10x_exti.o ABSOLUTE
    ..\lib\STM32F10x_StdPeriph_Driver\src\stm32f10x_flash.c 0x00000000   Number         0  stm32f10x_flash.o ABSOLUTE
    ..\lib\STM32F10x_StdPeriph_Driver\src\stm32f10x_fsmc.c 0x00000000   Number         0  stm32f10x_fsmc.o ABSOLUTE
    ..\lib\STM32F10x_StdPeriph_Driver\src\stm32f10x_gpio.c 0x00000000   Number         0  stm32f10x_gpio.o ABSOLUTE
    ..\lib\STM32F10x_StdPeriph_Driver\src\stm32f10x_i2c.c 0x00000000   Number         0  stm32f10x_i2c.o ABSOLUTE
    ..\lib\STM32F10x_StdPeriph_Driver\src\stm32f10x_iwdg.c 0x00000000   Number         0  stm32f10x_iwdg.o ABSOLUTE
    ..\lib\STM32F10x_StdPeriph_Driver\src\stm32f10x_pwr.c 0x00000000   Number         0  stm32f10x_pwr.o ABSOLUTE
    ..\lib\STM32F10x_StdPeriph_Driver\src\stm32f10x_rcc.c 0x00000000   Number         0  stm32f10x_rcc.o ABSOLUTE
    ..\lib\STM32F10x_StdPeriph_Driver\src\stm32f10x_rtc.c 0x00000000   Number         0  stm32f10x_rtc.o ABSOLUTE
    ..\lib\STM32F10x_StdPeriph_Driver\src\stm32f10x_sdio.c 0x00000000   Number         0  stm32f10x_sdio.o ABSOLUTE
    ..\lib\STM32F10x_StdPeriph_Driver\src\stm32f10x_spi.c 0x00000000   Number         0  stm32f10x_spi.o ABSOLUTE
    ..\lib\STM32F10x_StdPeriph_Driver\src\stm32f10x_tim.c 0x00000000   Number         0  stm32f10x_tim.o ABSOLUTE
    ..\lib\STM32F10x_StdPeriph_Driver\src\stm32f10x_usart.c 0x00000000   Number         0  stm32f10x_usart.o ABSOLUTE
    ..\lib\STM32F10x_StdPeriph_Driver\src\stm32f10x_wwdg.c 0x00000000   Number         0  stm32f10x_wwdg.o ABSOLUTE
    ..\startup\startup_stm32f10x_hd.s        0x00000000   Number         0  startup_stm32f10x_hd.o ABSOLUTE
    cdrcmple.s                               0x00000000   Number         0  cdrcmple.o ABSOLUTE
    dc.s                                     0x00000000   Number         0  dc.o ABSOLUTE
    handlers.s                               0x00000000   Number         0  handlers.o ABSOLUTE
    init.s                                   0x00000000   Number         0  init.o ABSOLUTE
    RESET                                    0x08000000   Section      304  startup_stm32f10x_hd.o(RESET)
    .ARM.Collect$$$$00000000                 0x08000130   Section        0  entry.o(.ARM.Collect$$$$00000000)
    .ARM.Collect$$$$00000001                 0x08000130   Section        4  entry2.o(.ARM.Collect$$$$00000001)
    .ARM.Collect$$$$00000004                 0x08000134   Section        4  entry5.o(.ARM.Collect$$$$00000004)
    .ARM.Collect$$$$00000008                 0x08000138   Section        0  entry7b.o(.ARM.Collect$$$$00000008)
    .ARM.Collect$$$$0000000A                 0x08000138   Section        0  entry8b.o(.ARM.Collect$$$$0000000A)
    .ARM.Collect$$$$0000000B                 0x08000138   Section        8  entry9a.o(.ARM.Collect$$$$0000000B)
    .ARM.Collect$$$$0000000D                 0x08000140   Section        0  entry10a.o(.ARM.Collect$$$$0000000D)
    .ARM.Collect$$$$0000000F                 0x08000140   Section        0  entry11a.o(.ARM.Collect$$$$0000000F)
    .ARM.Collect$$$$00002712                 0x08000140   Section        4  entry2.o(.ARM.Collect$$$$00002712)
    __lit__00000000                          0x08000140   Data           4  entry2.o(.ARM.Collect$$$$00002712)
    .text                                    0x08000144   Section        0  remix_core.o(.text)
    .text                                    0x080006e4   Section        0  remix_cpu.o(.text)
    NVIC_SetPriority                         0x080006e5   Thumb Code    32  remix_cpu.o(.text)
    .text                                    0x080008f0   Section        0  remix_debug.o(.text)
    .text                                    0x080009e8   Section        0  remix_list.o(.text)
    .text                                    0x08000aa0   Section        0  remix_queue.o(.text)
    .text                                    0x08000ba8   Section        0  remix_sem.o(.text)
    .text                                    0x08001070   Section        0  remix_task.o(.text)
    .text                                    0x08001664   Section        0  device.o(.text)
    .text                                    0x080017ec   Section        0  stm32f10x_it.o(.text)
    .text                                    0x08001824   Section        0  system_stm32f10x.o(.text)
    SetSysClockTo72                          0x08001825   Thumb Code   212  system_stm32f10x.o(.text)
    SetSysClock                              0x080018f9   Thumb Code     8  system_stm32f10x.o(.text)
    .text                                    0x08001a00   Section        0  test.o(.text)
    .text                                    0x080021b4   Section        0  main.o(.text)
    .text                                    0x080022a0   Section        0  stm32f10x_gpio.o(.text)
    .text                                    0x080025f8   Section        0  stm32f10x_rcc.o(.text)
    .text                                    0x0800299c   Section        0  stm32f10x_usart.o(.text)
    .text                                    0x08002da4   Section       36  startup_stm32f10x_hd.o(.text)
    .text                                    0x08002dc8   Section        0  strlen.o(.text)
    .text                                    0x08002dd6   Section        0  uidiv.o(.text)
    .text                                    0x08002e02   Section        0  uldiv.o(.text)
    .text                                    0x08002e64   Section        0  iusefp.o(.text)
    .text                                    0x08002e64   Section        0  dadd.o(.text)
    .text                                    0x08002fb2   Section        0  dmul.o(.text)
    .text                                    0x08003096   Section        0  ddiv.o(.text)
    .text                                    0x08003174   Section        0  dfixul.o(.text)
    .text                                    0x080031a4   Section       40  cdrcmple.o(.text)
    .text                                    0x080031cc   Section       36  init.o(.text)
    .text                                    0x080031f0   Section        0  llshl.o(.text)
    .text                                    0x0800320e   Section        0  llushr.o(.text)
    .text                                    0x0800322e   Section        0  llsshr.o(.text)
    .text                                    0x08003252   Section        0  depilogue.o(.text)
    REMIX_CORE                               0x08003310   Section      160  remix_core_a.o(REMIX_CORE)
    i.__0vsprintf                            0x080033b0   Section        0  printfa.o(i.__0vsprintf)
    i.__scatterload_copy                     0x080033d4   Section       14  handlers.o(i.__scatterload_copy)
    i.__scatterload_null                     0x080033e2   Section        2  handlers.o(i.__scatterload_null)
    i.__scatterload_zeroinit                 0x080033e4   Section       14  handlers.o(i.__scatterload_zeroinit)
    i._fp_digits                             0x080033f4   Section        0  printfa.o(i._fp_digits)
    _fp_digits                               0x080033f5   Thumb Code   326  printfa.o(i._fp_digits)
    i._printf_core                           0x08003550   Section        0  printfa.o(i._printf_core)
    _printf_core                             0x08003551   Thumb Code  1762  printfa.o(i._printf_core)
    i._printf_post_padding                   0x08003c40   Section        0  printfa.o(i._printf_post_padding)
    _printf_post_padding                     0x08003c41   Thumb Code    38  printfa.o(i._printf_post_padding)
    i._printf_pre_padding                    0x08003c66   Section        0  printfa.o(i._printf_pre_padding)
    _printf_pre_padding                      0x08003c67   Thumb Code    48  printfa.o(i._printf_pre_padding)
    i._sputc                                 0x08003c96   Section        0  printfa.o(i._sputc)
    _sputc                                   0x08003c97   Thumb Code    10  printfa.o(i._sputc)
    i.free                                   0x08003ca0   Section        0  malloc.o(i.free)
    i.malloc                                 0x08003cf0   Section        0  malloc.o(i.malloc)
    .text                                    0x08039004   Section        0  unoptimize.o(.text)
    .data                                    0x20000000   Section       44  remix_core.o(.data)
    .data                                    0x2000002c   Section        4  remix_cpu.o(.data)
    .data                                    0x20000030   Section        8  remix_debug.o(.data)
    suiTick                                  0x20000030   Data           4  remix_debug.o(.data)
    .data                                    0x20000038   Section       20  remix_task.o(.data)
    .data                                    0x2000004c   Section       20  system_stm32f10x.o(.data)
    .data                                    0x20000060   Section       20  test.o(.data)
    suiLastTime                              0x20000060   Data           4  test.o(.data)
    .data                                    0x20000074   Section       20  stm32f10x_rcc.o(.data)
    APBAHBPrescTable                         0x20000074   Data          16  stm32f10x_rcc.o(.data)
    ADCPrescTable                            0x20000084   Data           4  stm32f10x_rcc.o(.data)
    .data                                    0x20000088   Section        4  mvars.o(.data)
    .data                                    0x2000008c   Section        4  mvars.o(.data)
    .bss                                     0x20000090   Section       68  remix_core.o(.bss)
    .bss                                     0x200000d4   Section       64  remix_task.o(.bss)
    .bss                                     0x20000114   Section    11208  device.o(.bss)
    HEAP                                     0x20002ce0   Section    16384  startup_stm32f10x_hd.o(HEAP)
    STACK                                    0x20006ce0   Section      512  startup_stm32f10x_hd.o(STACK)

    Global Symbols

    Symbol Name                              Value     Ov Type        Size  Object(Section)

    BuildAttributes$$THM_ISAv4$P$D$K$B$S$PE$A:L22UL41UL21$X:L11$S22US41US21$IEEE1$IW$USESV6$~STKCKD$USESV7$~SHL$OSPACE$ROPI$EBA8$MICROLIB$REQ8$PRES8$EABIv2 0x00000000   Number         0  anon$$obj.o ABSOLUTE
    __ARM_use_no_argv                        0x00000000   Number         0  main.o ABSOLUTE
    __cpp_initialize__aeabi_                  - Undefined Weak Reference
    __cxa_finalize                            - Undefined Weak Reference
    __decompress                              - Undefined Weak Reference
    _clock_init                               - Undefined Weak Reference
    _microlib_exit                            - Undefined Weak Reference
    __Vectors_Size                           0x00000130   Number         0  startup_stm32f10x_hd.o ABSOLUTE
    __Vectors                                0x08000000   Data           4  startup_stm32f10x_hd.o(RESET)
    __Vectors_End                            0x08000130   Data           0  startup_stm32f10x_hd.o(RESET)
    __main                                   0x08000131   Thumb Code     0  entry.o(.ARM.Collect$$$$00000000)
    _main_stk                                0x08000131   Thumb Code     0  entry2.o(.ARM.Collect$$$$00000001)
    _main_scatterload                        0x08000135   Thumb Code     0  entry5.o(.ARM.Collect$$$$00000004)
    __main_after_scatterload                 0x08000139   Thumb Code     0  entry5.o(.ARM.Collect$$$$00000004)
    _main_clock                              0x08000139   Thumb Code     0  entry7b.o(.ARM.Collect$$$$00000008)
    _main_cpp_init                           0x08000139   Thumb Code     0  entry8b.o(.ARM.Collect$$$$0000000A)
    _main_init                               0x08000139   Thumb Code     0  entry9a.o(.ARM.Collect$$$$0000000B)
    __rt_final_cpp                           0x08000141   Thumb Code     0  entry10a.o(.ARM.Collect$$$$0000000D)
    __rt_final_exit                          0x08000141   Thumb Code     0  entry11a.o(.ARM.Collect$$$$0000000F)
    REMIX_IdleTask                           0x08000145   Thumb Code     4  remix_core.o(.text)
    REMIX_SetUser                            0x08000149   Thumb Code     6  remix_core.o(.text)
    REMIX_BeforeRootTask                     0x0800014f   Thumb Code    18  remix_core.o(.text)
    REMIX_TaskDelayTableInit                 0x08000161   Thumb Code    10  remix_core.o(.text)
    REMIX_TaskSchedTableInit                 0x0800016b   Thumb Code    30  remix_core.o(.text)
    REMIX_TaskReadyTableInit                 0x08000189   Thumb Code    10  remix_core.o(.text)
    REMIX_TaskListInit                       0x08000193   Thumb Code    10  remix_core.o(.text)
    REMIXOS_Init                             0x0800019d   Thumb Code   142  remix_core.o(.text)
    REMIXOS_Start                            0x0800022b   Thumb Code    24  remix_core.o(.text)
    REMIX_TaskTick                           0x08000243   Thumb Code    86  remix_core.o(.text)
    REMIX_TaskGetHighestPrio                 0x08000299   Thumb Code    12  remix_core.o(.text)
    REMIX_TaskReadyTableSched                0x080002a5   Thumb Code   140  remix_core.o(.text)
    REMIX_TaskSetPrioFlag                    0x08000331   Thumb Code    14  remix_core.o(.text)
    REMIX_TaskAddToSchedTable                0x0800033f   Thumb Code    32  remix_core.o(.text)
    REMIX_TaskAddToReadyTable                0x0800035f   Thumb Code    28  remix_core.o(.text)
    REMIX_TaskClrPrioFlag                    0x0800037b   Thumb Code    12  remix_core.o(.text)
    REMIX_TaskDeleteFromSchedTable           0x08000387   Thumb Code    40  remix_core.o(.text)
    REMIX_TaskDeleteFromSemTable             0x080003af   Thumb Code    58  remix_core.o(.text)
    REMIX_TaskDeleteFromDelayTable           0x080003e9   Thumb Code    14  remix_core.o(.text)
    REMIX_TaskDelayTableSched                0x080003f7   Thumb Code   180  remix_core.o(.text)
    REMIX_TaskSched                          0x080004ab   Thumb Code    86  remix_core.o(.text)
    REMIX_TaskAddToTaskList                  0x08000501   Thumb Code    14  remix_core.o(.text)
    REMIX_TaskDeleteFromTaskList             0x0800050f   Thumb Code    14  remix_core.o(.text)
    REMIX_TaskDeleteFromReadyTable           0x0800051d   Thumb Code   104  remix_core.o(.text)
    REMIX_TaskAddToDelayTable                0x08000585   Thumb Code   138  remix_core.o(.text)
    REMIX_TaskSemTableInit                   0x0800060f   Thumb Code    12  remix_core.o(.text)
    REMIX_TaskAddToSemTable                  0x0800061b   Thumb Code    72  remix_core.o(.text)
    REMIX_TaskSemTableSche                   0x08000663   Thumb Code    56  remix_core.o(.text)
    REMIX_GetSystemTick                      0x0800069b   Thumb Code     6  remix_core.o(.text)
    REMIX_GetCurrentTcb                      0x080006a1   Thumb Code     6  remix_core.o(.text)
    REMIX_GetRootTcb                         0x080006a7   Thumb Code     6  remix_core.o(.text)
    REMIX_GetIdleTcb                         0x080006ad   Thumb Code     6  remix_core.o(.text)
    REMIX_GetUser                            0x080006b3   Thumb Code     6  remix_core.o(.text)
    REMIX_GetREMIXVersion                    0x080006b9   Thumb Code     4  remix_core.o(.text)
    REMIX_TaskStackInit                      0x08000705   Thumb Code   142  remix_cpu.o(.text)
    REMIX_PendSvIsrInit                      0x08000793   Thumb Code    14  remix_cpu.o(.text)
    REMIX_TickTimerInit                      0x080007a1   Thumb Code    68  remix_cpu.o(.text)
    REMIX_SystemHardwareInit                 0x080007e5   Thumb Code    12  remix_cpu.o(.text)
    REMIX_SetChipWorkMode                    0x080007f1   Thumb Code    26  remix_cpu.o(.text)
    REMIX_IntPendSvSet                       0x0800080b   Thumb Code    18  remix_cpu.o(.text)
    REMIX_RunInInt                           0x0800081d   Thumb Code    20  remix_cpu.o(.text)
    REMIX_TaskSwiSched                       0x08000831   Thumb Code    22  remix_cpu.o(.text)
    REMIX_IntLock                            0x08000847   Thumb Code    60  remix_cpu.o(.text)
    REMIX_IntUnlock                          0x08000883   Thumb Code    62  remix_cpu.o(.text)
    REMIX_CalcPrioFromPrioFlag               0x080008c1   Thumb Code    24  remix_cpu.o(.text)
    REMIX_TaskStackCheckInit                 0x080008f1   Thumb Code    28  remix_debug.o(.text)
    REMIX_TaskStackCheck                     0x0800090d   Thumb Code    36  remix_debug.o(.text)
    REMIX_TaskCPUShareInit                   0x08000931   Thumb Code    18  remix_debug.o(.text)
    REMIX_CPUShareStatistic                  0x08000943   Thumb Code   140  remix_debug.o(.text)
    REMIX_GetCPUShare                        0x080009cf   Thumb Code     8  remix_debug.o(.text)
    REMIX_DlistInit                          0x080009e9   Thumb Code     8  remix_list.o(.text)
    REMIX_DlistNodeAdd                       0x080009f1   Thumb Code    28  remix_list.o(.text)
    REMIX_DlistNodeDelete                    0x08000a0d   Thumb Code    38  remix_list.o(.text)
    REMIX_DlistCurNodeInsert                 0x08000a33   Thumb Code    36  remix_list.o(.text)
    REMIX_DlistCurNodeDelete                 0x08000a57   Thumb Code    52  remix_list.o(.text)
    REMIX_DlistEmpInq                        0x08000a8b   Thumb Code     6  remix_list.o(.text)
    REMIX_DlistNextNodeEmpInq                0x08000a91   Thumb Code    16  remix_list.o(.text)
    REMIX_QueueCreate                        0x08000aa1   Thumb Code   110  remix_queue.o(.text)
    REMIX_QueuePutNode                       0x08000b0f   Thumb Code    40  remix_queue.o(.text)
    REMIX_QueueGetNode                       0x08000b37   Thumb Code    62  remix_queue.o(.text)
    REMIX_QueueDelete                        0x08000b75   Thumb Code    52  remix_queue.o(.text)
    REMIX_SemCreate                          0x08000ba9   Thumb Code   172  remix_sem.o(.text)
    REMIX_SemTake                            0x08000c55   Thumb Code   464  remix_sem.o(.text)
    REMIX_SemGive                            0x08000e25   Thumb Code   346  remix_sem.o(.text)
    REMIX_SemFlushValue                      0x08000f7f   Thumb Code   156  remix_sem.o(.text)
    REMIX_SemFlush                           0x0800101b   Thumb Code    14  remix_sem.o(.text)
    REMIX_SemDelete                          0x08001029   Thumb Code    62  remix_sem.o(.text)
    REMIX_TaskTcbInit                        0x08001071   Thumb Code   246  remix_task.o(.text)
    REMIX_TaskCreate                         0x08001167   Thumb Code   134  remix_task.o(.text)
    REMIX_TaskDelete                         0x080011ed   Thumb Code   176  remix_task.o(.text)
    REMIX_TaskSelfDelete                     0x0800129d   Thumb Code    12  remix_task.o(.text)
    REMIX_TaskDelay                          0x080012a9   Thumb Code   198  remix_task.o(.text)
    REMIX_TaskWake                           0x0800136f   Thumb Code   134  remix_task.o(.text)
    REMIX_TaskPend                           0x080013f5   Thumb Code   192  remix_task.o(.text)
    REMIX_GetTaskLinkRoot                    0x080014b5   Thumb Code     4  remix_task.o(.text)
    REMIX_TaskPrioInheritance                0x080014b9   Thumb Code   166  remix_task.o(.text)
    REMIX_TaskPrioResume                     0x0800155f   Thumb Code    94  remix_task.o(.text)
    REMIX_TaskTimeSlice                      0x080015bd   Thumb Code    84  remix_task.o(.text)
    REMIX_TaskHookInit                       0x08001611   Thumb Code    16  remix_task.o(.text)
    REMIX_TaskCreateHookAdd                  0x08001621   Thumb Code     6  remix_task.o(.text)
    REMIX_TaskCreateHookDel                  0x08001627   Thumb Code     8  remix_task.o(.text)
    REMIX_TaskSwitchHookAdd                  0x0800162f   Thumb Code     6  remix_task.o(.text)
    REMIX_TaskSwitchHookDel                  0x08001635   Thumb Code     8  remix_task.o(.text)
    REMIX_TaskDeleteHookAdd                  0x0800163d   Thumb Code     6  remix_task.o(.text)
    REMIX_TaskDeleteHookDel                  0x08001643   Thumb Code     8  remix_task.o(.text)
    DEV_BufferInit                           0x08001665   Thumb Code    40  device.o(.text)
    DEV_SoftwareInit                         0x0800168d   Thumb Code    56  device.o(.text)
    DEV_UartInit                             0x080016c5   Thumb Code    90  device.o(.text)
    DEV_HardwareInit                         0x0800171f   Thumb Code     8  device.o(.text)
    DEV_PutChar                              0x08001727   Thumb Code    28  device.o(.text)
    DEV_BufferAlloc                          0x08001743   Thumb Code    24  device.o(.text)
    DEV_PutStrToMem                          0x0800175b   Thumb Code    64  device.o(.text)
    DEV_PrintMsg                             0x0800179b   Thumb Code    26  device.o(.text)
    DEV_BufferFree                           0x080017b5   Thumb Code    24  device.o(.text)
    NMI_Handler                              0x080017ed   Thumb Code     2  stm32f10x_it.o(.text)
    HardFault_Handler                        0x080017ef   Thumb Code     4  stm32f10x_it.o(.text)
    MemManage_Handler                        0x080017f3   Thumb Code     4  stm32f10x_it.o(.text)
    BusFault_Handler                         0x080017f7   Thumb Code     4  stm32f10x_it.o(.text)
    UsageFault_Handler                       0x080017fb   Thumb Code     4  stm32f10x_it.o(.text)
    SVC_Handler                              0x080017ff   Thumb Code    20  stm32f10x_it.o(.text)
    DebugMon_Handler                         0x08001813   Thumb Code     2  stm32f10x_it.o(.text)
    PendSV_Handler                           0x08001815   Thumb Code     2  stm32f10x_it.o(.text)
    SysTick_Handler                          0x08001817   Thumb Code     8  stm32f10x_it.o(.text)
    SystemInit                               0x08001901   Thumb Code    78  system_stm32f10x.o(.text)
    SystemCoreClockUpdate                    0x0800194f   Thumb Code   142  system_stm32f10x.o(.text)
    TEST_TaskRun                             0x08001a01   Thumb Code    12  test.o(.text)
    TEST_TestTask1                           0x08001a0d   Thumb Code   156  test.o(.text)
    TEST_Fibonacci                           0x08001aa9   Thumb Code    54  test.o(.text)
    TEST_TestTask2                           0x08001adf   Thumb Code   222  test.o(.text)
    TEST_TestTask3                           0x08001bbd   Thumb Code   222  test.o(.text)
    TEST_SerialPrintTask                     0x08001c9b   Thumb Code    42  test.o(.text)
    TEST_TaskCreatePrint                     0x08001cc5   Thumb Code    42  test.o(.text)
    TEST_PrintCpuUtilize                     0x08001cef   Thumb Code    74  test.o(.text)
    TEST_TaskSwitchPrint                     0x08001d39   Thumb Code  1010  test.o(.text)
    TEST_TaskDeletePrint                     0x0800212b   Thumb Code    22  test.o(.text)
    main                                     0x080021b5   Thumb Code   142  main.o(.text)
    GPIO_DeInit                              0x080022a1   Thumb Code   172  stm32f10x_gpio.o(.text)
    GPIO_AFIODeInit                          0x0800234d   Thumb Code    20  stm32f10x_gpio.o(.text)
    GPIO_Init                                0x08002361   Thumb Code   274  stm32f10x_gpio.o(.text)
    GPIO_StructInit                          0x08002473   Thumb Code    16  stm32f10x_gpio.o(.text)
    GPIO_ReadInputDataBit                    0x08002483   Thumb Code    18  stm32f10x_gpio.o(.text)
    GPIO_ReadInputData                       0x08002495   Thumb Code     8  stm32f10x_gpio.o(.text)
    GPIO_ReadOutputDataBit                   0x0800249d   Thumb Code    18  stm32f10x_gpio.o(.text)
    GPIO_ReadOutputData                      0x080024af   Thumb Code     8  stm32f10x_gpio.o(.text)
    GPIO_SetBits                             0x080024b7   Thumb Code     4  stm32f10x_gpio.o(.text)
    GPIO_ResetBits                           0x080024bb   Thumb Code     4  stm32f10x_gpio.o(.text)
    GPIO_WriteBit                            0x080024bf   Thumb Code    10  stm32f10x_gpio.o(.text)
    GPIO_Write                               0x080024c9   Thumb Code     4  stm32f10x_gpio.o(.text)
    GPIO_PinLockConfig                       0x080024cd   Thumb Code    18  stm32f10x_gpio.o(.text)
    GPIO_EventOutputConfig                   0x080024df   Thumb Code    26  stm32f10x_gpio.o(.text)
    GPIO_EventOutputCmd                      0x080024f9   Thumb Code     6  stm32f10x_gpio.o(.text)
    GPIO_PinRemapConfig                      0x080024ff   Thumb Code   138  stm32f10x_gpio.o(.text)
    GPIO_EXTILineConfig                      0x08002589   Thumb Code    66  stm32f10x_gpio.o(.text)
    GPIO_ETH_MediaInterfaceConfig            0x080025cb   Thumb Code     6  stm32f10x_gpio.o(.text)
    RCC_DeInit                               0x080025f9   Thumb Code    64  stm32f10x_rcc.o(.text)
    RCC_HSEConfig                            0x08002639   Thumb Code    70  stm32f10x_rcc.o(.text)
    RCC_GetFlagStatus                        0x0800267f   Thumb Code    56  stm32f10x_rcc.o(.text)
    RCC_WaitForHSEStartUp                    0x080026b7   Thumb Code    56  stm32f10x_rcc.o(.text)
    RCC_AdjustHSICalibrationValue            0x080026ef   Thumb Code    20  stm32f10x_rcc.o(.text)
    RCC_HSICmd                               0x08002703   Thumb Code     6  stm32f10x_rcc.o(.text)
    RCC_PLLConfig                            0x08002709   Thumb Code    24  stm32f10x_rcc.o(.text)
    RCC_PLLCmd                               0x08002721   Thumb Code     6  stm32f10x_rcc.o(.text)
    RCC_SYSCLKConfig                         0x08002727   Thumb Code    18  stm32f10x_rcc.o(.text)
    RCC_GetSYSCLKSource                      0x08002739   Thumb Code    10  stm32f10x_rcc.o(.text)
    RCC_HCLKConfig                           0x08002743   Thumb Code    18  stm32f10x_rcc.o(.text)
    RCC_PCLK1Config                          0x08002755   Thumb Code    18  stm32f10x_rcc.o(.text)
    RCC_PCLK2Config                          0x08002767   Thumb Code    20  stm32f10x_rcc.o(.text)
    RCC_ITConfig                             0x0800277b   Thumb Code    26  stm32f10x_rcc.o(.text)
    RCC_USBCLKConfig                         0x08002795   Thumb Code     6  stm32f10x_rcc.o(.text)
    RCC_ADCCLKConfig                         0x0800279b   Thumb Code    18  stm32f10x_rcc.o(.text)
    RCC_LSEConfig                            0x080027ad   Thumb Code    44  stm32f10x_rcc.o(.text)
    RCC_LSICmd                               0x080027d9   Thumb Code     6  stm32f10x_rcc.o(.text)
    RCC_RTCCLKConfig                         0x080027df   Thumb Code    12  stm32f10x_rcc.o(.text)
    RCC_RTCCLKCmd                            0x080027eb   Thumb Code     8  stm32f10x_rcc.o(.text)
    RCC_GetClocksFreq                        0x080027f3   Thumb Code   192  stm32f10x_rcc.o(.text)
    RCC_AHBPeriphClockCmd                    0x080028b3   Thumb Code    26  stm32f10x_rcc.o(.text)
    RCC_APB2PeriphClockCmd                   0x080028cd   Thumb Code    26  stm32f10x_rcc.o(.text)
    RCC_APB1PeriphClockCmd                   0x080028e7   Thumb Code    26  stm32f10x_rcc.o(.text)
    RCC_APB2PeriphResetCmd                   0x08002901   Thumb Code    26  stm32f10x_rcc.o(.text)
    RCC_APB1PeriphResetCmd                   0x0800291b   Thumb Code    26  stm32f10x_rcc.o(.text)
    RCC_BackupResetCmd                       0x08002935   Thumb Code     8  stm32f10x_rcc.o(.text)
    RCC_ClockSecuritySystemCmd               0x0800293d   Thumb Code     6  stm32f10x_rcc.o(.text)
    RCC_MCOConfig                            0x08002943   Thumb Code     6  stm32f10x_rcc.o(.text)
    RCC_ClearFlag                            0x08002949   Thumb Code    14  stm32f10x_rcc.o(.text)
    RCC_GetITStatus                          0x08002957   Thumb Code    20  stm32f10x_rcc.o(.text)
    RCC_ClearITPendingBit                    0x0800296b   Thumb Code     6  stm32f10x_rcc.o(.text)
    USART_DeInit                             0x0800299d   Thumb Code   134  stm32f10x_usart.o(.text)
    USART_Init                               0x08002a23   Thumb Code   210  stm32f10x_usart.o(.text)
    USART_StructInit                         0x08002af5   Thumb Code    24  stm32f10x_usart.o(.text)
    USART_ClockInit                          0x08002b0d   Thumb Code    34  stm32f10x_usart.o(.text)
    USART_ClockStructInit                    0x08002b2f   Thumb Code    12  stm32f10x_usart.o(.text)
    USART_Cmd                                0x08002b3b   Thumb Code    24  stm32f10x_usart.o(.text)
    USART_ITConfig                           0x08002b53   Thumb Code    74  stm32f10x_usart.o(.text)
    USART_DMACmd                             0x08002b9d   Thumb Code    18  stm32f10x_usart.o(.text)
    USART_SetAddress                         0x08002baf   Thumb Code    18  stm32f10x_usart.o(.text)
    USART_WakeUpConfig                       0x08002bc1   Thumb Code    18  stm32f10x_usart.o(.text)
    USART_ReceiverWakeUpCmd                  0x08002bd3   Thumb Code    24  stm32f10x_usart.o(.text)
    USART_LINBreakDetectLengthConfig         0x08002beb   Thumb Code    18  stm32f10x_usart.o(.text)
    USART_LINCmd                             0x08002bfd   Thumb Code    24  stm32f10x_usart.o(.text)
    USART_SendData                           0x08002c15   Thumb Code     8  stm32f10x_usart.o(.text)
    USART_ReceiveData                        0x08002c1d   Thumb Code    10  stm32f10x_usart.o(.text)
    USART_SendBreak                          0x08002c27   Thumb Code    10  stm32f10x_usart.o(.text)
    USART_SetGuardTime                       0x08002c31   Thumb Code    16  stm32f10x_usart.o(.text)
    USART_SetPrescaler                       0x08002c41   Thumb Code    16  stm32f10x_usart.o(.text)
    USART_SmartCardCmd                       0x08002c51   Thumb Code    24  stm32f10x_usart.o(.text)
    USART_SmartCardNACKCmd                   0x08002c69   Thumb Code    24  stm32f10x_usart.o(.text)
    USART_HalfDuplexCmd                      0x08002c81   Thumb Code    24  stm32f10x_usart.o(.text)
    USART_OverSampling8Cmd                   0x08002c99   Thumb Code    22  stm32f10x_usart.o(.text)
    USART_OneBitMethodCmd                    0x08002caf   Thumb Code    24  stm32f10x_usart.o(.text)
    USART_IrDAConfig                         0x08002cc7   Thumb Code    18  stm32f10x_usart.o(.text)
    USART_IrDACmd                            0x08002cd9   Thumb Code    24  stm32f10x_usart.o(.text)
    USART_GetFlagStatus                      0x08002cf1   Thumb Code    26  stm32f10x_usart.o(.text)
    USART_ClearFlag                          0x08002d0b   Thumb Code    18  stm32f10x_usart.o(.text)
    USART_GetITStatus                        0x08002d1d   Thumb Code    84  stm32f10x_usart.o(.text)
    USART_ClearITPendingBit                  0x08002d71   Thumb Code    52  stm32f10x_usart.o(.text)
    Reset_Handler                            0x08002da5   Thumb Code     8  startup_stm32f10x_hd.o(.text)
    ADC1_2_IRQHandler                        0x08002dbf   Thumb Code     0  startup_stm32f10x_hd.o(.text)
    ADC3_IRQHandler                          0x08002dbf   Thumb Code     0  startup_stm32f10x_hd.o(.text)
    CAN1_RX1_IRQHandler                      0x08002dbf   Thumb Code     0  startup_stm32f10x_hd.o(.text)
    CAN1_SCE_IRQHandler                      0x08002dbf   Thumb Code     0  startup_stm32f10x_hd.o(.text)
    DMA1_Channel1_IRQHandler                 0x08002dbf   Thumb Code     0  startup_stm32f10x_hd.o(.text)
    DMA1_Channel2_IRQHandler                 0x08002dbf   Thumb Code     0  startup_stm32f10x_hd.o(.text)
    DMA1_Channel3_IRQHandler                 0x08002dbf   Thumb Code     0  startup_stm32f10x_hd.o(.text)
    DMA1_Channel4_IRQHandler                 0x08002dbf   Thumb Code     0  startup_stm32f10x_hd.o(.text)
    DMA1_Channel5_IRQHandler                 0x08002dbf   Thumb Code     0  startup_stm32f10x_hd.o(.text)
    DMA1_Channel6_IRQHandler                 0x08002dbf   Thumb Code     0  startup_stm32f10x_hd.o(.text)
    DMA1_Channel7_IRQHandler                 0x08002dbf   Thumb Code     0  startup_stm32f10x_hd.o(.text)
    DMA2_Channel1_IRQHandler                 0x08002dbf   Thumb Code     0  startup_stm32f10x_hd.o(.text)
    DMA2_Channel2_IRQHandler                 0x08002dbf   Thumb Code     0  startup_stm32f10x_hd.o(.text)
    DMA2_Channel3_IRQHandler                 0x08002dbf   Thumb Code     0  startup_stm32f10x_hd.o(.text)
    DMA2_Channel4_5_IRQHandler               0x08002dbf   Thumb Code     0  startup_stm32f10x_hd.o(.text)
    EXTI0_IRQHandler                         0x08002dbf   Thumb Code     0  startup_stm32f10x_hd.o(.text)
    EXTI15_10_IRQHandler                     0x08002dbf   Thumb Code     0  startup_stm32f10x_hd.o(.text)
    EXTI1_IRQHandler                         0x08002dbf   Thumb Code     0  startup_stm32f10x_hd.o(.text)
    EXTI2_IRQHandler                         0x08002dbf   Thumb Code     0  startup_stm32f10x_hd.o(.text)
    EXTI3_IRQHandler                         0x08002dbf   Thumb Code     0  startup_stm32f10x_hd.o(.text)
    EXTI4_IRQHandler                         0x08002dbf   Thumb Code     0  startup_stm32f10x_hd.o(.text)
    EXTI9_5_IRQHandler                       0x08002dbf   Thumb Code     0  startup_stm32f10x_hd.o(.text)
    FLASH_IRQHandler                         0x08002dbf   Thumb Code     0  startup_stm32f10x_hd.o(.text)
    FSMC_IRQHandler                          0x08002dbf   Thumb Code     0  startup_stm32f10x_hd.o(.text)
    I2C1_ER_IRQHandler                       0x08002dbf   Thumb Code     0  startup_stm32f10x_hd.o(.text)
    I2C1_EV_IRQHandler                       0x08002dbf   Thumb Code     0  startup_stm32f10x_hd.o(.text)
    I2C2_ER_IRQHandler                       0x08002dbf   Thumb Code     0  startup_stm32f10x_hd.o(.text)
    I2C2_EV_IRQHandler                       0x08002dbf   Thumb Code     0  startup_stm32f10x_hd.o(.text)
    PVD_IRQHandler                           0x08002dbf   Thumb Code     0  startup_stm32f10x_hd.o(.text)
    RCC_IRQHandler                           0x08002dbf   Thumb Code     0  startup_stm32f10x_hd.o(.text)
    RTCAlarm_IRQHandler                      0x08002dbf   Thumb Code     0  startup_stm32f10x_hd.o(.text)
    RTC_IRQHandler                           0x08002dbf   Thumb Code     0  startup_stm32f10x_hd.o(.text)
    SDIO_IRQHandler                          0x08002dbf   Thumb Code     0  startup_stm32f10x_hd.o(.text)
    SPI1_IRQHandler                          0x08002dbf   Thumb Code     0  startup_stm32f10x_hd.o(.text)
    SPI2_IRQHandler                          0x08002dbf   Thumb Code     0  startup_stm32f10x_hd.o(.text)
    SPI3_IRQHandler                          0x08002dbf   Thumb Code     0  startup_stm32f10x_hd.o(.text)
    TAMPER_IRQHandler                        0x08002dbf   Thumb Code     0  startup_stm32f10x_hd.o(.text)
    TIM1_BRK_IRQHandler                      0x08002dbf   Thumb Code     0  startup_stm32f10x_hd.o(.text)
    TIM1_CC_IRQHandler                       0x08002dbf   Thumb Code     0  startup_stm32f10x_hd.o(.text)
    TIM1_TRG_COM_IRQHandler                  0x08002dbf   Thumb Code     0  startup_stm32f10x_hd.o(.text)
    TIM1_UP_IRQHandler                       0x08002dbf   Thumb Code     0  startup_stm32f10x_hd.o(.text)
    TIM2_IRQHandler                          0x08002dbf   Thumb Code     0  startup_stm32f10x_hd.o(.text)
    TIM3_IRQHandler                          0x08002dbf   Thumb Code     0  startup_stm32f10x_hd.o(.text)
    TIM4_IRQHandler                          0x08002dbf   Thumb Code     0  startup_stm32f10x_hd.o(.text)
    TIM5_IRQHandler                          0x08002dbf   Thumb Code     0  startup_stm32f10x_hd.o(.text)
    TIM6_IRQHandler                          0x08002dbf   Thumb Code     0  startup_stm32f10x_hd.o(.text)
    TIM7_IRQHandler                          0x08002dbf   Thumb Code     0  startup_stm32f10x_hd.o(.text)
    TIM8_BRK_IRQHandler                      0x08002dbf   Thumb Code     0  startup_stm32f10x_hd.o(.text)
    TIM8_CC_IRQHandler                       0x08002dbf   Thumb Code     0  startup_stm32f10x_hd.o(.text)
    TIM8_TRG_COM_IRQHandler                  0x08002dbf   Thumb Code     0  startup_stm32f10x_hd.o(.text)
    TIM8_UP_IRQHandler                       0x08002dbf   Thumb Code     0  startup_stm32f10x_hd.o(.text)
    UART4_IRQHandler                         0x08002dbf   Thumb Code     0  startup_stm32f10x_hd.o(.text)
    UART5_IRQHandler                         0x08002dbf   Thumb Code     0  startup_stm32f10x_hd.o(.text)
    USART1_IRQHandler                        0x08002dbf   Thumb Code     0  startup_stm32f10x_hd.o(.text)
    USART2_IRQHandler                        0x08002dbf   Thumb Code     0  startup_stm32f10x_hd.o(.text)
    USART3_IRQHandler                        0x08002dbf   Thumb Code     0  startup_stm32f10x_hd.o(.text)
    USBWakeUp_IRQHandler                     0x08002dbf   Thumb Code     0  startup_stm32f10x_hd.o(.text)
    USB_HP_CAN1_TX_IRQHandler                0x08002dbf   Thumb Code     0  startup_stm32f10x_hd.o(.text)
    USB_LP_CAN1_RX0_IRQHandler               0x08002dbf   Thumb Code     0  startup_stm32f10x_hd.o(.text)
    WWDG_IRQHandler                          0x08002dbf   Thumb Code     0  startup_stm32f10x_hd.o(.text)
    strlen                                   0x08002dc9   Thumb Code    14  strlen.o(.text)
    __aeabi_uidiv                            0x08002dd7   Thumb Code     0  uidiv.o(.text)
    __aeabi_uidivmod                         0x08002dd7   Thumb Code    44  uidiv.o(.text)
    __aeabi_uldivmod                         0x08002e03   Thumb Code    98  uldiv.o(.text)
    __I$use$fp                               0x08002e65   Thumb Code     0  iusefp.o(.text)
    __aeabi_dadd                             0x08002e65   Thumb Code   322  dadd.o(.text)
    __aeabi_dsub                             0x08002fa7   Thumb Code     6  dadd.o(.text)
    __aeabi_drsub                            0x08002fad   Thumb Code     6  dadd.o(.text)
    __aeabi_dmul                             0x08002fb3   Thumb Code   228  dmul.o(.text)
    __aeabi_ddiv                             0x08003097   Thumb Code   222  ddiv.o(.text)
    __aeabi_d2ulz                            0x08003175   Thumb Code    48  dfixul.o(.text)
    __aeabi_cdrcmple                         0x080031a5   Thumb Code    38  cdrcmple.o(.text)
    __scatterload                            0x080031cd   Thumb Code    28  init.o(.text)
    __scatterload_rt2                        0x080031cd   Thumb Code     0  init.o(.text)
    __aeabi_llsl                             0x080031f1   Thumb Code    30  llshl.o(.text)
    _ll_shift_l                              0x080031f1   Thumb Code     0  llshl.o(.text)
    __aeabi_llsr                             0x0800320f   Thumb Code    32  llushr.o(.text)
    _ll_ushift_r                             0x0800320f   Thumb Code     0  llushr.o(.text)
    __aeabi_lasr                             0x0800322f   Thumb Code    36  llsshr.o(.text)
    _ll_sshift_r                             0x0800322f   Thumb Code     0  llsshr.o(.text)
    _double_round                            0x08003253   Thumb Code    26  depilogue.o(.text)
    _double_epilogue                         0x0800326d   Thumb Code   164  depilogue.o(.text)
    REMIX_CalcPrioTemp                       0x08003311   Thumb Code     0  remix_core_a.o(REMIX_CORE)
    REMIX_PendSvContextSwitch                0x0800331b   Thumb Code     0  remix_core_a.o(REMIX_CORE)
    REMIX_SwitchToTask                       0x08003373   Thumb Code     0  remix_core_a.o(REMIX_CORE)
    REMIX_TaskOccurSwi                       0x08003399   Thumb Code     0  remix_core_a.o(REMIX_CORE)
    REMIX_GetXpsr                            0x0800339d   Thumb Code     0  remix_core_a.o(REMIX_CORE)
    __0vsprintf                              0x080033b1   Thumb Code    30  printfa.o(i.__0vsprintf)
    __1vsprintf                              0x080033b1   Thumb Code     0  printfa.o(i.__0vsprintf)
    __2vsprintf                              0x080033b1   Thumb Code     0  printfa.o(i.__0vsprintf)
    __c89vsprintf                            0x080033b1   Thumb Code     0  printfa.o(i.__0vsprintf)
    vsprintf                                 0x080033b1   Thumb Code     0  printfa.o(i.__0vsprintf)
    __scatterload_copy                       0x080033d5   Thumb Code    14  handlers.o(i.__scatterload_copy)
    __scatterload_null                       0x080033e3   Thumb Code     2  handlers.o(i.__scatterload_null)
    __scatterload_zeroinit                   0x080033e5   Thumb Code    14  handlers.o(i.__scatterload_zeroinit)
    free                                     0x08003ca1   Thumb Code    76  malloc.o(i.free)
    malloc                                   0x08003cf1   Thumb Code    92  malloc.o(i.malloc)
    Region$$Table$$Base                      0x08003d5c   Number         0  anon$$obj.o(Region$$Table)
    Region$$Table$$Limit                     0x08003d7c   Number         0  anon$$obj.o(Region$$Table)
    DEV_DelayMs                              0x08039005   Thumb Code    26  unoptimize.o(.text)
    guiSystemStatus                          0x20000000   Data           4  remix_core.o(.data)
    gstrDelayTab                             0x20000004   Data           8  remix_core.o(.data)
    guiTick                                  0x2000000c   Data           4  remix_core.o(.data)
    gucTickSched                             0x20000010   Data           1  remix_core.o(.data)
    gpstrCurTaskReg                          0x20000014   Data           4  remix_core.o(.data)
    gpstrNextTaskReg                         0x20000018   Data           4  remix_core.o(.data)
    gpstrCurTcb                              0x2000001c   Data           4  remix_core.o(.data)
    gpstrRootTaskTcb                         0x20000020   Data           4  remix_core.o(.data)
    gpstrIdleTaskTcb                         0x20000024   Data           4  remix_core.o(.data)
    guiUser                                  0x20000028   Data           4  remix_core.o(.data)
    guiIntLockCounter                        0x2000002c   Data           4  remix_cpu.o(.data)
    guiCpuSharePeriod                        0x20000034   Data           4  remix_debug.o(.data)
    gstrTaskList                             0x20000038   Data           8  remix_task.o(.data)
    gvfTaskCreateHook                        0x20000040   Data           4  remix_task.o(.data)
    gvfTaskSwitchHook                        0x20000044   Data           4  remix_task.o(.data)
    gvfTaskDeleteHook                        0x20000048   Data           4  remix_task.o(.data)
    SystemCoreClock                          0x2000004c   Data           4  system_stm32f10x.o(.data)
    AHBPrescTable                            0x20000050   Data          16  system_stm32f10x.o(.data)
    gpstrSerialMsgQue                        0x20000064   Data           4  test.o(.data)
    gpstrSerialTaskTcb                       0x20000068   Data           4  test.o(.data)
    gpstrSemMut                              0x2000006c   Data           4  test.o(.data)
    number                                   0x20000070   Data           4  test.o(.data)
    __microlib_freelist                      0x20000088   Data           4  mvars.o(.data)
    __microlib_freelist_initialised          0x2000008c   Data           4  mvars.o(.data)
    gstrReadyTab                             0x20000090   Data          68  remix_core.o(.bss)
    guiTimeSlice                             0x200000d4   Data          32  remix_task.o(.bss)
    gauiSliceCnt                             0x200000f4   Data          32  remix_task.o(.bss)
    gstrBufPool                              0x20000114   Data       11208  device.o(.bss)
    __heap_base                              0x20002ce0   Data           0  startup_stm32f10x_hd.o(HEAP)
    __heap_limit                             0x20006ce0   Data           0  startup_stm32f10x_hd.o(HEAP)
    __initial_sp                             0x20006ee0   Data           0  startup_stm32f10x_hd.o(STACK)



==============================================================================

Memory Map of the image

  Image Entry point : 0x08000131

  Load Region LR_IROM1 (Base: 0x08000000, Size: 0x00003e0c, Max: 0x00039000, ABSOLUTE)

    Execution Region ER_IROM1 (Base: 0x08000000, Size: 0x00003d7c, Max: 0x00039000, ABSOLUTE)

    Base Addr    Size         Type   Attr      Idx    E Section Name        Object

    0x08000000   0x00000130   Data   RO          711    RESET               startup_stm32f10x_hd.o
    0x08000130   0x00000000   Code   RO          716  * .ARM.Collect$$$$00000000  mc_w.l(entry.o)
    0x08000130   0x00000004   Code   RO          777    .ARM.Collect$$$$00000001  mc_w.l(entry2.o)
    0x08000134   0x00000004   Code   RO          780    .ARM.Collect$$$$00000004  mc_w.l(entry5.o)
    0x08000138   0x00000000   Code   RO          782    .ARM.Collect$$$$00000008  mc_w.l(entry7b.o)
    0x08000138   0x00000000   Code   RO          784    .ARM.Collect$$$$0000000A  mc_w.l(entry8b.o)
    0x08000138   0x00000008   Code   RO          785    .ARM.Collect$$$$0000000B  mc_w.l(entry9a.o)
    0x08000140   0x00000000   Code   RO          787    .ARM.Collect$$$$0000000D  mc_w.l(entry10a.o)
    0x08000140   0x00000000   Code   RO          789    .ARM.Collect$$$$0000000F  mc_w.l(entry11a.o)
    0x08000140   0x00000004   Code   RO          778    .ARM.Collect$$$$00002712  mc_w.l(entry2.o)
    0x08000144   0x000005a0   Code   RO            1    .text               remix_core.o
    0x080006e4   0x0000020c   Code   RO          162    .text               remix_cpu.o
    0x080008f0   0x000000f8   Code   RO          188    .text               remix_debug.o
    0x080009e8   0x000000b8   Code   RO          237    .text               remix_list.o
    0x08000aa0   0x00000108   Code   RO          249    .text               remix_queue.o
    0x08000ba8   0x000004c8   Code   RO          268    .text               remix_sem.o
    0x08001070   0x000005f4   Code   RO          280    .text               remix_task.o
    0x08001664   0x00000188   Code   RO          309    .text               device.o
    0x080017ec   0x00000038   Code   RO          338    .text               stm32f10x_it.o
    0x08001824   0x000001dc   Code   RO          357    .text               system_stm32f10x.o
    0x08001a00   0x000007b4   Code   RO          375    .text               test.o
    0x080021b4   0x000000ec   Code   RO          409    .text               main.o
    0x080022a0   0x00000358   Code   RO          575    .text               stm32f10x_gpio.o
    0x080025f8   0x000003a4   Code   RO          623    .text               stm32f10x_rcc.o
    0x0800299c   0x00000408   Code   RO          685    .text               stm32f10x_usart.o
    0x08002da4   0x00000024   Code   RO          712    .text               startup_stm32f10x_hd.o
    0x08002dc8   0x0000000e   Code   RO          719    .text               mc_w.l(strlen.o)
    0x08002dd6   0x0000002c   Code   RO          794    .text               mc_w.l(uidiv.o)
    0x08002e02   0x00000062   Code   RO          796    .text               mc_w.l(uldiv.o)
    0x08002e64   0x00000000   Code   RO          804    .text               mc_w.l(iusefp.o)
    0x08002e64   0x0000014e   Code   RO          805    .text               mf_w.l(dadd.o)
    0x08002fb2   0x000000e4   Code   RO          807    .text               mf_w.l(dmul.o)
    0x08003096   0x000000de   Code   RO          809    .text               mf_w.l(ddiv.o)
    0x08003174   0x00000030   Code   RO          811    .text               mf_w.l(dfixul.o)
    0x080031a4   0x00000028   Code   RO          813    .text               mf_w.l(cdrcmple.o)
    0x080031cc   0x00000024   Code   RO          815    .text               mc_w.l(init.o)
    0x080031f0   0x0000001e   Code   RO          818    .text               mc_w.l(llshl.o)
    0x0800320e   0x00000020   Code   RO          820    .text               mc_w.l(llushr.o)
    0x0800322e   0x00000024   Code   RO          822    .text               mc_w.l(llsshr.o)
    0x08003252   0x000000be   Code   RO          825    .text               mf_w.l(depilogue.o)
    0x08003310   0x000000a0   Code   RO          299    REMIX_CORE          remix_core_a.o
    0x080033b0   0x00000024   Code   RO          728    i.__0vsprintf       mc_w.l(printfa.o)
    0x080033d4   0x0000000e   Code   RO          829    i.__scatterload_copy  mc_w.l(handlers.o)
    0x080033e2   0x00000002   Code   RO          830    i.__scatterload_null  mc_w.l(handlers.o)
    0x080033e4   0x0000000e   Code   RO          831    i.__scatterload_zeroinit  mc_w.l(handlers.o)
    0x080033f2   0x00000002   PAD
    0x080033f4   0x0000015c   Code   RO          729    i._fp_digits        mc_w.l(printfa.o)
    0x08003550   0x000006f0   Code   RO          730    i._printf_core      mc_w.l(printfa.o)
    0x08003c40   0x00000026   Code   RO          731    i._printf_post_padding  mc_w.l(printfa.o)
    0x08003c66   0x00000030   Code   RO          732    i._printf_pre_padding  mc_w.l(printfa.o)
    0x08003c96   0x0000000a   Code   RO          734    i._sputc            mc_w.l(printfa.o)
    0x08003ca0   0x00000050   Code   RO          749    i.free              mc_w.l(malloc.o)
    0x08003cf0   0x0000006c   Code   RO          750    i.malloc            mc_w.l(malloc.o)
    0x08003d5c   0x00000020   Data   RO          827    Region$$Table       anon$$obj.o


    Execution Region RW_IRAM1 (Base: 0x20000000, Size: 0x00006ee0, Max: 0x0000b000, ABSOLUTE)

    Base Addr    Size         Type   Attr      Idx    E Section Name        Object

    0x20000000   0x0000002c   Data   RW            3    .data               remix_core.o
    0x2000002c   0x00000004   Data   RW          163    .data               remix_cpu.o
    0x20000030   0x00000008   Data   RW          189    .data               remix_debug.o
    0x20000038   0x00000014   Data   RW          282    .data               remix_task.o
    0x2000004c   0x00000014   Data   RW          358    .data               system_stm32f10x.o
    0x20000060   0x00000014   Data   RW          376    .data               test.o
    0x20000074   0x00000014   Data   RW          624    .data               stm32f10x_rcc.o
    0x20000088   0x00000004   Data   RW          802    .data               mc_w.l(mvars.o)
    0x2000008c   0x00000004   Data   RW          803    .data               mc_w.l(mvars.o)
    0x20000090   0x00000044   Zero   RW            2    .bss                remix_core.o
    0x200000d4   0x00000040   Zero   RW          281    .bss                remix_task.o
    0x20000114   0x00002bc8   Zero   RW          310    .bss                device.o
    0x20002cdc   0x00000004   PAD
    0x20002ce0   0x00004000   Zero   RW          710    HEAP                startup_stm32f10x_hd.o
    0x20006ce0   0x00000200   Zero   RW          709    STACK               startup_stm32f10x_hd.o



  Load Region LR_IROM2 (Base: 0x08039004, Size: 0x0000001c, Max: 0x00006ffc, ABSOLUTE)

    Execution Region ER_IROM2 (Base: 0x08039004, Size: 0x0000001c, Max: 0x00006ffc, ABSOLUTE)

    Base Addr    Size         Type   Attr      Idx    E Section Name        Object

    0x08039004   0x0000001a   Code   RO          397    .text               unoptimize.o


==============================================================================

Image component sizes


      Code (inc. data)   RO Data    RW Data    ZI Data      Debug   Object Name

       392         32          0          0      11208       3837   device.o
       236         94          0          0          0        431   main.o
      1440        124          0         44         68     242442   remix_core.o
       160         14          0          0          0        292   remix_core_a.o
       524         24          0          4          0      18470   remix_cpu.o
       248         18          0          8          0       5381   remix_debug.o
       184          0          0          0          0       2249   remix_list.o
       264          0          0          0          0       1964   remix_queue.o
      1224         10          0          0          0       3609   remix_sem.o
      1524         62          0         20         64       7216   remix_task.o
        36          8        304          0      16896        748   startup_stm32f10x_hd.o
       856         40          0          0          0       5625   stm32f10x_gpio.o
        56          6          0          0          0       1314   stm32f10x_it.o
       932         44          0         20          0       8760   stm32f10x_rcc.o
      1032         22          0          0          0       8352   stm32f10x_usart.o
       476         36          0         20          0       1635   system_stm32f10x.o
      1972       1038          0         20          0       3896   test.o
        26          0          0          0          0        450   unoptimize.o

    ----------------------------------------------------------------------
     11584       1572        336        136      28240     316671   Object Totals
         0          0         32          0          0          0   (incl. Generated)
         2          0          0          0          4          0   (incl. Padding)

    ----------------------------------------------------------------------

      Code (inc. data)   RO Data    RW Data    ZI Data      Debug   Library Member Name

         0          0          0          0          0          0   entry.o
         0          0          0          0          0          0   entry10a.o
         0          0          0          0          0          0   entry11a.o
         8          4          0          0          0          0   entry2.o
         4          0          0          0          0          0   entry5.o
         0          0          0          0          0          0   entry7b.o
         0          0          0          0          0          0   entry8b.o
         8          4          0          0          0          0   entry9a.o
        30          0          0          0          0          0   handlers.o
        36          8          0          0          0         68   init.o
         0          0          0          0          0          0   iusefp.o
        30          0          0          0          0         68   llshl.o
        36          0          0          0          0         68   llsshr.o
        32          0          0          0          0         68   llushr.o
       188         20          0          0          0        160   malloc.o
         0          0          0          8          0          0   mvars.o
      2256         86          0          0          0        508   printfa.o
        14          0          0          0          0         68   strlen.o
        44          0          0          0          0         80   uidiv.o
        98          0          0          0          0         92   uldiv.o
        40          2          0          0          0         68   cdrcmple.o
       334          0          0          0          0        144   dadd.o
       222          0          0          0          0        100   ddiv.o
       190          0          0          0          0        176   depilogue.o
        48          0          0          0          0         68   dfixul.o
       228          0          0          0          0         92   dmul.o

    ----------------------------------------------------------------------
      3848        124          0          8          0       1828   Library Totals
         2          0          0          0          0          0   (incl. Padding)

    ----------------------------------------------------------------------

      Code (inc. data)   RO Data    RW Data    ZI Data      Debug   Library Name

      2784        122          0          8          0       1180   mc_w.l
      1062          2          0          0          0        648   mf_w.l

    ----------------------------------------------------------------------
      3848        124          0          8          0       1828   Library Totals

    ----------------------------------------------------------------------

==============================================================================


      Code (inc. data)   RO Data    RW Data    ZI Data      Debug   

     15432       1696        336        144      28240     315951   Grand Totals
     15432       1696        336        144      28240     315951   ELF Image Totals
     15432       1696        336        144          0          0   ROM Totals

==============================================================================

    Total RO  Size (Code + RO Data)                15768 (  15.40kB)
    Total RW  Size (RW Data + ZI Data)             28384 (  27.72kB)
    Total ROM Size (Code + RO Data + RW Data)      15912 (  15.54kB)

==============================================================================

