ARM Linker, 5.03 [Build 24] [MDK-ARM Standard]

==============================================================================

Section Cross References

    remix_core.o(.text) refers to remix_debug.o(.text) for REMIX_IdleHook
    remix_core.o(.text) refers to remix_list.o(.text) for REMIX_DlistInit
    remix_core.o(.text) refers to remix_task.o(.text) for REMIX_TaskHookInit
    remix_core.o(.text) refers to remix_mem.o(.text) for REMIX_MemInit
    remix_core.o(.text) refers to remix_cpu.o(.text) for REMIX_SystemHardwareInit
    remix_core.o(.text) refers to remix_core_a.o(REMIX_CORE) for REMIX_SwitchToTask
    remix_core.o(.text) refers to remix_core.o(.data) for guiUser
    remix_core.o(.text) refers to remix_core.o(.bss) for gstrReadyTab
    remix_core.o(.text) refers to remix_task.o(.data) for gstrTaskList
    remix_core.o(.text) refers to remix_cpu.o(.data) for guiIntLockCounter
    remix_core.o(.text) refers to remix_debug.o(.data) for guiCpuSharePeriod
    remix_core.o(.text) refers to remix_task.o(.bss) for guiTimeSlice
    remix_cpu.o(.text) refers to remix_debug.o(.text) for REMIX_TaskStackCheckInit
    remix_cpu.o(.text) refers to remix_core_a.o(REMIX_CORE) for REMIX_GetXpsr
    remix_cpu.o(.text) refers to remix_task.o(.text) for REMIX_TaskSelfDelete
    remix_cpu.o(.text) refers to system_stm32f10x.o(.data) for SystemCoreClock
    remix_cpu.o(.text) refers to remix_cpu.o(.data) for guiIntLockCounter
    remix_debug.o(.text) refers to remix_list.o(.text) for REMIX_DlistNextNodeEmpInq
    remix_debug.o(.text) refers to remix_debug.o(.data) for suiTick
    remix_debug.o(.text) refers to remix_core.o(.data) for guiTick
    remix_debug.o(.text) refers to remix_task.o(.data) for gstrTaskList
    remix_queue.o(.text) refers to remix_cpu.o(.text) for REMIX_InterruptLock
    remix_queue.o(.text) refers to h1_alloc.o(.text) for malloc
    remix_queue.o(.text) refers to remix_list.o(.text) for REMIX_DlistInit
    remix_queue.o(.text) refers to remix_sem.o(.text) for REMIX_SemCreate
    remix_queue.o(.text) refers to h1_free.o(.text) for free
    remix_sem.o(.text) refers to remix_cpu.o(.text) for REMIX_InterruptLock
    remix_sem.o(.text) refers to h1_alloc.o(.text) for malloc
    remix_sem.o(.text) refers to remix_core.o(.text) for REMIX_TaskSemTableInit
    remix_sem.o(.text) refers to remix_task.o(.text) for REMIX_TaskPend
    remix_sem.o(.text) refers to h1_free.o(.text) for free
    remix_sem.o(.text) refers to remix_core.o(.data) for gpstrCurTcb
    remix_sem.o(.text) refers to remix_core.o(.bss) for gstrReadyTab
    remix_task.o(.text) refers to remix_cpu.o(.text) for REMIX_InterruptLock
    remix_task.o(.text) refers to h1_alloc.o(.text) for malloc
    remix_task.o(.text) refers to remix_core.o(.text) for REMIX_TaskAddToTaskList
    remix_task.o(.text) refers to remix_debug.o(.text) for REMIX_TaskCPUShareInit
    remix_task.o(.text) refers to h1_free.o(.text) for free
    remix_task.o(.text) refers to remix_core.o(.bss) for gstrReadyTab
    remix_task.o(.text) refers to remix_core.o(.data) for guiTick
    remix_task.o(.text) refers to remix_task.o(.data) for gvfTaskCreateHook
    remix_task.o(.text) refers to remix_task.o(.bss) for gauiSliceCnt
    remix_core_a.o(REMIX_CORE) refers to remix_core.o(.text) for REMIX_TaskSched
    remix_core_a.o(REMIX_CORE) refers to remix_core.o(.data) for gpstrCurTaskReg
    remix_flag.o(.text) refers to remix_cpu.o(.text) for REMIX_InterruptLock
    remix_flag.o(.text) refers to h1_alloc.o(.text) for malloc
    remix_flag.o(.text) refers to remix_core.o(.text) for REMIX_TaskFlagTableInit
    remix_flag.o(.text) refers to remix_task.o(.text) for REMIX_FlagBlock
    remix_flag.o(.text) refers to h1_free.o(.text) for free
    remix_flag.o(.text) refers to remix_core.o(.data) for gpstrCurTcb
    remix_flag.o(.text) refers to remix_core.o(.bss) for gstrReadyTab
    remix_mem.o(.text) refers to remix_core.o(.text) for REMIX_MemClr
    remix_mem.o(.text) refers to remix_cpu.o(.text) for REMIX_InterruptLock
    remix_mem.o(.text) refers to remix_mem.o(.bss) for gstrMemTable
    remix_mem.o(.text) refers to remix_mem.o(.data) for gpstrMemFreeList
    device.o(.text) refers to remix_list.o(.text) for REMIX_DlistInit
    device.o(.text) refers to remix_queue.o(.text) for REMIX_QueueCreate
    device.o(.text) refers to remix_flag.o(.text) for REMIX_FlagCreate
    device.o(.text) refers to remix_task.o(.text) for REMIX_TaskCreateHookAdd
    device.o(.text) refers to stm32f10x_rcc.o(.text) for RCC_APB2PeriphClockCmd
    device.o(.text) refers to stm32f10x_gpio.o(.text) for GPIO_Init
    device.o(.text) refers to stm32f10x_usart.o(.text) for USART_StructInit
    device.o(.text) refers to remix_cpu.o(.text) for REMIX_InterruptLock
    device.o(.text) refers to c89vsprintf.o(.text) for __c89vsprintf
    device.o(.text) refers to strlen.o(.text) for strlen
    device.o(.text) refers to device.o(.bss) for gstrBufPool
[...]
    SetSysClockTo72                          0x08002475   Thumb Code   212  system_stm32f10x.o(.text)
    SetSysClock                              0x08002549   Thumb Code     8  system_stm32f10x.o(.text)
    .text                                    0x08002650   Section        0  test.o(.text)
    .text                                    0x08002d84   Section        0  main.o(.text)
    .text                                    0x08002f58   Section        0  stm32f10x_gpio.o(.text)
    .text                                    0x080032b0   Section        0  stm32f10x_rcc.o(.text)
    .text                                    0x08003654   Section        0  stm32f10x_usart.o(.text)
    .text                                    0x08003a5c   Section       64  startup_stm32f10x_hd.o(.text)
    .text                                    0x08003a9c   Section        0  h1_alloc.o(.text)
    .text                                    0x08003afa   Section        0  h1_free.o(.text)
    .text                                    0x08003b48   Section        0  c89vsprintf.o(.text)
    .text                                    0x08003b6c   Section        0  strlen.o(.text)
    .text                                    0x08003baa   Section        0  heapauxi.o(.text)
    .text                                    0x08003bb0   Section        8  rt_heap_descriptor_intlibspace.o(.text)
    .text                                    0x08003bb8   Section        0  hguard.o(.text)
    .text                                    0x08003bbc   Section        0  init_alloc.o(.text)
    .text                                    0x08003c46   Section        0  h1_init.o(.text)
    .text                                    0x08003c54   Section        0  _printf_pad.o(.text)
    .text                                    0x08003ca6   Section        0  _printf_truncate.o(.text)
    .text                                    0x08003cca   Section        0  _printf_str.o(.text)
    .text                                    0x08003d1c   Section        0  _printf_dec.o(.text)
    .text                                    0x08003d94   Section        0  _printf_charcount.o(.text)
    .text                                    0x08003dc0   Section        0  _printf_char_common.o(.text)
    _printf_input_char                       0x08003dc1   Thumb Code    10  _printf_char_common.o(.text)
    .text                                    0x08003df0   Section        0  _sputc.o(.text)
    .text                                    0x08003dfc   Section        0  _printf_wctomb.o(.text)
    .text                                    0x08003eb8   Section        0  _printf_longlong_dec.o(.text)
    .text                                    0x08003f30   Section        0  _printf_oct_int_ll.o(.text)
    _printf_longlong_oct_internal            0x08003f31   Thumb Code     0  _printf_oct_int_ll.o(.text)
    .text                                    0x08003fa8   Section        0  _printf_hex_int_ll_ptr.o(.text)
    _printf_hex_common                       0x08003fa9   Thumb Code     0  _printf_hex_int_ll_ptr.o(.text)
    .text                                    0x08004044   Section        0  __printf_flags_ss_wp.o(.text)
    .text                                    0x080041d0   Section        8  libspace.o(.text)
    .text                                    0x080041d8   Section        0  h1_extend.o(.text)
    .text                                    0x0800420c   Section      138  lludiv10.o(.text)
    .text                                    0x08004296   Section        0  _printf_intcommon.o(.text)
    .text                                    0x0800434e   Section        0  _printf_fp_dec.o(.text)
    _fp_digits                               0x08004351   Thumb Code   426  _printf_fp_dec.o(.text)
    .text                                    0x0800476e   Section        0  _printf_char.o(.text)
    .text                                    0x0800479a   Section        0  _printf_wchar.o(.text)
    .text                                    0x080047c6   Section        0  _wcrtomb.o(.text)
    .text                                    0x08004806   Section        0  defsig_rtmem_outer.o(.text)
    .text                                    0x08004814   Section        2  use_no_semi.o(.text)
    .text                                    0x08004816   Section        0  indicate_semi.o(.text)
    .text                                    0x08004816   Section       74  sys_stackheap_outer.o(.text)
    .text                                    0x08004860   Section       16  rt_ctype_table.o(.text)
    .text                                    0x08004870   Section        8  rt_locale_intlibspace.o(.text)
    .text                                    0x08004878   Section        0  _printf_fp_infnan.o(.text)
    .text                                    0x080048f8   Section        0  bigflt0.o(.text)
    .text                                    0x080049dc   Section        0  exit.o(.text)
    .text                                    0x080049e8   Section        0  defsig_exit.o(.text)
    .text                                    0x080049f4   Section        0  defsig_rtmem_inner.o(.text)
    .text                                    0x08004a44   Section        0  sys_exit.o(.text)
    .text                                    0x08004a50   Section        0  defsig_general.o(.text)
    .text                                    0x08004a84   Section      128  strcmpv7m.o(.text)
    .text                                    0x08004b04   Section        0  sys_wrch.o(.text)
    CL$$btod_d2e                             0x08004b12   Section       62  btod.o(CL$$btod_d2e)
    CL$$btod_d2e_denorm_low                  0x08004b50   Section       70  btod.o(CL$$btod_d2e_denorm_low)
    CL$$btod_d2e_norm_op1                    0x08004b96   Section       96  btod.o(CL$$btod_d2e_norm_op1)
    CL$$btod_div_common                      0x08004bf6   Section      824  btod.o(CL$$btod_div_common)
    CL$$btod_e2e                             0x08004f2e   Section      198  btod.o(CL$$btod_e2e)
    CL$$btod_ediv                            0x08004ff4   Section       40  btod.o(CL$$btod_ediv)
    CL$$btod_emul                            0x0800501c   Section       40  btod.o(CL$$btod_emul)
    CL$$btod_mult_common                     0x08005044   Section      580  btod.o(CL$$btod_mult_common)
    REMIX_CORE                               0x08005288   Section      172  remix_core_a.o(REMIX_CORE)
    i.__ARM_fpclassify                       0x08005334   Section        0  fpclassify.o(i.__ARM_fpclassify)
    i._is_digit                              0x0800535c   Section        0  __printf_wp.o(i._is_digit)
    locale$$code                             0x0800536c   Section       44  lc_numeric_c.o(locale$$code)
    locale$$code                             0x08005398   Section       44  lc_ctype_c.o(locale$$code)
    x$fpl$printf1                            0x080053c4   Section        4  printf1.o(x$fpl$printf1)
    .constdata                               0x080053c8   Section        8  _printf_wctomb.o(.constdata)
    x$fpl$usenofp                            0x080053c8   Section        0  usenofp.o(x$fpl$usenofp)
    initial_mbstate                          0x080053c8   Data           8  _printf_wctomb.o(.constdata)
    .constdata                               0x080053d0   Section       40  _printf_hex_int_ll_ptr.o(.constdata)
    uc_hextab                                0x080053d0   Data          20  _printf_hex_int_ll_ptr.o(.constdata)
    lc_hextab                                0x080053e4   Data          20  _printf_hex_int_ll_ptr.o(.constdata)
    .constdata                               0x080053f8   Section       17  __printf_flags_ss_wp.o(.constdata)
    maptable                                 0x080053f8   Data          17  __printf_flags_ss_wp.o(.constdata)
    .constdata                               0x0800540c   Section      148  bigflt0.o(.constdata)
    tenpwrs_x                                0x0800540c   Data          60  bigflt0.o(.constdata)
    tenpwrs_i                                0x08005448   Data          64  bigflt0.o(.constdata)
    locale$$data                             0x080054c0   Section       28  lc_numeric_c.o(locale$$data)
    __lcnum_c_name                           0x080054c4   Data           2  lc_numeric_c.o(locale$$data)
    __lcnum_c_start                          0x080054cc   Data           0  lc_numeric_c.o(locale$$data)
    __lcnum_c_point                          0x080054d8   Data           0  lc_numeric_c.o(locale$$data)
    __lcnum_c_thousands                      0x080054da   Data           0  lc_numeric_c.o(locale$$data)
    __lcnum_c_grouping                       0x080054db   Data           0  lc_numeric_c.o(locale$$data)
    locale$$data                             0x080054dc   Section      272  lc_ctype_c.o(locale$$data)
    __lcnum_c_end                            0x080054dc   Data           0  lc_numeric_c.o(locale$$data)
    __lcctype_c_name                         0x080054e0   Data           2  lc_ctype_c.o(locale$$data)
    __lcctype_c_start                        0x080054e8   Data           0  lc_ctype_c.o(locale$$data)
    __lcctype_c_end                          0x080055ec   Data           0  lc_ctype_c.o(locale$$data)
    .text                                    0x08039004   Section        0  unoptimize.o(.text)
    .data                                    0x20000000   Section       44  remix_core.o(.data)
    .data                                    0x2000002c   Section        4  remix_cpu.o(.data)
    .data                                    0x20000030   Section        8  remix_debug.o(.data)
    suiTick                                  0x20000030   Data           4  remix_debug.o(.data)
    .data                                    0x20000038   Section       20  remix_task.o(.data)
    .data                                    0x2000004c   Section        4  remix_mem.o(.data)
    .data                                    0x20000050   Section       20  system_stm32f10x.o(.data)
    .data                                    0x20000064   Section       16  test.o(.data)
    suiLastTime                              0x20000064   Data           4  test.o(.data)
    .data                                    0x20000074   Section       52  main.o(.data)
    .data                                    0x200000a8   Section       20  stm32f10x_rcc.o(.data)
    APBAHBPrescTable                         0x200000a8   Data          16  stm32f10x_rcc.o(.data)
    ADCPrescTable                            0x200000b8   Data           4  stm32f10x_rcc.o(.data)
    .bss                                     0x200000bc   Section       68  remix_core.o(.bss)
    .bss                                     0x20000100   Section       64  remix_task.o(.bss)
    .bss                                     0x20000140   Section       80  remix_mem.o(.bss)
    .bss                                     0x20000190   Section    11208  device.o(.bss)
    .bss                                     0x20002d58   Section     5120  main.o(.bss)
    .bss                                     0x20004158   Section       96  libspace.o(.bss)
    HEAP                                     0x200041b8   Section    16384  startup_stm32f10x_hd.o(HEAP)
    Heap_Mem                                 0x200041b8   Data       16384  startup_stm32f10x_hd.o(HEAP)
    STACK                                    0x200081b8   Section      512  startup_stm32f10x_hd.o(STACK)
    Stack_Mem                                0x200081b8   Data         512  startup_stm32f10x_hd.o(STACK)
    __initial_sp                             0x200083b8   Data           0  startup_stm32f10x_hd.o(STACK)

    Global Symbols

    Symbol Name                              Value     Ov Type        Size  Object(Section)

    BuildAttributes$$THM_ISAv4$P$D$K$B$S$PE$A:L22UL41UL21$X:L11$S22US41US21$IEEE1$IW$USESV6$~STKCKD$USESV7$~SHL$OTIME$ROPI$IEEEJ$EBA8$UX$STANDARDLIB$REQ8$PRES8$EABIv2 0x00000000   Number         0  anon$$obj.o ABSOLUTE
    __ARM_use_no_argv                        0x00000000   Number         0  main.o ABSOLUTE
    _printf_flags                            0x00000000   Number         0  printf_stubs.o ABSOLUTE
    _printf_return_value                     0x00000000   Number         0  printf_stubs.o ABSOLUTE
    _printf_sizespec                         0x00000000   Number         0  printf_stubs.o ABSOLUTE
    _printf_widthprec                        0x00000000   Number         0  printf_stubs.o ABSOLUTE
    __ARM_exceptions_init                     - Undefined Weak Reference
    __alloca_initialize                       - Undefined Weak Reference
    __cpp_initialize__aeabi_                  - Undefined Weak Reference
    __cxa_finalize                            - Undefined Weak Reference
    __sigvec_lookup                           - Undefined Weak Reference
    __user_heap_extent                        - Undefined Weak Reference
    _atexit_init                              - Undefined Weak Reference
    _call_atexit_fns                          - Undefined Weak Reference
    _clock_init                               - Undefined Weak Reference
    _fp_trap_init                             - Undefined Weak Reference
    _fp_trap_shutdown                         - Undefined Weak Reference
    _get_lc_collate                           - Undefined Weak Reference
    _get_lc_monetary                          - Undefined Weak Reference
    _get_lc_time                              - Undefined Weak Reference
    _getenv_init                              - Undefined Weak Reference
    _handle_redirection                       - Undefined Weak Reference
    _initio                                   - Undefined Weak Reference
    _mutex_acquire                            - Undefined Weak Reference
    _mutex_free                               - Undefined Weak Reference
    _mutex_release                            - Undefined Weak Reference
    _printf_fp_hex                            - Undefined Weak Reference
    _printf_mbtowc                            - Undefined Weak Reference
    _printf_wc                                - Undefined Weak Reference
    _rand_init                                - Undefined Weak Reference
    _signal_finish                            - Undefined Weak Reference
    _signal_init                              - Undefined Weak Reference
    _terminateio                              - Undefined Weak Reference
    __Vectors_Size                           0x00000130   Number         0  startup_stm32f10x_hd.o ABSOLUTE
    __Vectors                                0x08000000   Data           4  startup_stm32f10x_hd.o(RESET)
    __Vectors_End                            0x08000130   Data           0  startup_stm32f10x_hd.o(RESET)
    __main                                   0x08000131   Thumb Code     8  __main.o(!!!main)
    __scatterload                            0x08000139   Thumb Code     0  __scatter.o(!!!scatter)
    __scatterload_rt2                        0x08000139   Thumb Code    44  __scatter.o(!!!scatter)
    __scatterload_rt2_thumb_only             0x08000139   Thumb Code     0  __scatter.o(!!!scatter)
    __scatterload_null                       0x08000147   Thumb Code     0  __scatter.o(!!!scatter)
    __scatterload_copy                       0x0800016d   Thumb Code    26  __scatter_copy.o(!!handler_copy)
    __scatterload_zeroinit                   0x08000189   Thumb Code    28  __scatter_zi.o(!!handler_zi)
    _printf_n                                0x080001a5   Thumb Code     0  _printf_n.o(.ARM.Collect$$_printf_percent$$00000001)
    _printf_percent                          0x080001a5   Thumb Code     0  _printf_percent.o(.ARM.Collect$$_printf_percent$$00000000)
    _printf_p                                0x080001ab   Thumb Code     0  _printf_p.o(.ARM.Collect$$_printf_percent$$00000002)
    _printf_f                                0x080001b1   Thumb Code     0  _printf_f.o(.ARM.Collect$$_printf_percent$$00000003)
    _printf_e                                0x080001b7   Thumb Code     0  _printf_e.o(.ARM.Collect$$_printf_percent$$00000004)
    _printf_g                                0x080001bd   Thumb Code     0  _printf_g.o(.ARM.Collect$$_printf_percent$$00000005)
    _printf_a                                0x080001c3   Thumb Code     0  _printf_a.o(.ARM.Collect$$_printf_percent$$00000006)
    _printf_ll                               0x080001c9   Thumb Code     0  _printf_ll.o(.ARM.Collect$$_printf_percent$$00000007)
    _printf_i                                0x080001d3   Thumb Code     0  _printf_i.o(.ARM.Collect$$_printf_percent$$00000008)
    _printf_d                                0x080001d9   Thumb Code     0  _printf_d.o(.ARM.Collect$$_printf_percent$$00000009)
    _printf_u                                0x080001df   Thumb Code     0  _printf_u.o(.ARM.Collect$$_printf_percent$$0000000A)
    _printf_o                                0x080001e5   Thumb Code     0  _printf_o.o(.ARM.Collect$$_printf_percent$$0000000B)
    _printf_x                                0x080001eb   Thumb Code     0  _printf_x.o(.ARM.Collect$$_printf_percent$$0000000C)
    _printf_lli                              0x080001f1   Thumb Code     0  _printf_lli.o(.ARM.Collect$$_printf_percent$$0000000D)
    _printf_lld                              0x080001f7   Thumb Code     0  _printf_lld.o(.ARM.Collect$$_printf_percent$$0000000E)
    _printf_llu                              0x080001fd   Thumb Code     0  _printf_llu.o(.ARM.Collect$$_printf_percent$$0000000F)
    _printf_llo                              0x08000203   Thumb Code     0  _printf_llo.o(.ARM.Collect$$_printf_percent$$00000010)
    _printf_llx                              0x08000209   Thumb Code     0  _printf_llx.o(.ARM.Collect$$_printf_percent$$00000011)
    _printf_l                                0x0800020f   Thumb Code     0  _printf_l.o(.ARM.Collect$$_printf_percent$$00000012)
    _printf_c                                0x08000219   Thumb Code     0  _printf_c.o(.ARM.Collect$$_printf_percent$$00000013)
    _printf_s                                0x0800021f   Thumb Code     0  _printf_s.o(.ARM.Collect$$_printf_percent$$00000014)
    _printf_lc                               0x08000225   Thumb Code     0  _printf_lc.o(.ARM.Collect$$_printf_percent$$00000015)
    _printf_ls                               0x0800022b   Thumb Code     0  _printf_ls.o(.ARM.Collect$$_printf_percent$$00000016)
    _printf_percent_end                      0x08000231   Thumb Code     0  _printf_percent_end.o(.ARM.Collect$$_printf_percent$$00000017)
    __rt_lib_init                            0x08000235   Thumb Code     0  libinit.o(.ARM.Collect$$libinit$$00000000)
    __rt_lib_init_fp_1                       0x08000237   Thumb Code     0  libinit2.o(.ARM.Collect$$libinit$$00000002)
    __rt_lib_init_heap_2                     0x08000237   Thumb Code     0  libinit2.o(.ARM.Collect$$libinit$$00000003)
    __rt_lib_init_heap_1                     0x0800023f   Thumb Code     0  libinit2.o(.ARM.Collect$$libinit$$00000008)
    __rt_lib_init_lc_common                  0x0800023f   Thumb Code     0  libinit2.o(.ARM.Collect$$libinit$$0000000D)
    __rt_lib_init_rand_1                     0x0800023f   Thumb Code     0  libinit2.o(.ARM.Collect$$libinit$$0000000C)
    __rt_lib_init_user_alloc_1               0x0800023f   Thumb Code     0  libinit2.o(.ARM.Collect$$libinit$$0000000A)
    __rt_lib_init_lc_collate_1               0x08000245   Thumb Code     0  libinit2.o(.ARM.Collect$$libinit$$0000000F)
    __rt_lib_init_lc_ctype_2                 0x08000245   Thumb Code     0  libinit2.o(.ARM.Collect$$libinit$$00000010)
    __rt_lib_init_lc_ctype_1                 0x08000251   Thumb Code     0  libinit2.o(.ARM.Collect$$libinit$$00000011)
    __rt_lib_init_lc_monetary_1              0x08000251   Thumb Code     0  libinit2.o(.ARM.Collect$$libinit$$00000013)
    __rt_lib_init_lc_numeric_2               0x08000251   Thumb Code     0  libinit2.o(.ARM.Collect$$libinit$$00000014)
    __rt_lib_init_alloca_1                   0x0800025b   Thumb Code     0  libinit2.o(.ARM.Collect$$libinit$$0000002C)
    __rt_lib_init_argv_1                     0x0800025b   Thumb Code     0  libinit2.o(.ARM.Collect$$libinit$$0000002A)
    __rt_lib_init_atexit_1                   0x0800025b   Thumb Code     0  libinit2.o(.ARM.Collect$$libinit$$00000019)
    __rt_lib_init_clock_1                    0x0800025b   Thumb Code     0  libinit2.o(.ARM.Collect$$libinit$$0000001F)
    __rt_lib_init_cpp_1                      0x0800025b   Thumb Code     0  libinit2.o(.ARM.Collect$$libinit$$00000030)
    __rt_lib_init_exceptions_1               0x0800025b   Thumb Code     0  libinit2.o(.ARM.Collect$$libinit$$0000002E)
    __rt_lib_init_fp_trap_1                  0x0800025b   Thumb Code     0  libinit2.o(.ARM.Collect$$libinit$$0000001D)
    __rt_lib_init_getenv_1                   0x0800025b   Thumb Code     0  libinit2.o(.ARM.Collect$$libinit$$00000021)
    __rt_lib_init_lc_numeric_1               0x0800025b   Thumb Code     0  libinit2.o(.ARM.Collect$$libinit$$00000015)
    __rt_lib_init_lc_time_1                  0x0800025b   Thumb Code     0  libinit2.o(.ARM.Collect$$libinit$$00000017)
    __rt_lib_init_return                     0x0800025b   Thumb Code     0  libinit2.o(.ARM.Collect$$libinit$$00000031)
    __rt_lib_init_signal_1                   0x0800025b   Thumb Code     0  libinit2.o(.ARM.Collect$$libinit$$0000001B)
    __rt_lib_init_stdio_1                    0x0800025b   Thumb Code     0  libinit2.o(.ARM.Collect$$libinit$$00000023)
    __rt_lib_shutdown                        0x0800025d   Thumb Code     0  libshutdown.o(.ARM.Collect$$libshutdown$$00000000)
    __rt_lib_shutdown_fp_trap_1              0x0800025f   Thumb Code     0  libshutdown2.o(.ARM.Collect$$libshutdown$$00000006)
    __rt_lib_shutdown_heap_1                 0x0800025f   Thumb Code     0  libshutdown2.o(.ARM.Collect$$libshutdown$$0000000E)
    __rt_lib_shutdown_return                 0x0800025f   Thumb Code     0  libshutdown2.o(.ARM.Collect$$libshutdown$$0000000F)
    __rt_lib_shutdown_signal_1               0x0800025f   Thumb Code     0  libshutdown2.o(.ARM.Collect$$libshutdown$$00000009)
    __rt_lib_shutdown_stdio_1                0x0800025f   Thumb Code     0  libshutdown2.o(.ARM.Collect$$libshutdown$$00000003)
    __rt_lib_shutdown_user_alloc_1           0x0800025f   Thumb Code     0  libshutdown2.o(.ARM.Collect$$libshutdown$$0000000B)
    __rt_entry                               0x08000261   Thumb Code     0  rtentry.o(.ARM.Collect$$rtentry$$00000000)
    __rt_entry_presh_1                       0x08000261   Thumb Code     0  rtentry2.o(.ARM.Collect$$rtentry$$00000002)
    __rt_entry_sh                            0x08000261   Thumb Code     0  rtentry4.o(.ARM.Collect$$rtentry$$00000004)
    __rt_entry_li                            0x08000267   Thumb Code     0  rtentry2.o(.ARM.Collect$$rtentry$$0000000A)
    __rt_entry_postsh_1                      0x08000267   Thumb Code     0  rtentry2.o(.ARM.Collect$$rtentry$$00000009)
    __rt_entry_main                          0x0800026b   Thumb Code     0  rtentry2.o(.ARM.Collect$$rtentry$$0000000D)
    __rt_entry_postli_1                      0x0800026b   Thumb Code     0  rtentry2.o(.ARM.Collect$$rtentry$$0000000C)
    __rt_exit                                0x08000273   Thumb Code     0  rtexit.o(.ARM.Collect$$rtexit$$00000000)
    __rt_exit_ls                             0x08000275   Thumb Code     0  rtexit2.o(.ARM.Collect$$rtexit$$00000003)
    __rt_exit_prels_1                        0x08000275   Thumb Code     0  rtexit2.o(.ARM.Collect$$rtexit$$00000002)
    __rt_exit_exit                           0x08000279   Thumb Code     0  rtexit2.o(.ARM.Collect$$rtexit$$00000004)
    REMIX_IdleTask                           0x08000281   Thumb Code     8  remix_core.o(.text)
    _maybe_terminate_alloc                   0x08000281   Thumb Code     0  maybetermalloc1.o(.emb_text)
    REMIX_SetUser                            0x08000289   Thumb Code     6  remix_core.o(.text)
    REMIX_BeforeRootTask                     0x0800028f   Thumb Code    18  remix_core.o(.text)
    REMIX_TaskDelayTableInit                 0x080002a1   Thumb Code    10  remix_core.o(.text)
    REMIX_TaskSchedTableInit                 0x080002ab   Thumb Code    30  remix_core.o(.text)
    REMIX_TaskReadyTableInit                 0x080002c9   Thumb Code    10  remix_core.o(.text)
    REMIX_TaskListInit                       0x080002d3   Thumb Code    10  remix_core.o(.text)
    REMIXOS_Init                             0x080002dd   Thumb Code   146  remix_core.o(.text)
    REMIXOS_Start                            0x0800036f   Thumb Code    24  remix_core.o(.text)
    REMIX_TaskTick                           0x08000387   Thumb Code    86  remix_core.o(.text)
    REMIX_TaskGetHighestPrio                 0x080003dd   Thumb Code    12  remix_core.o(.text)
    REMIX_TaskReadyTableSched                0x080003e9   Thumb Code   140  remix_core.o(.text)
    REMIX_TaskSetPrioFlag                    0x08000475   Thumb Code    14  remix_core.o(.text)
    REMIX_TaskAddToSchedTable                0x08000483   Thumb Code    32  remix_core.o(.text)
    REMIX_TaskAddToReadyTable                0x080004a3   Thumb Code    28  remix_core.o(.text)
    REMIX_TaskClrPrioFlag                    0x080004bf   Thumb Code    12  remix_core.o(.text)
    REMIX_TaskDeleteFromSchedTable           0x080004cb   Thumb Code    56  remix_core.o(.text)
    REMIX_TaskDeleteFromSemTable             0x08000503   Thumb Code    66  remix_core.o(.text)
    REMIX_TaskDeleteFromFlagTable            0x08000545   Thumb Code    64  remix_core.o(.text)
    REMIX_TaskDeleteFromDelayTable           0x08000585   Thumb Code    14  remix_core.o(.text)
    REMIX_TaskDelayTableSched                0x08000593   Thumb Code   304  remix_core.o(.text)
    REMIX_TaskSched                          0x080006c3   Thumb Code    86  remix_core.o(.text)
    REMIX_TaskAddToTaskList                  0x08000719   Thumb Code    14  remix_core.o(.text)
    REMIX_TaskDeleteFromTaskList             0x08000727   Thumb Code    14  remix_core.o(.text)
    REMIX_TaskDeleteFromReadyTable           0x08000735   Thumb Code    28  remix_core.o(.text)
    REMIX_TaskAddToDelayTable                0x08000751   Thumb Code   138  remix_core.o(.text)
    REMIX_TaskSemTableInit                   0x080007db   Thumb Code    12  remix_core.o(.text)
    REMIX_TaskAddToSemTable                  0x080007e7   Thumb Code    72  remix_core.o(.text)
    REMIX_TaskSemTableSche                   0x0800082f   Thumb Code    56  remix_core.o(.text)
    REMIX_TaskFlagTableInit                  0x08000867   Thumb Code    12  remix_core.o(.text)
    REMIX_TaskAddToFlagTable                 0x08000873   Thumb Code    70  remix_core.o(.text)
    REMIX_TaskFlagTableSche                  0x080008b9   Thumb Code   342  remix_core.o(.text)
    REMIX_TaskFlagTableCheck                 0x08000a0f   Thumb Code    56  remix_core.o(.text)
    REMIX_GetSystemTick                      0x08000a47   Thumb Code     6  remix_core.o(.text)
    REMIX_GetCurrentTcb                      0x08000a4d   Thumb Code     6  remix_core.o(.text)
    REMIX_GetRootTcb                         0x08000a53   Thumb Code     6  remix_core.o(.text)
    REMIX_GetIdleTcb                         0x08000a59   Thumb Code     6  remix_core.o(.text)
    REMIX_GetUser                            0x08000a5f   Thumb Code     6  remix_core.o(.text)
    REMIX_GetREMIXVersion                    0x08000a65   Thumb Code     4  remix_core.o(.text)
    REMIX_MemClr                             0x08000a69   Thumb Code    16  remix_core.o(.text)
    REMIX_MemCopy                            0x08000a79   Thumb Code    18  remix_core.o(.text)
    REMIX_TaskStackInit                      0x08000ae9   Thumb Code   142  remix_cpu.o(.text)
    REMIX_PendSvIsrInit                      0x08000b77   Thumb Code    14  remix_cpu.o(.text)
    REMIX_TickTimerInit                      0x08000b85   Thumb Code    68  remix_cpu.o(.text)
    REMIX_SystemHardwareInit                 0x08000bc9   Thumb Code    12  remix_cpu.o(.text)
    REMIX_SetChipWorkMode                    0x08000bd5   Thumb Code    26  remix_cpu.o(.text)
    REMIX_IntPendSvSet                       0x08000bef   Thumb Code    18  remix_cpu.o(.text)
    REMIX_RunInInt                           0x08000c01   Thumb Code    20  remix_cpu.o(.text)
    REMIX_TaskSwiSched                       0x08000c15   Thumb Code    22  remix_cpu.o(.text)
    REMIX_CalcPrioFromPrioFlag               0x08000c2b   Thumb Code    24  remix_cpu.o(.text)
    REMIX_IntLock                            0x08000c43   Thumb Code   100  remix_cpu.o(.text)
    REMIX_InterruptLock                      0x08000ca7   Thumb Code    10  remix_cpu.o(.text)
    REMIX_IntUnlock                          0x08000cb1   Thumb Code   100  remix_cpu.o(.text)
    REMIX_InterruptUnlock                    0x08000d15   Thumb Code    10  remix_cpu.o(.text)
    REMIX_TaskStackCheckInit                 0x08000d39   Thumb Code    30  remix_debug.o(.text)
    REMIX_TaskStackCheck                     0x08000d57   Thumb Code    38  remix_debug.o(.text)
    REMIX_TaskCPUShareInit                   0x08000d7d   Thumb Code    18  remix_debug.o(.text)
    REMIX_CPUShareStatistic                  0x08000d8f   Thumb Code   140  remix_debug.o(.text)
    REMIX_GetCPUShare                        0x08000e1b   Thumb Code     8  remix_debug.o(.text)
    REMIX_IdleHook                           0x08000e23   Thumb Code     2  remix_debug.o(.text)
    REMIX_DlistInit                          0x08000e35   Thumb Code     8  remix_list.o(.text)
    REMIX_DlistNodeAdd                       0x08000e3d   Thumb Code    28  remix_list.o(.text)
    REMIX_DlistNodeDelete                    0x08000e59   Thumb Code    38  remix_list.o(.text)
    REMIX_DlistCurNodeInsert                 0x08000e7f   Thumb Code    36  remix_list.o(.text)
    REMIX_DlistCurNodeDelete                 0x08000ea3   Thumb Code    52  remix_list.o(.text)
    REMIX_DlistEmpInq                        0x08000ed7   Thumb Code     6  remix_list.o(.text)
    REMIX_DlistNextNodeEmpInq                0x08000edd   Thumb Code    16  remix_list.o(.text)
    REMIX_QueueCreate                        0x08000eed   Thumb Code   110  remix_queue.o(.text)
    REMIX_QueuePutNode                       0x08000f5b   Thumb Code    40  remix_queue.o(.text)
    REMIX_QueueGetNode                       0x08000f83   Thumb Code    62  remix_queue.o(.text)
    REMIX_QueueDelete                        0x08000fc1   Thumb Code    52  remix_queue.o(.text)
    REMIX_SemCreate                          0x08000ff5   Thumb Code   172  remix_sem.o(.text)
    REMIX_SemTake                            0x080010a1   Thumb Code   464  remix_sem.o(.text)
    REMIX_SemGive                            0x08001271   Thumb Code   356  remix_sem.o(.text)
    REMIX_SemFlushValue                      0x080013d5   Thumb Code   162  remix_sem.o(.text)
    REMIX_SemFlush                           0x08001477   Thumb Code    14  remix_sem.o(.text)
    REMIX_SemDelete                          0x08001485   Thumb Code    62  remix_sem.o(.text)
    REMIX_TaskTcbInit                        0x080014cd   Thumb Code   268  remix_task.o(.text)
    REMIX_TaskCreate                         0x080015d9   Thumb Code   134  remix_task.o(.text)
    REMIX_TaskDelete                         0x0800165f   Thumb Code   184  remix_task.o(.text)
    REMIX_TaskSelfDelete                     0x08001717   Thumb Code    12  remix_task.o(.text)
    REMIX_TaskDelay                          0x08001723   Thumb Code   204  remix_task.o(.text)
    REMIX_TaskWake                           0x080017ef   Thumb Code   138  remix_task.o(.text)
    REMIX_TaskSuspend                        0x08001879   Thumb Code   166  remix_task.o(.text)
    REMIX_TaskResume                         0x0800191f   Thumb Code   190  remix_task.o(.text)
    REMIX_TaskPend                           0x080019dd   Thumb Code   202  remix_task.o(.text)
    REMIX_FlagBlock                          0x08001aa7   Thumb Code   226  remix_task.o(.text)
    REMIX_GetTaskLinkRoot                    0x08001b89   Thumb Code     4  remix_task.o(.text)
    REMIX_TaskPrioInheritance                0x08001b8d   Thumb Code   134  remix_task.o(.text)
    REMIX_TaskPrioResume                     0x08001c13   Thumb Code    98  remix_task.o(.text)
    REMIX_TaskTimeSlice                      0x08001c75   Thumb Code    84  remix_task.o(.text)
    REMIX_TaskHookInit                       0x08001cc9   Thumb Code    16  remix_task.o(.text)
    REMIX_TaskCreateHookAdd                  0x08001cd9   Thumb Code     6  remix_task.o(.text)
    REMIX_TaskCreateHookDel                  0x08001cdf   Thumb Code     8  remix_task.o(.text)
    REMIX_TaskSwitchHookAdd                  0x08001ce7   Thumb Code     6  remix_task.o(.text)
    REMIX_TaskSwitchHookDel                  0x08001ced   Thumb Code     8  remix_task.o(.text)
    REMIX_TaskDeleteHookAdd                  0x08001cf5   Thumb Code     6  remix_task.o(.text)
    REMIX_TaskDeleteHookDel                  0x08001cfb   Thumb Code     8  remix_task.o(.text)
    REMIX_FlagCreate                         0x08001d2d   Thumb Code    82  remix_flag.o(.text)
    REMIX_FlagTake                           0x08001d7f   Thumb Code   546  remix_flag.o(.text)
    REMIX_FlagGive                           0x08001fa1   Thumb Code   214  remix_flag.o(.text)
    REMIX_FlagFlushValue                     0x08002077   Thumb Code   154  remix_flag.o(.text)
    REMIX_FlagFlush                          0x08002111   Thumb Code    14  remix_flag.o(.text)
    REMIX_FlagDelete                         0x0800211f   Thumb Code    50  remix_flag.o(.text)
    REMIX_MemInit                            0x08002159   Thumb Code    64  remix_mem.o(.text)
    REMIX_MemCreate                          0x08002199   Thumb Code   120  remix_mem.o(.text)
    REMIX_MemMalloc                          0x08002211   Thumb Code    68  remix_mem.o(.text)
    REMIX_MemFree                            0x08002255   Thumb Code    72  remix_mem.o(.text)
    DEV_BufferInit                           0x080022a5   Thumb Code    40  device.o(.text)
    DEV_SoftwareInit                         0x080022cd   Thumb Code    70  device.o(.text)
    DEV_UartInit                             0x08002313   Thumb Code    90  device.o(.text)
    DEV_HardwareInit                         0x0800236d   Thumb Code     8  device.o(.text)
    DEV_PutChar                              0x08002375   Thumb Code    28  device.o(.text)
    DEV_BufferAlloc                          0x08002391   Thumb Code    24  device.o(.text)
    DEV_PutStrToMem                          0x080023a9   Thumb Code    64  device.o(.text)
    DEV_PrintMsg                             0x080023e9   Thumb Code    26  device.o(.text)
    DEV_BufferFree                           0x08002403   Thumb Code    24  device.o(.text)
    NMI_Handler                              0x0800243d   Thumb Code     2  stm32f10x_it.o(.text)
    HardFault_Handler                        0x0800243f   Thumb Code     4  stm32f10x_it.o(.text)
    MemManage_Handler                        0x08002443   Thumb Code     4  stm32f10x_it.o(.text)
    BusFault_Handler                         0x08002447   Thumb Code     4  stm32f10x_it.o(.text)
    UsageFault_Handler                       0x0800244b   Thumb Code     4  stm32f10x_it.o(.text)
    SVC_Handler                              0x0800244f   Thumb Code    20  stm32f10x_it.o(.text)
    DebugMon_Handler                         0x08002463   Thumb Code     2  stm32f10x_it.o(.text)
    PendSV_Handler                           0x08002465   Thumb Code     2  stm32f10x_it.o(.text)
    SysTick_Handler                          0x08002467   Thumb Code     8  stm32f10x_it.o(.text)
    SystemInit                               0x08002551   Thumb Code    78  system_stm32f10x.o(.text)
    SystemCoreClockUpdate                    0x0800259f   Thumb Code   142  system_stm32f10x.o(.text)
    TEST_TestTask1                           0x08002651   Thumb Code   114  test.o(.text)
    TEST_TestTask2                           0x080026c3   Thumb Code   114  test.o(.text)
    TEST_TaskRun                             0x08002735   Thumb Code    12  test.o(.text)
    TEST_TestTask3                           0x08002741   Thumb Code    94  test.o(.text)
    TEST_TestTask4                           0x0800279f   Thumb Code    94  test.o(.text)
    TEST_TestTask5                           0x080027fd   Thumb Code   146  test.o(.text)
    TEST_SerialPrintTask                     0x0800288f   Thumb Code    42  test.o(.text)
    TEST_TaskCreatePrint                     0x080028b9   Thumb Code    42  test.o(.text)
    TEST_PrintCpuUtilize                     0x080028e3   Thumb Code    74  test.o(.text)
    TEST_TaskSwitchPrint                     0x0800292d   Thumb Code   974  test.o(.text)
    TEST_TaskDeletePrint                     0x08002cfb   Thumb Code    22  test.o(.text)
    main                                     0x08002d85   Thumb Code   304  main.o(.text)
    GPIO_DeInit                              0x08002f59   Thumb Code   172  stm32f10x_gpio.o(.text)
    GPIO_AFIODeInit                          0x08003005   Thumb Code    20  stm32f10x_gpio.o(.text)
    GPIO_Init                                0x08003019   Thumb Code   274  stm32f10x_gpio.o(.text)
    GPIO_StructInit                          0x0800312b   Thumb Code    16  stm32f10x_gpio.o(.text)
    GPIO_ReadInputDataBit                    0x0800313b   Thumb Code    18  stm32f10x_gpio.o(.text)
    GPIO_ReadInputData                       0x0800314d   Thumb Code     8  stm32f10x_gpio.o(.text)
    GPIO_ReadOutputDataBit                   0x08003155   Thumb Code    18  stm32f10x_gpio.o(.text)
    GPIO_ReadOutputData                      0x08003167   Thumb Code     8  stm32f10x_gpio.o(.text)
    GPIO_SetBits                             0x0800316f   Thumb Code     4  stm32f10x_gpio.o(.text)
    GPIO_ResetBits                           0x08003173   Thumb Code     4  stm32f10x_gpio.o(.text)
    GPIO_WriteBit                            0x08003177   Thumb Code    10  stm32f10x_gpio.o(.text)
    GPIO_Write                               0x08003181   Thumb Code     4  stm32f10x_gpio.o(.text)
    GPIO_PinLockConfig                       0x08003185   Thumb Code    18  stm32f10x_gpio.o(.text)
    GPIO_EventOutputConfig                   0x08003197   Thumb Code    26  stm32f10x_gpio.o(.text)
    GPIO_EventOutputCmd                      0x080031b1   Thumb Code     6  stm32f10x_gpio.o(.text)
    GPIO_PinRemapConfig                      0x080031b7   Thumb Code   138  stm32f10x_gpio.o(.text)
    GPIO_EXTILineConfig                      0x08003241   Thumb Code    66  stm32f10x_gpio.o(.text)
    GPIO_ETH_MediaInterfaceConfig            0x08003283   Thumb Code     6  stm32f10x_gpio.o(.text)
    RCC_DeInit                               0x080032b1   Thumb Code    64  stm32f10x_rcc.o(.text)
    RCC_HSEConfig                            0x080032f1   Thumb Code    70  stm32f10x_rcc.o(.text)
    RCC_GetFlagStatus                        0x08003337   Thumb Code    56  stm32f10x_rcc.o(.text)
    RCC_WaitForHSEStartUp                    0x0800336f   Thumb Code    56  stm32f10x_rcc.o(.text)
    RCC_AdjustHSICalibrationValue            0x080033a7   Thumb Code    20  stm32f10x_rcc.o(.text)
    RCC_HSICmd                               0x080033bb   Thumb Code     6  stm32f10x_rcc.o(.text)
    RCC_PLLConfig                            0x080033c1   Thumb Code    24  stm32f10x_rcc.o(.text)
    RCC_PLLCmd                               0x080033d9   Thumb Code     6  stm32f10x_rcc.o(.text)
    RCC_SYSCLKConfig                         0x080033df   Thumb Code    18  stm32f10x_rcc.o(.text)
    RCC_GetSYSCLKSource                      0x080033f1   Thumb Code    10  stm32f10x_rcc.o(.text)
    RCC_HCLKConfig                           0x080033fb   Thumb Code    18  stm32f10x_rcc.o(.text)
    RCC_PCLK1Config                          0x0800340d   Thumb Code    18  stm32f10x_rcc.o(.text)
    RCC_PCLK2Config                          0x0800341f   Thumb Code    20  stm32f10x_rcc.o(.text)
    RCC_ITConfig                             0x08003433   Thumb Code    26  stm32f10x_rcc.o(.text)
    RCC_USBCLKConfig                         0x0800344d   Thumb Code     6  stm32f10x_rcc.o(.text)
    RCC_ADCCLKConfig                         0x08003453   Thumb Code    18  stm32f10x_rcc.o(.text)
    RCC_LSEConfig                            0x08003465   Thumb Code    44  stm32f10x_rcc.o(.text)
    RCC_LSICmd                               0x08003491   Thumb Code     6  stm32f10x_rcc.o(.text)
    RCC_RTCCLKConfig                         0x08003497   Thumb Code    12  stm32f10x_rcc.o(.text)
    RCC_RTCCLKCmd                            0x080034a3   Thumb Code     8  stm32f10x_rcc.o(.text)
    RCC_GetClocksFreq                        0x080034ab   Thumb Code   192  stm32f10x_rcc.o(.text)
    RCC_AHBPeriphClockCmd                    0x0800356b   Thumb Code    26  stm32f10x_rcc.o(.text)
    RCC_APB2PeriphClockCmd                   0x08003585   Thumb Code    26  stm32f10x_rcc.o(.text)
    RCC_APB1PeriphClockCmd                   0x0800359f   Thumb Code    26  stm32f10x_rcc.o(.text)
    RCC_APB2PeriphResetCmd                   0x080035b9   Thumb Code    26  stm32f10x_rcc.o(.text)
    RCC_APB1PeriphResetCmd                   0x080035d3   Thumb Code    26  stm32f10x_rcc.o(.text)
    RCC_BackupResetCmd                       0x080035ed   Thumb Code     8  stm32f10x_rcc.o(.text)
    RCC_ClockSecuritySystemCmd               0x080035f5   Thumb Code     6  stm32f10x_rcc.o(.text)
    RCC_MCOConfig                            0x080035fb   Thumb Code     6  stm32f10x_rcc.o(.text)
    RCC_ClearFlag                            0x08003601   Thumb Code    14  stm32f10x_rcc.o(.text)
    RCC_GetITStatus                          0x0800360f   Thumb Code    20  stm32f10x_rcc.o(.text)
    RCC_ClearITPendingBit                    0x08003623   Thumb Code     6  stm32f10x_rcc.o(.text)
    USART_DeInit                             0x08003655   Thumb Code   134  stm32f10x_usart.o(.text)
    USART_Init                               0x080036db   Thumb Code   210  stm32f10x_usart.o(.text)
    USART_StructInit                         0x080037ad   Thumb Code    24  stm32f10x_usart.o(.text)
    USART_ClockInit                          0x080037c5   Thumb Code    34  stm32f10x_usart.o(.text)
    USART_ClockStructInit                    0x080037e7   Thumb Code    12  stm32f10x_usart.o(.text)
    USART_Cmd                                0x080037f3   Thumb Code    24  stm32f10x_usart.o(.text)
    USART_ITConfig                           0x0800380b   Thumb Code    74  stm32f10x_usart.o(.text)
    USART_DMACmd                             0x08003855   Thumb Code    18  stm32f10x_usart.o(.text)
    USART_SetAddress                         0x08003867   Thumb Code    18  stm32f10x_usart.o(.text)
    USART_WakeUpConfig                       0x08003879   Thumb Code    18  stm32f10x_usart.o(.text)
    USART_ReceiverWakeUpCmd                  0x0800388b   Thumb Code    24  stm32f10x_usart.o(.text)
    USART_LINBreakDetectLengthConfig         0x080038a3   Thumb Code    18  stm32f10x_usart.o(.text)
    USART_LINCmd                             0x080038b5   Thumb Code    24  stm32f10x_usart.o(.text)
    USART_SendData                           0x080038cd   Thumb Code     8  stm32f10x_usart.o(.text)
    USART_ReceiveData                        0x080038d5   Thumb Code    10  stm32f10x_usart.o(.text)
    USART_SendBreak                          0x080038df   Thumb Code    10  stm32f10x_usart.o(.text)
    USART_SetGuardTime                       0x080038e9   Thumb Code    16  stm32f10x_usart.o(.text)
    USART_SetPrescaler                       0x080038f9   Thumb Code    16  stm32f10x_usart.o(.text)
    USART_SmartCardCmd                       0x08003909   Thumb Code    24  stm32f10x_usart.o(.text)
    USART_SmartCardNACKCmd                   0x08003921   Thumb Code    24  stm32f10x_usart.o(.text)
    USART_HalfDuplexCmd                      0x08003939   Thumb Code    24  stm32f10x_usart.o(.text)
    USART_OverSampling8Cmd                   0x08003951   Thumb Code    22  stm32f10x_usart.o(.text)
    USART_OneBitMethodCmd                    0x08003967   Thumb Code    24  stm32f10x_usart.o(.text)
    USART_IrDAConfig                         0x0800397f   Thumb Code    18  stm32f10x_usart.o(.text)
    USART_IrDACmd                            0x08003991   Thumb Code    24  stm32f10x_usart.o(.text)
    USART_GetFlagStatus                      0x080039a9   Thumb Code    26  stm32f10x_usart.o(.text)
    USART_ClearFlag                          0x080039c3   Thumb Code    18  stm32f10x_usart.o(.text)
    USART_GetITStatus                        0x080039d5   Thumb Code    84  stm32f10x_usart.o(.text)
    USART_ClearITPendingBit                  0x08003a29   Thumb Code    52  stm32f10x_usart.o(.text)
    Reset_Handler                            0x08003a5d   Thumb Code     8  startup_stm32f10x_hd.o(.text)
    ADC1_2_IRQHandler                        0x08003a77   Thumb Code     0  startup_stm32f10x_hd.o(.text)
    ADC3_IRQHandler                          0x08003a77   Thumb Code     0  startup_stm32f10x_hd.o(.text)
    CAN1_RX1_IRQHandler                      0x08003a77   Thumb Code     0  startup_stm32f10x_hd.o(.text)
    CAN1_SCE_IRQHandler                      0x08003a77   Thumb Code     0  startup_stm32f10x_hd.o(.text)
    DMA1_Channel1_IRQHandler                 0x08003a77   Thumb Code     0  startup_stm32f10x_hd.o(.text)
    DMA1_Channel2_IRQHandler                 0x08003a77   Thumb Code     0  startup_stm32f10x_hd.o(.text)
    DMA1_Channel3_IRQHandler                 0x08003a77   Thumb Code     0  startup_stm32f10x_hd.o(.text)
    DMA1_Channel4_IRQHandler                 0x08003a77   Thumb Code     0  startup_stm32f10x_hd.o(.text)
    DMA1_Channel5_IRQHandler                 0x08003a77   Thumb Code     0  startup_stm32f10x_hd.o(.text)
    DMA1_Channel6_IRQHandler                 0x08003a77   Thumb Code     0  startup_stm32f10x_hd.o(.text)
    DMA1_Channel7_IRQHandler                 0x08003a77   Thumb Code     0  startup_stm32f10x_hd.o(.text)
    DMA2_Channel1_IRQHandler                 0x08003a77   Thumb Code     0  startup_stm32f10x_hd.o(.text)
    DMA2_Channel2_IRQHandler                 0x08003a77   Thumb Code     0  startup_stm32f10x_hd.o(.text)
    DMA2_Channel3_IRQHandler                 0x08003a77   Thumb Code     0  startup_stm32f10x_hd.o(.text)
    DMA2_Channel4_5_IRQHandler               0x08003a77   Thumb Code     0  startup_stm32f10x_hd.o(.text)
    EXTI0_IRQHandler                         0x08003a77   Thumb Code     0  startup_stm32f10x_hd.o(.text)
    EXTI15_10_IRQHandler                     0x08003a77   Thumb Code     0  startup_stm32f10x_hd.o(.text)
    EXTI1_IRQHandler                         0x08003a77   Thumb Code     0  startup_stm32f10x_hd.o(.text)
    EXTI2_IRQHandler                         0x08003a77   Thumb Code     0  startup_stm32f10x_hd.o(.text)
    EXTI3_IRQHandler                         0x08003a77   Thumb Code     0  startup_stm32f10x_hd.o(.text)
    EXTI4_IRQHandler                         0x08003a77   Thumb Code     0  startup_stm32f10x_hd.o(.text)
    EXTI9_5_IRQHandler                       0x08003a77   Thumb Code     0  startup_stm32f10x_hd.o(.text)
    FLASH_IRQHandler                         0x08003a77   Thumb Code     0  startup_stm32f10x_hd.o(.text)
    FSMC_IRQHandler                          0x08003a77   Thumb Code     0  startup_stm32f10x_hd.o(.text)
    I2C1_ER_IRQHandler                       0x08003a77   Thumb Code     0  startup_stm32f10x_hd.o(.text)
    I2C1_EV_IRQHandler                       0x08003a77   Thumb Code     0  startup_stm32f10x_hd.o(.text)
    I2C2_ER_IRQHandler                       0x08003a77   Thumb Code     0  startup_stm32f10x_hd.o(.text)
    I2C2_EV_IRQHandler                       0x08003a77   Thumb Code     0  startup_stm32f10x_hd.o(.text)
    PVD_IRQHandler                           0x08003a77   Thumb Code     0  startup_stm32f10x_hd.o(.text)
    RCC_IRQHandler                           0x08003a77   Thumb Code     0  startup_stm32f10x_hd.o(.text)
    RTCAlarm_IRQHandler                      0x08003a77   Thumb Code     0  startup_stm32f10x_hd.o(.text)
    RTC_IRQHandler                           0x08003a77   Thumb Code     0  startup_stm32f10x_hd.o(.text)
    SDIO_IRQHandler                          0x08003a77   Thumb Code     0  startup_stm32f10x_hd.o(.text)
    SPI1_IRQHandler                          0x08003a77   Thumb Code     0  startup_stm32f10x_hd.o(.text)
    SPI2_IRQHandler                          0x08003a77   Thumb Code     0  startup_stm32f10x_hd.o(.text)
    SPI3_IRQHandler                          0x08003a77   Thumb Code     0  startup_stm32f10x_hd.o(.text)
    TAMPER_IRQHandler                        0x08003a77   Thumb Code     0  startup_stm32f10x_hd.o(.text)
    TIM1_BRK_IRQHandler                      0x08003a77   Thumb Code     0  startup_stm32f10x_hd.o(.text)
    TIM1_CC_IRQHandler                       0x08003a77   Thumb Code     0  startup_stm32f10x_hd.o(.text)
    TIM1_TRG_COM_IRQHandler                  0x08003a77   Thumb Code     0  startup_stm32f10x_hd.o(.text)
    TIM1_UP_IRQHandler                       0x08003a77   Thumb Code     0  startup_stm32f10x_hd.o(.text)
    TIM2_IRQHandler                          0x08003a77   Thumb Code     0  startup_stm32f10x_hd.o(.text)
    TIM3_IRQHandler                          0x08003a77   Thumb Code     0  startup_stm32f10x_hd.o(.text)
    TIM4_IRQHandler                          0x08003a77   Thumb Code     0  startup_stm32f10x_hd.o(.text)
    TIM5_IRQHandler                          0x08003a77   Thumb Code     0  startup_stm32f10x_hd.o(.text)
    TIM6_IRQHandler                          0x08003a77   Thumb Code     0  startup_stm32f10x_hd.o(.text)
    TIM7_IRQHandler                          0x08003a77   Thumb Code     0  startup_stm32f10x_hd.o(.text)
    TIM8_BRK_IRQHandler                      0x08003a77   Thumb Code     0  startup_stm32f10x_hd.o(.text)
    TIM8_CC_IRQHandler                       0x08003a77   Thumb Code     0  startup_stm32f10x_hd.o(.text)
    TIM8_TRG_COM_IRQHandler                  0x08003a77   Thumb Code     0  startup_stm32f10x_hd.o(.text)
    TIM8_UP_IRQHandler                       0x08003a77   Thumb Code     0  startup_stm32f10x_hd.o(.text)
    UART4_IRQHandler                         0x08003a77   Thumb Code     0  startup_stm32f10x_hd.o(.text)
    UART5_IRQHandler                         0x08003a77   Thumb Code     0  startup_stm32f10x_hd.o(.text)
    USART1_IRQHandler                        0x08003a77   Thumb Code     0  startup_stm32f10x_hd.o(.text)
    USART2_IRQHandler                        0x08003a77   Thumb Code     0  startup_stm32f10x_hd.o(.text)
    USART3_IRQHandler                        0x08003a77   Thumb Code     0  startup_stm32f10x_hd.o(.text)
    USBWakeUp_IRQHandler                     0x08003a77   Thumb Code     0  startup_stm32f10x_hd.o(.text)
    USB_HP_CAN1_TX_IRQHandler                0x08003a77   Thumb Code     0  startup_stm32f10x_hd.o(.text)
    USB_LP_CAN1_RX0_IRQHandler               0x08003a77   Thumb Code     0  startup_stm32f10x_hd.o(.text)
    WWDG_IRQHandler                          0x08003a77   Thumb Code     0  startup_stm32f10x_hd.o(.text)
    __user_initial_stackheap                 0x08003a79   Thumb Code     0  startup_stm32f10x_hd.o(.text)
    malloc                                   0x08003a9d   Thumb Code    94  h1_alloc.o(.text)
    free                                     0x08003afb   Thumb Code    78  h1_free.o(.text)
    __c89vsprintf                            0x08003b49   Thumb Code    32  c89vsprintf.o(.text)
    strlen                                   0x08003b6d   Thumb Code    62  strlen.o(.text)
    __use_two_region_memory                  0x08003bab   Thumb Code     2  heapauxi.o(.text)
    __rt_heap_escrow                         0x08003bad   Thumb Code     2  heapauxi.o(.text)
    __rt_heap_expand                         0x08003baf   Thumb Code     2  heapauxi.o(.text)
    __rt_heap_descriptor                     0x08003bb1   Thumb Code     8  rt_heap_descriptor_intlibspace.o(.text)
    __use_no_heap                            0x08003bb9   Thumb Code     2  hguard.o(.text)
    __heap$guard                             0x08003bbb   Thumb Code     2  hguard.o(.text)
    _terminate_user_alloc                    0x08003bbd   Thumb Code     2  init_alloc.o(.text)
    _init_user_alloc                         0x08003bbf   Thumb Code     2  init_alloc.o(.text)
    __Heap_Full                              0x08003bc1   Thumb Code    34  init_alloc.o(.text)
    __Heap_Broken                            0x08003be3   Thumb Code     6  init_alloc.o(.text)
    _init_alloc                              0x08003be9   Thumb Code    94  init_alloc.o(.text)
    __Heap_Initialize                        0x08003c47   Thumb Code    10  h1_init.o(.text)
    __Heap_DescSize                          0x08003c51   Thumb Code     4  h1_init.o(.text)
    _printf_pre_padding                      0x08003c55   Thumb Code    46  _printf_pad.o(.text)
    _printf_post_padding                     0x08003c83   Thumb Code    36  _printf_pad.o(.text)
    _printf_truncate_signed                  0x08003ca7   Thumb Code    18  _printf_truncate.o(.text)
    _printf_truncate_unsigned                0x08003cb9   Thumb Code    18  _printf_truncate.o(.text)
    _printf_str                              0x08003ccb   Thumb Code    82  _printf_str.o(.text)
    _printf_int_dec                          0x08003d1d   Thumb Code   102  _printf_dec.o(.text)
    _printf_charcount                        0x08003d95   Thumb Code    42  _printf_charcount.o(.text)
    _printf_char_common                      0x08003dcb   Thumb Code    32  _printf_char_common.o(.text)
    _sputc                                   0x08003df1   Thumb Code    10  _sputc.o(.text)
    _printf_wctomb                           0x08003dfd   Thumb Code   182  _printf_wctomb.o(.text)
    _printf_longlong_dec                     0x08003eb9   Thumb Code   104  _printf_longlong_dec.o(.text)
    _printf_longlong_oct                     0x08003f31   Thumb Code    76  _printf_oct_int_ll.o(.text)
    _printf_int_oct                          0x08003f7d   Thumb Code    24  _printf_oct_int_ll.o(.text)
    _printf_ll_oct                           0x08003f95   Thumb Code    12  _printf_oct_int_ll.o(.text)
    _printf_longlong_hex                     0x08003fa9   Thumb Code    92  _printf_hex_int_ll_ptr.o(.text)
    _printf_int_hex                          0x08004005   Thumb Code    28  _printf_hex_int_ll_ptr.o(.text)
    _printf_ll_hex                           0x08004021   Thumb Code    12  _printf_hex_int_ll_ptr.o(.text)
    _printf_hex_ptr                          0x0800402d   Thumb Code    18  _printf_hex_int_ll_ptr.o(.text)
    __printf                                 0x08004045   Thumb Code   390  __printf_flags_ss_wp.o(.text)
    __user_libspace                          0x080041d1   Thumb Code     8  libspace.o(.text)
    __user_perproc_libspace                  0x080041d1   Thumb Code     0  libspace.o(.text)
    __user_perthread_libspace                0x080041d1   Thumb Code     0  libspace.o(.text)
    __Heap_ProvideMemory                     0x080041d9   Thumb Code    52  h1_extend.o(.text)
    _ll_udiv10                               0x0800420d   Thumb Code   138  lludiv10.o(.text)
    _printf_int_common                       0x08004297   Thumb Code   184  _printf_intcommon.o(.text)
    __lib_sel_fp_printf                      0x0800434f   Thumb Code     2  _printf_fp_dec.o(.text)
    _printf_fp_dec_real                      0x080044fb   Thumb Code   628  _printf_fp_dec.o(.text)
    _printf_cs_common                        0x0800476f   Thumb Code    20  _printf_char.o(.text)
    _printf_char                             0x08004783   Thumb Code    16  _printf_char.o(.text)
    _printf_string                           0x08004793   Thumb Code     8  _printf_char.o(.text)
    _printf_lcs_common                       0x0800479b   Thumb Code    20  _printf_wchar.o(.text)
    _printf_wchar                            0x080047af   Thumb Code    16  _printf_wchar.o(.text)
    _printf_wstring                          0x080047bf   Thumb Code     8  _printf_wchar.o(.text)
    _wcrtomb                                 0x080047c7   Thumb Code    64  _wcrtomb.o(.text)
    __rt_SIGRTMEM                            0x08004807   Thumb Code    14  defsig_rtmem_outer.o(.text)
    __I$use$semihosting                      0x08004815   Thumb Code     0  use_no_semi.o(.text)
    __use_no_semihosting_swi                 0x08004815   Thumb Code     2  use_no_semi.o(.text)
    __semihosting_library_function           0x08004817   Thumb Code     0  indicate_semi.o(.text)
    __user_setup_stackheap                   0x08004817   Thumb Code    74  sys_stackheap_outer.o(.text)
    __rt_ctype_table                         0x08004861   Thumb Code    16  rt_ctype_table.o(.text)
    __rt_locale                              0x08004871   Thumb Code     8  rt_locale_intlibspace.o(.text)
    _printf_fp_infnan                        0x08004879   Thumb Code   112  _printf_fp_infnan.o(.text)
    _btod_etento                             0x080048f9   Thumb Code   222  bigflt0.o(.text)
    exit                                     0x080049dd   Thumb Code    12  exit.o(.text)
    __sig_exit                               0x080049e9   Thumb Code    10  defsig_exit.o(.text)
    __rt_SIGRTMEM_inner                      0x080049f5   Thumb Code    22  defsig_rtmem_inner.o(.text)
    _sys_exit                                0x08004a45   Thumb Code     8  sys_exit.o(.text)
    __default_signal_display                 0x08004a51   Thumb Code    50  defsig_general.o(.text)
    strcmp                                   0x08004a85   Thumb Code   128  strcmpv7m.o(.text)
    _ttywrch                                 0x08004b05   Thumb Code    14  sys_wrch.o(.text)
    _btod_d2e                                0x08004b13   Thumb Code    62  btod.o(CL$$btod_d2e)
    _d2e_denorm_low                          0x08004b51   Thumb Code    70  btod.o(CL$$btod_d2e_denorm_low)
    _d2e_norm_op1                            0x08004b97   Thumb Code    96  btod.o(CL$$btod_d2e_norm_op1)
    __btod_div_common                        0x08004bf7   Thumb Code   696  btod.o(CL$$btod_div_common)
    _e2e                                     0x08004f2f   Thumb Code   198  btod.o(CL$$btod_e2e)
    _btod_ediv                               0x08004ff5   Thumb Code    40  btod.o(CL$$btod_ediv)
    _btod_emul                               0x0800501d   Thumb Code    40  btod.o(CL$$btod_emul)
    __btod_mult_common                       0x08005045   Thumb Code   580  btod.o(CL$$btod_mult_common)
    REMIX_CalcPrioTemp                       0x08005289   Thumb Code     0  remix_core_a.o(REMIX_CORE)
    REMIX_PendSvContextSwitch                0x08005293   Thumb Code     0  remix_core_a.o(REMIX_CORE)
    REMIX_SwitchToTask                       0x080052eb   Thumb Code     0  remix_core_a.o(REMIX_CORE)
    REMIX_TaskOccurSwi                       0x08005311   Thumb Code     0  remix_core_a.o(REMIX_CORE)
    REMIX_GetXpsr                            0x08005315   Thumb Code     0  remix_core_a.o(REMIX_CORE)
    REMIX_SetBasepri                         0x0800531b   Thumb Code     0  remix_core_a.o(REMIX_CORE)
    __ARM_fpclassify                         0x08005335   Thumb Code    40  fpclassify.o(i.__ARM_fpclassify)
    _is_digit                                0x0800535d   Thumb Code    14  __printf_wp.o(i._is_digit)
    _get_lc_numeric                          0x0800536d   Thumb Code    44  lc_numeric_c.o(locale$$code)
    _get_lc_ctype                            0x08005399   Thumb Code    44  lc_ctype_c.o(locale$$code)
    _printf_fp_dec                           0x080053c5   Thumb Code     4  printf1.o(x$fpl$printf1)
    __I$use$fp                               0x080053c8   Number         0  usenofp.o(x$fpl$usenofp)
    Region$$Table$$Base                      0x080054a0   Number         0  anon$$obj.o(Region$$Table)
    Region$$Table$$Limit                     0x080054c0   Number         0  anon$$obj.o(Region$$Table)
    __ctype                                  0x080054e9   Data           0  lc_ctype_c.o(locale$$data)
    DEV_DelayMs                              0x08039005   Thumb Code    26  unoptimize.o(.text)
    guiSystemStatus                          0x20000000   Data           4  remix_core.o(.data)
    gstrDelayTab                             0x20000004   Data           8  remix_core.o(.data)
    guiTick                                  0x2000000c   Data           4  remix_core.o(.data)
    gucTickSched                             0x20000010   Data           1  remix_core.o(.data)
    gpstrCurTaskReg                          0x20000014   Data           4  remix_core.o(.data)
    gpstrNextTaskReg                         0x20000018   Data           4  remix_core.o(.data)
    gpstrCurTcb                              0x2000001c   Data           4  remix_core.o(.data)
    gpstrRootTaskTcb                         0x20000020   Data           4  remix_core.o(.data)
    gpstrIdleTaskTcb                         0x20000024   Data           4  remix_core.o(.data)
    guiUser                                  0x20000028   Data           4  remix_core.o(.data)
    guiIntLockCounter                        0x2000002c   Data           4  remix_cpu.o(.data)
    guiCpuSharePeriod                        0x20000034   Data           4  remix_debug.o(.data)
    gstrTaskList                             0x20000038   Data           8  remix_task.o(.data)
    gvfTaskCreateHook                        0x20000040   Data           4  remix_task.o(.data)
    gvfTaskSwitchHook                        0x20000044   Data           4  remix_task.o(.data)
    gvfTaskDeleteHook                        0x20000048   Data           4  remix_task.o(.data)
    gpstrMemFreeList                         0x2000004c   Data           4  remix_mem.o(.data)
    SystemCoreClock                          0x20000050   Data           4  system_stm32f10x.o(.data)
    AHBPrescTable                            0x20000054   Data          16  system_stm32f10x.o(.data)
    gpstrSerialMsgQue                        0x20000068   Data           4  test.o(.data)
    gpstrSerialTaskTcb                       0x2000006c   Data           4  test.o(.data)
    gpstrFlag                                0x20000070   Data           4  test.o(.data)
    pstrMemBuf                               0x20000074   Data           4  main.o(.data)
    pucTask1Stack                            0x20000078   Data           4  main.o(.data)
    pucTask2Stack                            0x2000007c   Data           4  main.o(.data)
    pucTask3Stack                            0x20000080   Data           4  main.o(.data)
    pucTask4Stack                            0x20000084   Data           4  main.o(.data)
    uiTask1StackSizeBackUp                   0x20000088   Data           4  main.o(.data)
    uiTask2StackSizeBackUp                   0x2000008c   Data           4  main.o(.data)
    uiTask3StackSizeBackUp                   0x20000090   Data           4  main.o(.data)
    uiTask4StackSizeBackUp                   0x20000094   Data           4  main.o(.data)
    gpstrTask1                               0x20000098   Data           4  main.o(.data)
    gpstrTask2                               0x2000009c   Data           4  main.o(.data)
    gpstrTask3                               0x200000a0   Data           4  main.o(.data)
    gpstrTask4                               0x200000a4   Data           4  main.o(.data)
    gstrReadyTab                             0x200000bc   Data          68  remix_core.o(.bss)
    guiTimeSlice                             0x20000100   Data          32  remix_task.o(.bss)
    gauiSliceCnt                             0x20000120   Data          32  remix_task.o(.bss)
    gstrMemTable                             0x20000140   Data          80  remix_mem.o(.bss)
    gstrBufPool                              0x20000190   Data       11208  device.o(.bss)
    buffer                                   0x20002d58   Data        5120  main.o(.bss)
    __libspace_start                         0x20004158   Data          96  libspace.o(.bss)
    __temporary_stack_top$libspace           0x200041b8   Data           0  libspace.o(.bss)



==============================================================================

Memory Map of the image

  Image Entry point : 0x08000131

  Load Region LR_IROM1 (Base: 0x08000000, Size: 0x000056a8, Max: 0x00039000, ABSOLUTE)

    Execution Region ER_IROM1 (Base: 0x08000000, Size: 0x000055ec, Max: 0x00039000, ABSOLUTE)

    Base Addr    Size         Type   Attr      Idx    E Section Name        Object

    0x08000000   0x00000130   Data   RO          761    RESET               startup_stm32f10x_hd.o
    0x08000130   0x00000008   Code   RO          836  * !!!main             c_w.l(__main.o)
    0x08000138   0x00000034   Code   RO         1191    !!!scatter          c_w.l(__scatter.o)
    0x0800016c   0x0000001a   Code   RO         1193    !!handler_copy      c_w.l(__scatter_copy.o)
    0x08000186   0x00000002   PAD
    0x08000188   0x0000001c   Code   RO         1195    !!handler_zi        c_w.l(__scatter_zi.o)
    0x080001a4   0x00000000   Code   RO          947    .ARM.Collect$$_printf_percent$$00000000  c_w.l(_printf_percent.o)
    0x080001a4   0x00000006   Code   RO          936    .ARM.Collect$$_printf_percent$$00000001  c_w.l(_printf_n.o)
    0x080001aa   0x00000006   Code   RO          938    .ARM.Collect$$_printf_percent$$00000002  c_w.l(_printf_p.o)
    0x080001b0   0x00000006   Code   RO          943    .ARM.Collect$$_printf_percent$$00000003  c_w.l(_printf_f.o)
    0x080001b6   0x00000006   Code   RO          944    .ARM.Collect$$_printf_percent$$00000004  c_w.l(_printf_e.o)
    0x080001bc   0x00000006   Code   RO          945    .ARM.Collect$$_printf_percent$$00000005  c_w.l(_printf_g.o)
    0x080001c2   0x00000006   Code   RO          946    .ARM.Collect$$_printf_percent$$00000006  c_w.l(_printf_a.o)
    0x080001c8   0x0000000a   Code   RO          951    .ARM.Collect$$_printf_percent$$00000007  c_w.l(_printf_ll.o)
    0x080001d2   0x00000006   Code   RO          940    .ARM.Collect$$_printf_percent$$00000008  c_w.l(_printf_i.o)
    0x080001d8   0x00000006   Code   RO          941    .ARM.Collect$$_printf_percent$$00000009  c_w.l(_printf_d.o)
    0x080001de   0x00000006   Code   RO          942    .ARM.Collect$$_printf_percent$$0000000A  c_w.l(_printf_u.o)
    0x080001e4   0x00000006   Code   RO          939    .ARM.Collect$$_printf_percent$$0000000B  c_w.l(_printf_o.o)
    0x080001ea   0x00000006   Code   RO          937    .ARM.Collect$$_printf_percent$$0000000C  c_w.l(_printf_x.o)
    0x080001f0   0x00000006   Code   RO          948    .ARM.Collect$$_printf_percent$$0000000D  c_w.l(_printf_lli.o)
    0x080001f6   0x00000006   Code   RO          949    .ARM.Collect$$_printf_percent$$0000000E  c_w.l(_printf_lld.o)
    0x080001fc   0x00000006   Code   RO          950    .ARM.Collect$$_printf_percent$$0000000F  c_w.l(_printf_llu.o)
    0x08000202   0x00000006   Code   RO          955    .ARM.Collect$$_printf_percent$$00000010  c_w.l(_printf_llo.o)
    0x08000208   0x00000006   Code   RO          956    .ARM.Collect$$_printf_percent$$00000011  c_w.l(_printf_llx.o)
    0x0800020e   0x0000000a   Code   RO          952    .ARM.Collect$$_printf_percent$$00000012  c_w.l(_printf_l.o)
    0x08000218   0x00000006   Code   RO          934    .ARM.Collect$$_printf_percent$$00000013  c_w.l(_printf_c.o)
    0x0800021e   0x00000006   Code   RO          935    .ARM.Collect$$_printf_percent$$00000014  c_w.l(_printf_s.o)
    0x08000224   0x00000006   Code   RO          953    .ARM.Collect$$_printf_percent$$00000015  c_w.l(_printf_lc.o)
    0x0800022a   0x00000006   Code   RO          954    .ARM.Collect$$_printf_percent$$00000016  c_w.l(_printf_ls.o)
    0x08000230   0x00000004   Code   RO         1046    .ARM.Collect$$_printf_percent$$00000017  c_w.l(_printf_percent_end.o)
    0x08000234   0x00000002   Code   RO         1121    .ARM.Collect$$libinit$$00000000  c_w.l(libinit.o)
    0x08000236   0x00000000   Code   RO          962    .ARM.Collect$$libinit$$00000002  c_w.l(libinit2.o)
    0x08000236   0x00000008   Code   RO          963    .ARM.Collect$$libinit$$00000003  c_w.l(libinit2.o)
    0x0800023e   0x00000000   Code   RO          965    .ARM.Collect$$libinit$$00000008  c_w.l(libinit2.o)
    0x0800023e   0x00000000   Code   RO          967    .ARM.Collect$$libinit$$0000000A  c_w.l(libinit2.o)
    0x0800023e   0x00000000   Code   RO          969    .ARM.Collect$$libinit$$0000000C  c_w.l(libinit2.o)
    0x0800023e   0x00000006   Code   RO          970    .ARM.Collect$$libinit$$0000000D  c_w.l(libinit2.o)
    0x08000244   0x00000000   Code   RO          972    .ARM.Collect$$libinit$$0000000F  c_w.l(libinit2.o)
    0x08000244   0x0000000c   Code   RO          973    .ARM.Collect$$libinit$$00000010  c_w.l(libinit2.o)
    0x08000250   0x00000000   Code   RO          974    .ARM.Collect$$libinit$$00000011  c_w.l(libinit2.o)
    0x08000250   0x00000000   Code   RO          976    .ARM.Collect$$libinit$$00000013  c_w.l(libinit2.o)
    0x08000250   0x0000000a   Code   RO          977    .ARM.Collect$$libinit$$00000014  c_w.l(libinit2.o)
    0x0800025a   0x00000000   Code   RO          978    .ARM.Collect$$libinit$$00000015  c_w.l(libinit2.o)
    0x0800025a   0x00000000   Code   RO          980    .ARM.Collect$$libinit$$00000017  c_w.l(libinit2.o)
    0x0800025a   0x00000000   Code   RO          982    .ARM.Collect$$libinit$$00000019  c_w.l(libinit2.o)
    0x0800025a   0x00000000   Code   RO          984    .ARM.Collect$$libinit$$0000001B  c_w.l(libinit2.o)
    0x0800025a   0x00000000   Code   RO          986    .ARM.Collect$$libinit$$0000001D  c_w.l(libinit2.o)
    0x0800025a   0x00000000   Code   RO          988    .ARM.Collect$$libinit$$0000001F  c_w.l(libinit2.o)
    0x0800025a   0x00000000   Code   RO          990    .ARM.Collect$$libinit$$00000021  c_w.l(libinit2.o)
    0x0800025a   0x00000000   Code   RO          992    .ARM.Collect$$libinit$$00000023  c_w.l(libinit2.o)
    0x0800025a   0x00000000   Code   RO          996    .ARM.Collect$$libinit$$0000002A  c_w.l(libinit2.o)
    0x0800025a   0x00000000   Code   RO          998    .ARM.Collect$$libinit$$0000002C  c_w.l(libinit2.o)
    0x0800025a   0x00000000   Code   RO         1000    .ARM.Collect$$libinit$$0000002E  c_w.l(libinit2.o)
    0x0800025a   0x00000000   Code   RO         1002    .ARM.Collect$$libinit$$00000030  c_w.l(libinit2.o)
    0x0800025a   0x00000002   Code   RO         1003    .ARM.Collect$$libinit$$00000031  c_w.l(libinit2.o)
    0x0800025c   0x00000002   Code   RO         1188    .ARM.Collect$$libshutdown$$00000000  c_w.l(libshutdown.o)
    0x0800025e   0x00000000   Code   RO         1146    .ARM.Collect$$libshutdown$$00000003  c_w.l(libshutdown2.o)
    0x0800025e   0x00000000   Code   RO         1149    .ARM.Collect$$libshutdown$$00000006  c_w.l(libshutdown2.o)
    0x0800025e   0x00000000   Code   RO         1152    .ARM.Collect$$libshutdown$$00000009  c_w.l(libshutdown2.o)
    0x0800025e   0x00000000   Code   RO         1154    .ARM.Collect$$libshutdown$$0000000B  c_w.l(libshutdown2.o)
    0x0800025e   0x00000000   Code   RO         1157    .ARM.Collect$$libshutdown$$0000000E  c_w.l(libshutdown2.o)
    0x0800025e   0x00000002   Code   RO         1158    .ARM.Collect$$libshutdown$$0000000F  c_w.l(libshutdown2.o)
    0x08000260   0x00000000   Code   RO          840    .ARM.Collect$$rtentry$$00000000  c_w.l(rtentry.o)
    0x08000260   0x00000000   Code   RO         1012    .ARM.Collect$$rtentry$$00000002  c_w.l(rtentry2.o)
    0x08000260   0x00000006   Code   RO         1024    .ARM.Collect$$rtentry$$00000004  c_w.l(rtentry4.o)
    0x08000266   0x00000000   Code   RO         1014    .ARM.Collect$$rtentry$$00000009  c_w.l(rtentry2.o)
    0x08000266   0x00000004   Code   RO         1015    .ARM.Collect$$rtentry$$0000000A  c_w.l(rtentry2.o)
    0x0800026a   0x00000000   Code   RO         1017    .ARM.Collect$$rtentry$$0000000C  c_w.l(rtentry2.o)
    0x0800026a   0x00000008   Code   RO         1018    .ARM.Collect$$rtentry$$0000000D  c_w.l(rtentry2.o)
    0x08000272   0x00000002   Code   RO         1129    .ARM.Collect$$rtexit$$00000000  c_w.l(rtexit.o)
    0x08000274   0x00000000   Code   RO         1162    .ARM.Collect$$rtexit$$00000002  c_w.l(rtexit2.o)
    0x08000274   0x00000004   Code   RO         1163    .ARM.Collect$$rtexit$$00000003  c_w.l(rtexit2.o)
    0x08000278   0x00000006   Code   RO         1164    .ARM.Collect$$rtexit$$00000004  c_w.l(rtexit2.o)
    0x0800027e   0x00000002   PAD
    0x08000280   0x00000000   Code   RO         1028    .emb_text           c_w.l(maybetermalloc1.o)
    0x08000280   0x00000848   Code   RO            1    .text               remix_core.o
    0x08000ac8   0x00000270   Code   RO          175    .text               remix_cpu.o
    0x08000d38   0x000000fc   Code   RO          201    .text               remix_debug.o
    0x08000e34   0x000000b8   Code   RO          254    .text               remix_list.o
    0x08000eec   0x00000108   Code   RO          266    .text               remix_queue.o
    0x08000ff4   0x000004d8   Code   RO          285    .text               remix_sem.o
    0x080014cc   0x00000860   Code   RO          297    .text               remix_task.o
    0x08001d2c   0x0000042c   Code   RO          320    .text               remix_flag.o
    0x08002158   0x0000014c   Code   RO          332    .text               remix_mem.o
    0x080022a4   0x00000198   Code   RO          351    .text               device.o
    0x0800243c   0x00000038   Code   RO          380    .text               stm32f10x_it.o
    0x08002474   0x000001dc   Code   RO          399    .text               system_stm32f10x.o
    0x08002650   0x00000734   Code   RO          417    .text               test.o
    0x08002d84   0x000001d4   Code   RO          451    .text               main.o
    0x08002f58   0x00000358   Code   RO          625    .text               stm32f10x_gpio.o
    0x080032b0   0x000003a4   Code   RO          673    .text               stm32f10x_rcc.o
    0x08003654   0x00000408   Code   RO          735    .text               stm32f10x_usart.o
    0x08003a5c   0x00000040   Code   RO          762    .text               startup_stm32f10x_hd.o
    0x08003a9c   0x0000005e   Code   RO          772    .text               c_w.l(h1_alloc.o)
    0x08003afa   0x0000004e   Code   RO          774    .text               c_w.l(h1_free.o)
    0x08003b48   0x00000024   Code   RO          830    .text               c_w.l(c89vsprintf.o)
    0x08003b6c   0x0000003e   Code   RO          832    .text               c_w.l(strlen.o)
    0x08003baa   0x00000006   Code   RO          834    .text               c_w.l(heapauxi.o)
    0x08003bb0   0x00000008   Code   RO          844    .text               c_w.l(rt_heap_descriptor_intlibspace.o)
    0x08003bb8   0x00000004   Code   RO          846    .text               c_w.l(hguard.o)
    0x08003bbc   0x0000008a   Code   RO          848    .text               c_w.l(init_alloc.o)
    0x08003c46   0x0000000e   Code   RO          852    .text               c_w.l(h1_init.o)
    0x08003c54   0x00000052   Code   RO          868    .text               c_w.l(_printf_pad.o)
    0x08003ca6   0x00000024   Code   RO          870    .text               c_w.l(_printf_truncate.o)
    0x08003cca   0x00000052   Code   RO          872    .text               c_w.l(_printf_str.o)
    0x08003d1c   0x00000078   Code   RO          874    .text               c_w.l(_printf_dec.o)
    0x08003d94   0x0000002a   Code   RO          876    .text               c_w.l(_printf_charcount.o)
    0x08003dbe   0x00000002   PAD
    0x08003dc0   0x00000030   Code   RO          878    .text               c_w.l(_printf_char_common.o)
    0x08003df0   0x0000000a   Code   RO          880    .text               c_w.l(_sputc.o)
    0x08003dfa   0x00000002   PAD
    0x08003dfc   0x000000bc   Code   RO          882    .text               c_w.l(_printf_wctomb.o)
    0x08003eb8   0x00000078   Code   RO          885    .text               c_w.l(_printf_longlong_dec.o)
    0x08003f30   0x00000078   Code   RO          891    .text               c_w.l(_printf_oct_int_ll.o)
    0x08003fa8   0x0000009c   Code   RO          911    .text               c_w.l(_printf_hex_int_ll_ptr.o)
    0x08004044   0x0000018c   Code   RO          931    .text               c_w.l(__printf_flags_ss_wp.o)
    0x080041d0   0x00000008   Code   RO         1008    .text               c_w.l(libspace.o)
    0x080041d8   0x00000034   Code   RO         1030    .text               c_w.l(h1_extend.o)
    0x0800420c   0x0000008a   Code   RO         1034    .text               c_w.l(lludiv10.o)
    0x08004296   0x000000b8   Code   RO         1036    .text               c_w.l(_printf_intcommon.o)
    0x0800434e   0x00000420   Code   RO         1038    .text               c_w.l(_printf_fp_dec.o)
    0x0800476e   0x0000002c   Code   RO         1042    .text               c_w.l(_printf_char.o)
    0x0800479a   0x0000002c   Code   RO         1044    .text               c_w.l(_printf_wchar.o)
    0x080047c6   0x00000040   Code   RO         1047    .text               c_w.l(_wcrtomb.o)
    0x08004806   0x0000000e   Code   RO         1049    .text               c_w.l(defsig_rtmem_outer.o)
    0x08004814   0x00000002   Code   RO         1060    .text               c_w.l(use_no_semi.o)
    0x08004816   0x00000000   Code   RO         1062    .text               c_w.l(indicate_semi.o)
    0x08004816   0x0000004a   Code   RO         1063    .text               c_w.l(sys_stackheap_outer.o)
    0x08004860   0x00000010   Code   RO         1065    .text               c_w.l(rt_ctype_table.o)
    0x08004870   0x00000008   Code   RO         1072    .text               c_w.l(rt_locale_intlibspace.o)
    0x08004878   0x00000080   Code   RO         1076    .text               c_w.l(_printf_fp_infnan.o)
    0x080048f8   0x000000e4   Code   RO         1078    .text               c_w.l(bigflt0.o)
    0x080049dc   0x0000000c   Code   RO         1106    .text               c_w.l(exit.o)
    0x080049e8   0x0000000a   Code   RO         1108    .text               c_w.l(defsig_exit.o)
    0x080049f2   0x00000002   PAD
    0x080049f4   0x00000050   Code   RO         1110    .text               c_w.l(defsig_rtmem_inner.o)
    0x08004a44   0x0000000c   Code   RO         1127    .text               c_w.l(sys_exit.o)
    0x08004a50   0x00000032   Code   RO         1140    .text               c_w.l(defsig_general.o)
    0x08004a82   0x00000002   PAD
    0x08004a84   0x00000080   Code   RO         1142    .text               c_w.l(strcmpv7m.o)
    0x08004b04   0x0000000e   Code   RO         1159    .text               c_w.l(sys_wrch.o)
    0x08004b12   0x0000003e   Code   RO         1081    CL$$btod_d2e        c_w.l(btod.o)
    0x08004b50   0x00000046   Code   RO         1083    CL$$btod_d2e_denorm_low  c_w.l(btod.o)
    0x08004b96   0x00000060   Code   RO         1082    CL$$btod_d2e_norm_op1  c_w.l(btod.o)
    0x08004bf6   0x00000338   Code   RO         1091    CL$$btod_div_common  c_w.l(btod.o)
    0x08004f2e   0x000000c6   Code   RO         1088    CL$$btod_e2e        c_w.l(btod.o)
    0x08004ff4   0x00000028   Code   RO         1085    CL$$btod_ediv       c_w.l(btod.o)
    0x0800501c   0x00000028   Code   RO         1084    CL$$btod_emul       c_w.l(btod.o)
    0x08005044   0x00000244   Code   RO         1090    CL$$btod_mult_common  c_w.l(btod.o)
    0x08005288   0x000000ac   Code   RO          316    REMIX_CORE          remix_core_a.o
    0x08005334   0x00000028   Code   RO         1125    i.__ARM_fpclassify  m_ws.l(fpclassify.o)
    0x0800535c   0x0000000e   Code   RO          924    i._is_digit         c_w.l(__printf_wp.o)
    0x0800536a   0x00000002   PAD
    0x0800536c   0x0000002c   Code   RO         1104    locale$$code        c_w.l(lc_numeric_c.o)
    0x08005398   0x0000002c   Code   RO         1136    locale$$code        c_w.l(lc_ctype_c.o)
    0x080053c4   0x00000004   Code   RO         1004    x$fpl$printf1       fz_ws.l(printf1.o)
    0x080053c8   0x00000000   Code   RO         1124    x$fpl$usenofp       fz_ws.l(usenofp.o)
    0x080053c8   0x00000008   Data   RO          883    .constdata          c_w.l(_printf_wctomb.o)
    0x080053d0   0x00000028   Data   RO          912    .constdata          c_w.l(_printf_hex_int_ll_ptr.o)
    0x080053f8   0x00000011   Data   RO          932    .constdata          c_w.l(__printf_flags_ss_wp.o)
    0x08005409   0x00000003   PAD
    0x0800540c   0x00000094   Data   RO         1079    .constdata          c_w.l(bigflt0.o)
    0x080054a0   0x00000020   Data   RO         1189    Region$$Table       anon$$obj.o
    0x080054c0   0x0000001c   Data   RO         1103    locale$$data        c_w.l(lc_numeric_c.o)
    0x080054dc   0x00000110   Data   RO         1135    locale$$data        c_w.l(lc_ctype_c.o)


    Execution Region RW_IRAM1 (Base: 0x20000000, Size: 0x000083b8, Max: 0x0000b000, ABSOLUTE)

    Base Addr    Size         Type   Attr      Idx    E Section Name        Object

    0x20000000   0x0000002c   Data   RW            3    .data               remix_core.o
    0x2000002c   0x00000004   Data   RW          176    .data               remix_cpu.o
    0x20000030   0x00000008   Data   RW          202    .data               remix_debug.o
    0x20000038   0x00000014   Data   RW          299    .data               remix_task.o
    0x2000004c   0x00000004   Data   RW          334    .data               remix_mem.o
    0x20000050   0x00000014   Data   RW          400    .data               system_stm32f10x.o
    0x20000064   0x00000010   Data   RW          418    .data               test.o
    0x20000074   0x00000034   Data   RW          453    .data               main.o
    0x200000a8   0x00000014   Data   RW          674    .data               stm32f10x_rcc.o
    0x200000bc   0x00000044   Zero   RW            2    .bss                remix_core.o
    0x20000100   0x00000040   Zero   RW          298    .bss                remix_task.o
    0x20000140   0x00000050   Zero   RW          333    .bss                remix_mem.o
    0x20000190   0x00002bc8   Zero   RW          352    .bss                device.o
    0x20002d58   0x00001400   Zero   RW          452    .bss                main.o
    0x20004158   0x00000060   Zero   RW         1009    .bss                c_w.l(libspace.o)
    0x200041b8   0x00004000   Zero   RW          760    HEAP                startup_stm32f10x_hd.o
    0x200081b8   0x00000200   Zero   RW          759    STACK               startup_stm32f10x_hd.o



  Load Region LR_IROM2 (Base: 0x08039004, Size: 0x0000001c, Max: 0x00006ffc, ABSOLUTE)

    Execution Region ER_IROM2 (Base: 0x08039004, Size: 0x0000001c, Max: 0x00006ffc, ABSOLUTE)

    Base Addr    Size         Type   Attr      Idx    E Section Name        Object

    0x08039004   0x0000001a   Code   RO          439    .text               unoptimize.o


==============================================================================

Image component sizes


      Code (inc. data)   RO Data    RW Data    ZI Data      Debug   Object Name

       408         34          0          0      11208       4445   device.o
       468        164          0         52       5120       1487   main.o
      2120        138          0         44         68     245517   remix_core.o
       172         14          0          0          0        296   remix_core_a.o
       624         26          0          4          0      18940   remix_cpu.o
       252         16          0          8          0       5904   remix_debug.o
      1068          8          0          0          0       3683   remix_flag.o
       184          0          0          0          0       2249   remix_list.o
       332          8          0          4         80       2334   remix_mem.o
       264          0          0          0          0       1988   remix_queue.o
      1240         10          0          0          0       3661   remix_sem.o
      2144         74          0         20         64       8995   remix_task.o
        64         26        304          0      16896        752   startup_stm32f10x_hd.o
       856         40          0          0          0       5625   stm32f10x_gpio.o
        56          6          0          0          0       1314   stm32f10x_it.o
       932         44          0         20          0       8760   stm32f10x_rcc.o
      1032         22          0          0          0       8352   stm32f10x_usart.o
       476         36          0         20          0       1635   system_stm32f10x.o
      1844       1000          0         16          0       4412   test.o
        26          0          0          0          0        450   unoptimize.o

    ----------------------------------------------------------------------
     14564       1666        336        188      33436     330799   Object Totals
         0          0         32          0          0          0   (incl. Generated)
         2          0          0          0          0          0   (incl. Padding)

    ----------------------------------------------------------------------

      Code (inc. data)   RO Data    RW Data    ZI Data      Debug   Library Member Name

         8          0          0          0          0         68   __main.o
       396          6         17          0          0         92   __printf_flags_ss_wp.o
        14          0          0          0          0         68   __printf_wp.o
        52          8          0          0          0          0   __scatter.o
        26          0          0          0          0          0   __scatter_copy.o
        28          0          0          0          0          0   __scatter_zi.o
         6          0          0          0          0          0   _printf_a.o
         6          0          0          0          0          0   _printf_c.o
        44          0          0          0          0        108   _printf_char.o
        48          6          0          0          0         96   _printf_char_common.o
        42          0          0          0          0         68   _printf_charcount.o
         6          0          0          0          0          0   _printf_d.o
       120         18          0          0          0         92   _printf_dec.o
         6          0          0          0          0          0   _printf_e.o
         6          0          0          0          0          0   _printf_f.o
      1056          0          0          0          0        212   _printf_fp_dec.o
       128         16          0          0          0         84   _printf_fp_infnan.o
         6          0          0          0          0          0   _printf_g.o
       156          6         40          0          0        160   _printf_hex_int_ll_ptr.o
         6          0          0          0          0          0   _printf_i.o
       184          0          0          0          0         88   _printf_intcommon.o
        10          0          0          0          0          0   _printf_l.o
         6          0          0          0          0          0   _printf_lc.o
        10          0          0          0          0          0   _printf_ll.o
         6          0          0          0          0          0   _printf_lld.o
         6          0          0          0          0          0   _printf_lli.o
         6          0          0          0          0          0   _printf_llo.o
         6          0          0          0          0          0   _printf_llu.o
         6          0          0          0          0          0   _printf_llx.o
       120         16          0          0          0         92   _printf_longlong_dec.o
         6          0          0          0          0          0   _printf_ls.o
         6          0          0          0          0          0   _printf_n.o
         6          0          0          0          0          0   _printf_o.o
       120          8          0          0          0        124   _printf_oct_int_ll.o
         6          0          0          0          0          0   _printf_p.o
        82          0          0          0          0        108   _printf_pad.o
         0          0          0          0          0          0   _printf_percent.o
         4          0          0          0          0          0   _printf_percent_end.o
         6          0          0          0          0          0   _printf_s.o
        82          0          0          0          0         80   _printf_str.o
        36          0          0          0          0         84   _printf_truncate.o
         6          0          0          0          0          0   _printf_u.o
        44          0          0          0          0        108   _printf_wchar.o
       188          6          8          0          0         92   _printf_wctomb.o
         6          0          0          0          0          0   _printf_x.o
        10          0          0          0          0         68   _sputc.o
        64          0          0          0          0         92   _wcrtomb.o
       228          6        148          0          0         96   bigflt0.o
      1910        128          0          0          0        672   btod.o
        36          4          0          0          0         76   c89vsprintf.o
        10          0          0          0          0         68   defsig_exit.o
        50          0          0          0          0         88   defsig_general.o
        80         58          0          0          0         76   defsig_rtmem_inner.o
        14          0          0          0          0         80   defsig_rtmem_outer.o
        12          0          0          0          0         72   exit.o
        94          0          0          0          0         80   h1_alloc.o
        52          0          0          0          0         68   h1_extend.o
        78          0          0          0          0         80   h1_free.o
        14          0          0          0          0         84   h1_init.o
         6          0          0          0          0        152   heapauxi.o
         4          0          0          0          0        136   hguard.o
         0          0          0          0          0          0   indicate_semi.o
       138          0          0          0          0        168   init_alloc.o
        44         10        272          0          0         76   lc_ctype_c.o
        44         10         28          0          0         76   lc_numeric_c.o
         2          0          0          0          0          0   libinit.o
        38          0          0          0          0          0   libinit2.o
         2          0          0          0          0          0   libshutdown.o
         2          0          0          0          0          0   libshutdown2.o
         8          4          0          0         96         68   libspace.o
       138          0          0          0          0         80   lludiv10.o
         0          0          0          0          0          0   maybetermalloc1.o
        16          4          0          0          0         76   rt_ctype_table.o
         8          4          0          0          0         68   rt_heap_descriptor_intlibspace.o
         8          4          0          0          0         68   rt_locale_intlibspace.o
         0          0          0          0          0          0   rtentry.o
        12          0          0          0          0          0   rtentry2.o
         6          0          0          0          0          0   rtentry4.o
         2          0          0          0          0          0   rtexit.o
        10          0          0          0          0          0   rtexit2.o
       128          0          0          0          0         68   strcmpv7m.o
        62          0          0          0          0         76   strlen.o
        12          4          0          0          0         68   sys_exit.o
        74          0          0          0          0         80   sys_stackheap_outer.o
        14          0          0          0          0         76   sys_wrch.o
         2          0          0          0          0         68   use_no_semi.o
         4          0          0          0          0         68   printf1.o
         0          0          0          0          0          0   usenofp.o
        40          0          0          0          0         68   fpclassify.o

    ----------------------------------------------------------------------
      6608        326        516          0         96       5064   Library Totals
        14          0          3          0          0          0   (incl. Padding)

    ----------------------------------------------------------------------

      Code (inc. data)   RO Data    RW Data    ZI Data      Debug   Library Name

      6550        326        513          0         96       4928   c_w.l
         4          0          0          0          0         68   fz_ws.l
        40          0          0          0          0         68   m_ws.l

    ----------------------------------------------------------------------
      6608        326        516          0         96       5064   Library Totals

    ----------------------------------------------------------------------

==============================================================================


      Code (inc. data)   RO Data    RW Data    ZI Data      Debug   

     21172       1992        852        188      33532     331131   Grand Totals
     21172       1992        852        188      33532     331131   ELF Image Totals
     21172       1992        852        188          0          0   ROM Totals

==============================================================================

    Total RO  Size (Code + RO Data)                22024 (  21.51kB)
    Total RW  Size (RW Data + ZI Data)             33720 (  32.93kB)
    Total ROM Size (Code + RO Data + RW Data)      22212 (  21.69kB)

==============================================================================

