ARM Linker, 5.03 [Build 24] [MDK-ARM Standard]

==============================================================================

Section Cross References

    remix_core.o(.text) refers to remix_core_a.o(REMIX_CORE) for REMIX_SwitchToTask
    remix_core.o(.text) refers to remix_cpu.o(.text) for REMIX_SystemHardwareInit
    remix_core.o(.text) refers to remix_userroot.o(.text) for REMIX_RootTask
    remix_core.o(.text) refers to remix_list.o(.text) for REMIX_DlistInit
    remix_core.o(.text) refers to remix_task.o(.text) for REMIX_TaskHookInit
    remix_core.o(.text) refers to remix_debug.o(.text) for REMIX_CPUShareStatistic
    remix_core.o(.text) refers to remix_core.o(.data) for gpstrRootTaskTcb
    remix_core.o(.text) refers to remix_core.o(.bss) for gstrReadyTab
    remix_core.o(.text) refers to remix_task.o(.data) for gstrTaskList
    remix_core.o(.text) refers to remix_cpu.o(.data) for guiIntLockCounter
    remix_core.o(.text) refers to remix_debug.o(.data) for guiCpuSharePeriod
    remix_core.o(.text) refers to remix_core.o(.constdata) for caucTaskPrioUnmapTab
    remix_core.o(.text) refers to remix_task.o(.bss) for gauiSliceCnt
    remix_cpu.o(.text) refers to remix_debug.o(.text) for REMIX_TaskStackCheckInit
    remix_cpu.o(.text) refers to remix_core_a.o(REMIX_CORE) for REMIX_GetXpsr
    remix_cpu.o(.text) refers to remix_task.o(.text) for REMIX_TaskSelfDelete
    remix_cpu.o(.text) refers to system_stm32f10x.o(.data) for SystemCoreClock
    remix_cpu.o(.text) refers to remix_cpu.o(.data) for guiIntLockCounter
    remix_debug.o(.text) refers to remix_list.o(.text) for REMIX_DlistNextNodeEmpInq
    remix_debug.o(.text) refers to remix_debug.o(.data) for suiTick
    remix_debug.o(.text) refers to remix_core.o(.data) for guiTick
    remix_debug.o(.text) refers to remix_task.o(.data) for gstrTaskList
    remix_queue.o(.text) refers to remix_cpu.o(.text) for REMIX_IntLock
    remix_queue.o(.text) refers to h1_alloc.o(.text) for malloc
    remix_queue.o(.text) refers to remix_list.o(.text) for REMIX_DlistInit
    remix_queue.o(.text) refers to remix_sem.o(.text) for REMIX_SemCreate
    remix_queue.o(.text) refers to h1_free.o(.text) for free
    remix_sem.o(.text) refers to remix_cpu.o(.text) for REMIX_IntLock
    remix_sem.o(.text) refers to h1_alloc.o(.text) for malloc
    remix_sem.o(.text) refers to remix_core.o(.text) for REMIX_TaskSemTableInit
    remix_sem.o(.text) refers to remix_task.o(.text) for REMIX_TaskPend
    remix_sem.o(.text) refers to h1_free.o(.text) for free
    remix_sem.o(.text) refers to remix_core.o(.data) for gpstrCurTcb
    remix_sem.o(.text) refers to remix_core.o(.bss) for gstrReadyTab
    remix_task.o(.text) refers to remix_cpu.o(.text) for REMIX_IntLock
    remix_task.o(.text) refers to h1_alloc.o(.text) for malloc
    remix_task.o(.text) refers to remix_core.o(.text) for REMIX_TaskAddToTaskList
    remix_task.o(.text) refers to remix_debug.o(.text) for REMIX_TaskCPUShareInit
    remix_task.o(.text) refers to h1_free.o(.text) for free
    remix_task.o(.text) refers to remix_core.o(.bss) for gstrReadyTab
    remix_task.o(.text) refers to remix_core.o(.data) for guiTick
    remix_task.o(.text) refers to remix_task.o(.data) for gvfTaskCreateHook
    remix_task.o(.text) refers to remix_task.o(.bss) for gauiSliceCnt
    remix_core_a.o(REMIX_CORE) refers to remix_core.o(.text) for REMIX_TaskSched
    remix_core_a.o(REMIX_CORE) refers to remix_core.o(.data) for gpstrCurTaskReg
    device.o(.text) refers to remix_list.o(.text) for REMIX_DlistInit
    device.o(.text) refers to remix_queue.o(.text) for REMIX_QueueCreate
    device.o(.text) refers to remix_sem.o(.text) for REMIX_SemCreate
    device.o(.text) refers to remix_task.o(.text) for REMIX_TaskCreateHookAdd
    device.o(.text) refers to stm32f10x_rcc.o(.text) for RCC_APB2PeriphClockCmd
    device.o(.text) refers to stm32f10x_gpio.o(.text) for GPIO_Init
    device.o(.text) refers to stm32f10x_usart.o(.text) for USART_StructInit
    device.o(.text) refers to remix_cpu.o(.text) for REMIX_IntLock
    device.o(.text) refers to c89vsprintf.o(.text) for __c89vsprintf
    device.o(.text) refers to strlen.o(.text) for strlen
    device.o(.text) refers to device.o(.bss) for gstrBufPool
    device.o(.text) refers to test.o(.data) for gpstrSerialMsgQue
    device.o(.text) refers to test.o(.text) for TEST_TaskCreatePrint
    remix_userroot.o(.text) refers to device.o(.text) for DEV_SoftwareInit
    remix_userroot.o(.text) refers to remix_task.o(.text) for REMIX_TaskCreate
    remix_userroot.o(.text) refers to remix_core.o(.text) for REMIX_GetSystemTick
    remix_userroot.o(.text) refers to test.o(.text) for TEST_TestTask1
    remix_userroot.o(.text) refers to test.o(.data) for gpstrSerialTaskTcb
    stm32f10x_it.o(.text) refers to remix_cpu.o(.text) for REMIX_IntPendSvSet
    stm32f10x_it.o(.text) refers to remix_core.o(.text) for REMIX_TaskTick
    system_stm32f10x.o(.text) refers to system_stm32f10x.o(.data) for SystemCoreClock
[...]
    .ARM.Collect$$libinit$$0000001B          0x0800025a   Section        0  libinit2.o(.ARM.Collect$$libinit$$0000001B)
    .ARM.Collect$$libinit$$0000001D          0x0800025a   Section        0  libinit2.o(.ARM.Collect$$libinit$$0000001D)
    .ARM.Collect$$libinit$$0000001F          0x0800025a   Section        0  libinit2.o(.ARM.Collect$$libinit$$0000001F)
    .ARM.Collect$$libinit$$00000021          0x0800025a   Section        0  libinit2.o(.ARM.Collect$$libinit$$00000021)
    .ARM.Collect$$libinit$$00000023          0x0800025a   Section        0  libinit2.o(.ARM.Collect$$libinit$$00000023)
    .ARM.Collect$$libinit$$0000002A          0x0800025a   Section        0  libinit2.o(.ARM.Collect$$libinit$$0000002A)
    .ARM.Collect$$libinit$$0000002C          0x0800025a   Section        0  libinit2.o(.ARM.Collect$$libinit$$0000002C)
    .ARM.Collect$$libinit$$0000002E          0x0800025a   Section        0  libinit2.o(.ARM.Collect$$libinit$$0000002E)
    .ARM.Collect$$libinit$$00000030          0x0800025a   Section        0  libinit2.o(.ARM.Collect$$libinit$$00000030)
    .ARM.Collect$$libinit$$00000031          0x0800025a   Section        2  libinit2.o(.ARM.Collect$$libinit$$00000031)
    .ARM.Collect$$libshutdown$$00000000      0x0800025c   Section        2  libshutdown.o(.ARM.Collect$$libshutdown$$00000000)
    .ARM.Collect$$libshutdown$$00000003      0x0800025e   Section        0  libshutdown2.o(.ARM.Collect$$libshutdown$$00000003)
    .ARM.Collect$$libshutdown$$00000006      0x0800025e   Section        0  libshutdown2.o(.ARM.Collect$$libshutdown$$00000006)
    .ARM.Collect$$libshutdown$$00000009      0x0800025e   Section        0  libshutdown2.o(.ARM.Collect$$libshutdown$$00000009)
    .ARM.Collect$$libshutdown$$0000000B      0x0800025e   Section        0  libshutdown2.o(.ARM.Collect$$libshutdown$$0000000B)
    .ARM.Collect$$libshutdown$$0000000E      0x0800025e   Section        0  libshutdown2.o(.ARM.Collect$$libshutdown$$0000000E)
    .ARM.Collect$$libshutdown$$0000000F      0x0800025e   Section        2  libshutdown2.o(.ARM.Collect$$libshutdown$$0000000F)
    .ARM.Collect$$rtentry$$00000000          0x08000260   Section        0  rtentry.o(.ARM.Collect$$rtentry$$00000000)
    .ARM.Collect$$rtentry$$00000002          0x08000260   Section        0  rtentry2.o(.ARM.Collect$$rtentry$$00000002)
    .ARM.Collect$$rtentry$$00000004          0x08000260   Section        6  rtentry4.o(.ARM.Collect$$rtentry$$00000004)
    .ARM.Collect$$rtentry$$00000009          0x08000266   Section        0  rtentry2.o(.ARM.Collect$$rtentry$$00000009)
    .ARM.Collect$$rtentry$$0000000A          0x08000266   Section        4  rtentry2.o(.ARM.Collect$$rtentry$$0000000A)
    .ARM.Collect$$rtentry$$0000000C          0x0800026a   Section        0  rtentry2.o(.ARM.Collect$$rtentry$$0000000C)
    .ARM.Collect$$rtentry$$0000000D          0x0800026a   Section        8  rtentry2.o(.ARM.Collect$$rtentry$$0000000D)
    .ARM.Collect$$rtexit$$00000000           0x08000272   Section        2  rtexit.o(.ARM.Collect$$rtexit$$00000000)
    .ARM.Collect$$rtexit$$00000002           0x08000274   Section        0  rtexit2.o(.ARM.Collect$$rtexit$$00000002)
    .ARM.Collect$$rtexit$$00000003           0x08000274   Section        4  rtexit2.o(.ARM.Collect$$rtexit$$00000003)
    .ARM.Collect$$rtexit$$00000004           0x08000278   Section        6  rtexit2.o(.ARM.Collect$$rtexit$$00000004)
    .emb_text                                0x08000280   Section        0  maybetermalloc1.o(.emb_text)
    .text                                    0x08000280   Section        0  remix_core.o(.text)
    .text                                    0x080007ec   Section        0  remix_cpu.o(.text)
    NVIC_SetPriority                         0x080007ed   Thumb Code    32  remix_cpu.o(.text)
    .text                                    0x080009e0   Section        0  remix_debug.o(.text)
    .text                                    0x08000ad8   Section        0  remix_list.o(.text)
    .text                                    0x08000b90   Section        0  remix_queue.o(.text)
    .text                                    0x08000c98   Section        0  remix_sem.o(.text)
    .text                                    0x08001160   Section        0  remix_task.o(.text)
    .text                                    0x08001714   Section        0  device.o(.text)
    .text                                    0x0800189c   Section        0  remix_userroot.o(.text)
    .text                                    0x0800197c   Section        0  stm32f10x_it.o(.text)
    .text                                    0x080019b4   Section        0  system_stm32f10x.o(.text)
    SetSysClockTo72                          0x080019b5   Thumb Code   212  system_stm32f10x.o(.text)
    SetSysClock                              0x08001a89   Thumb Code     8  system_stm32f10x.o(.text)
    .text                                    0x08001b90   Section        0  test.o(.text)
    .text                                    0x08002344   Section        0  stm32f10x_gpio.o(.text)
    .text                                    0x0800269c   Section        0  stm32f10x_rcc.o(.text)
    .text                                    0x08002a40   Section        0  stm32f10x_usart.o(.text)
    .text                                    0x08002e48   Section       64  startup_stm32f10x_hd.o(.text)
    .text                                    0x08002e88   Section        0  h1_alloc.o(.text)
    .text                                    0x08002ee6   Section        0  h1_free.o(.text)
    .text                                    0x08002f34   Section        0  c89vsprintf.o(.text)
    .text                                    0x08002f58   Section        0  strlen.o(.text)
    .text                                    0x08002f96   Section        0  heapauxi.o(.text)
    .text                                    0x08002f9c   Section        8  rt_heap_descriptor_intlibspace.o(.text)
    .text                                    0x08002fa4   Section        0  hguard.o(.text)
    .text                                    0x08002fa8   Section        0  init_alloc.o(.text)
    .text                                    0x08003032   Section        0  h1_init.o(.text)
    .text                                    0x08003040   Section        0  _printf_pad.o(.text)
    .text                                    0x08003092   Section        0  _printf_truncate.o(.text)
    .text                                    0x080030b6   Section        0  _printf_str.o(.text)
    .text                                    0x08003108   Section        0  _printf_dec.o(.text)
    .text                                    0x08003180   Section        0  _printf_charcount.o(.text)
    .text                                    0x080031ac   Section        0  _printf_char_common.o(.text)
    _printf_input_char                       0x080031ad   Thumb Code    10  _printf_char_common.o(.text)
    .text                                    0x080031dc   Section        0  _sputc.o(.text)
    .text                                    0x080031e8   Section        0  _printf_wctomb.o(.text)
    .text                                    0x080032a4   Section        0  _printf_longlong_dec.o(.text)
    .text                                    0x0800331c   Section        0  _printf_oct_int_ll.o(.text)
    _printf_longlong_oct_internal            0x0800331d   Thumb Code     0  _printf_oct_int_ll.o(.text)
    .text                                    0x08003394   Section        0  _printf_hex_int_ll_ptr.o(.text)
    _printf_hex_common                       0x08003395   Thumb Code     0  _printf_hex_int_ll_ptr.o(.text)
    .text                                    0x08003430   Section        0  __printf_flags_ss_wp.o(.text)
    .text                                    0x080035bc   Section        8  libspace.o(.text)
    .text                                    0x080035c4   Section        0  h1_extend.o(.text)
    .text                                    0x080035f8   Section      138  lludiv10.o(.text)
    .text                                    0x08003682   Section        0  _printf_intcommon.o(.text)
    .text                                    0x0800373a   Section        0  _printf_fp_dec.o(.text)
    _fp_digits                               0x0800373d   Thumb Code   426  _printf_fp_dec.o(.text)
    .text                                    0x08003b5a   Section        0  _printf_char.o(.text)
    .text                                    0x08003b86   Section        0  _printf_wchar.o(.text)
    .text                                    0x08003bb2   Section        0  _wcrtomb.o(.text)
    .text                                    0x08003bf2   Section        0  defsig_rtmem_outer.o(.text)
    .text                                    0x08003c00   Section        2  use_no_semi.o(.text)
    .text                                    0x08003c02   Section        0  indicate_semi.o(.text)
    .text                                    0x08003c02   Section       74  sys_stackheap_outer.o(.text)
    .text                                    0x08003c4c   Section       16  rt_ctype_table.o(.text)
    .text                                    0x08003c5c   Section        8  rt_locale_intlibspace.o(.text)
    .text                                    0x08003c64   Section        0  _printf_fp_infnan.o(.text)
    .text                                    0x08003ce4   Section        0  bigflt0.o(.text)
    .text                                    0x08003dc8   Section        0  exit.o(.text)
    .text                                    0x08003dd4   Section        0  defsig_exit.o(.text)
    .text                                    0x08003de0   Section        0  defsig_rtmem_inner.o(.text)
    .text                                    0x08003e30   Section        0  sys_exit.o(.text)
    .text                                    0x08003e3c   Section        0  defsig_general.o(.text)
    .text                                    0x08003e70   Section      128  strcmpv7m.o(.text)
    .text                                    0x08003ef0   Section        0  sys_wrch.o(.text)
    CL$$btod_d2e                             0x08003efe   Section       62  btod.o(CL$$btod_d2e)
    CL$$btod_d2e_denorm_low                  0x08003f3c   Section       70  btod.o(CL$$btod_d2e_denorm_low)
    CL$$btod_d2e_norm_op1                    0x08003f82   Section       96  btod.o(CL$$btod_d2e_norm_op1)
    CL$$btod_div_common                      0x08003fe2   Section      824  btod.o(CL$$btod_div_common)
    CL$$btod_e2e                             0x0800431a   Section      198  btod.o(CL$$btod_e2e)
    CL$$btod_ediv                            0x080043e0   Section       40  btod.o(CL$$btod_ediv)
    CL$$btod_emul                            0x08004408   Section       40  btod.o(CL$$btod_emul)
    CL$$btod_mult_common                     0x08004430   Section      580  btod.o(CL$$btod_mult_common)
    REMIX_CORE                               0x08004674   Section      148  remix_core_a.o(REMIX_CORE)
    i.__ARM_fpclassify                       0x08004708   Section        0  fpclassify.o(i.__ARM_fpclassify)
    i._is_digit                              0x08004730   Section        0  __printf_wp.o(i._is_digit)
    locale$$code                             0x08004740   Section       44  lc_numeric_c.o(locale$$code)
    locale$$code                             0x0800476c   Section       44  lc_ctype_c.o(locale$$code)
    x$fpl$printf1                            0x08004798   Section        4  printf1.o(x$fpl$printf1)
    .constdata                               0x0800479c   Section      256  remix_core.o(.constdata)
    x$fpl$usenofp                            0x0800479c   Section        0  usenofp.o(x$fpl$usenofp)
    .constdata                               0x0800489c   Section        8  _printf_wctomb.o(.constdata)
    initial_mbstate                          0x0800489c   Data           8  _printf_wctomb.o(.constdata)
    .constdata                               0x080048a4   Section       40  _printf_hex_int_ll_ptr.o(.constdata)
    uc_hextab                                0x080048a4   Data          20  _printf_hex_int_ll_ptr.o(.constdata)
    lc_hextab                                0x080048b8   Data          20  _printf_hex_int_ll_ptr.o(.constdata)
    .constdata                               0x080048cc   Section       17  __printf_flags_ss_wp.o(.constdata)
    maptable                                 0x080048cc   Data          17  __printf_flags_ss_wp.o(.constdata)
    .constdata                               0x080048e0   Section      148  bigflt0.o(.constdata)
    tenpwrs_x                                0x080048e0   Data          60  bigflt0.o(.constdata)
    tenpwrs_i                                0x0800491c   Data          64  bigflt0.o(.constdata)
    locale$$data                             0x08004994   Section       28  lc_numeric_c.o(locale$$data)
    __lcnum_c_name                           0x08004998   Data           2  lc_numeric_c.o(locale$$data)
    __lcnum_c_start                          0x080049a0   Data           0  lc_numeric_c.o(locale$$data)
    __lcnum_c_point                          0x080049ac   Data           0  lc_numeric_c.o(locale$$data)
    __lcnum_c_thousands                      0x080049ae   Data           0  lc_numeric_c.o(locale$$data)
    __lcnum_c_grouping                       0x080049af   Data           0  lc_numeric_c.o(locale$$data)
    locale$$data                             0x080049b0   Section      272  lc_ctype_c.o(locale$$data)
    __lcnum_c_end                            0x080049b0   Data           0  lc_numeric_c.o(locale$$data)
    __lcctype_c_name                         0x080049b4   Data           2  lc_ctype_c.o(locale$$data)
    __lcctype_c_start                        0x080049bc   Data           0  lc_ctype_c.o(locale$$data)
    __lcctype_c_end                          0x08004ac0   Data           0  lc_ctype_c.o(locale$$data)
    .text                                    0x08039004   Section        0  unoptimize.o(.text)
    .data                                    0x20000000   Section       44  remix_core.o(.data)
    .data                                    0x2000002c   Section        4  remix_cpu.o(.data)
    .data                                    0x20000030   Section        8  remix_debug.o(.data)
    suiTick                                  0x20000030   Data           4  remix_debug.o(.data)
    .data                                    0x20000038   Section       24  remix_task.o(.data)
    .data                                    0x20000050   Section       20  system_stm32f10x.o(.data)
    .data                                    0x20000064   Section       20  test.o(.data)
    suiLastTime                              0x20000064   Data           4  test.o(.data)
    .data                                    0x20000078   Section       20  stm32f10x_rcc.o(.data)
    APBAHBPrescTable                         0x20000078   Data          16  stm32f10x_rcc.o(.data)
    ADCPrescTable                            0x20000088   Data           4  stm32f10x_rcc.o(.data)
    .bss                                     0x2000008c   Section       68  remix_core.o(.bss)
    .bss                                     0x200000d0   Section       32  remix_task.o(.bss)
    .bss                                     0x200000f0   Section    11208  device.o(.bss)
    .bss                                     0x20002cb8   Section       96  libspace.o(.bss)
    HEAP                                     0x20002d18   Section    16384  startup_stm32f10x_hd.o(HEAP)
    Heap_Mem                                 0x20002d18   Data       16384  startup_stm32f10x_hd.o(HEAP)
    STACK                                    0x20006d18   Section      512  startup_stm32f10x_hd.o(STACK)
    Stack_Mem                                0x20006d18   Data         512  startup_stm32f10x_hd.o(STACK)
    __initial_sp                             0x20006f18   Data           0  startup_stm32f10x_hd.o(STACK)

    Global Symbols

    Symbol Name                              Value     Ov Type        Size  Object(Section)

    BuildAttributes$$THM_ISAv4$P$D$K$B$S$PE$A:L22UL41UL21$X:L11$S22US41US21$IEEE1$IW$USESV6$~STKCKD$USESV7$~SHL$OTIME$ROPI$IEEEJ$EBA8$UX$STANDARDLIB$REQ8$PRES8$EABIv2 0x00000000   Number         0  anon$$obj.o ABSOLUTE
    __ARM_use_no_argv                        0x00000000   Number         0  remix_core.o ABSOLUTE
    _printf_flags                            0x00000000   Number         0  printf_stubs.o ABSOLUTE
    _printf_return_value                     0x00000000   Number         0  printf_stubs.o ABSOLUTE
    _printf_sizespec                         0x00000000   Number         0  printf_stubs.o ABSOLUTE
    _printf_widthprec                        0x00000000   Number         0  printf_stubs.o ABSOLUTE
    __ARM_exceptions_init                     - Undefined Weak Reference
    __alloca_initialize                       - Undefined Weak Reference
    __cpp_initialize__aeabi_                  - Undefined Weak Reference
    __cxa_finalize                            - Undefined Weak Reference
    __sigvec_lookup                           - Undefined Weak Reference
    __user_heap_extent                        - Undefined Weak Reference
    _atexit_init                              - Undefined Weak Reference
    _call_atexit_fns                          - Undefined Weak Reference
    _clock_init                               - Undefined Weak Reference
    _fp_trap_init                             - Undefined Weak Reference
    _fp_trap_shutdown                         - Undefined Weak Reference
    _get_lc_collate                           - Undefined Weak Reference
    _get_lc_monetary                          - Undefined Weak Reference
    _get_lc_time                              - Undefined Weak Reference
    _getenv_init                              - Undefined Weak Reference
    _handle_redirection                       - Undefined Weak Reference
    _initio                                   - Undefined Weak Reference
    _mutex_acquire                            - Undefined Weak Reference
    _mutex_free                               - Undefined Weak Reference
    _mutex_release                            - Undefined Weak Reference
    _printf_fp_hex                            - Undefined Weak Reference
    _printf_mbtowc                            - Undefined Weak Reference
    _printf_wc                                - Undefined Weak Reference
    _rand_init                                - Undefined Weak Reference
    _signal_finish                            - Undefined Weak Reference
    _signal_init                              - Undefined Weak Reference
    _terminateio                              - Undefined Weak Reference
    __Vectors_Size                           0x00000130   Number         0  startup_stm32f10x_hd.o ABSOLUTE
    __Vectors                                0x08000000   Data           4  startup_stm32f10x_hd.o(RESET)
    __Vectors_End                            0x08000130   Data           0  startup_stm32f10x_hd.o(RESET)
    __main                                   0x08000131   Thumb Code     8  __main.o(!!!main)
    __scatterload                            0x08000139   Thumb Code     0  __scatter.o(!!!scatter)
    __scatterload_rt2                        0x08000139   Thumb Code    44  __scatter.o(!!!scatter)
    __scatterload_rt2_thumb_only             0x08000139   Thumb Code     0  __scatter.o(!!!scatter)
    __scatterload_null                       0x08000147   Thumb Code     0  __scatter.o(!!!scatter)
    __scatterload_copy                       0x0800016d   Thumb Code    26  __scatter_copy.o(!!handler_copy)
    __scatterload_zeroinit                   0x08000189   Thumb Code    28  __scatter_zi.o(!!handler_zi)
    _printf_n                                0x080001a5   Thumb Code     0  _printf_n.o(.ARM.Collect$$_printf_percent$$00000001)
    _printf_percent                          0x080001a5   Thumb Code     0  _printf_percent.o(.ARM.Collect$$_printf_percent$$00000000)
    _printf_p                                0x080001ab   Thumb Code     0  _printf_p.o(.ARM.Collect$$_printf_percent$$00000002)
    _printf_f                                0x080001b1   Thumb Code     0  _printf_f.o(.ARM.Collect$$_printf_percent$$00000003)
    _printf_e                                0x080001b7   Thumb Code     0  _printf_e.o(.ARM.Collect$$_printf_percent$$00000004)
    _printf_g                                0x080001bd   Thumb Code     0  _printf_g.o(.ARM.Collect$$_printf_percent$$00000005)
    _printf_a                                0x080001c3   Thumb Code     0  _printf_a.o(.ARM.Collect$$_printf_percent$$00000006)
    _printf_ll                               0x080001c9   Thumb Code     0  _printf_ll.o(.ARM.Collect$$_printf_percent$$00000007)
    _printf_i                                0x080001d3   Thumb Code     0  _printf_i.o(.ARM.Collect$$_printf_percent$$00000008)
    _printf_d                                0x080001d9   Thumb Code     0  _printf_d.o(.ARM.Collect$$_printf_percent$$00000009)
    _printf_u                                0x080001df   Thumb Code     0  _printf_u.o(.ARM.Collect$$_printf_percent$$0000000A)
    _printf_o                                0x080001e5   Thumb Code     0  _printf_o.o(.ARM.Collect$$_printf_percent$$0000000B)
    _printf_x                                0x080001eb   Thumb Code     0  _printf_x.o(.ARM.Collect$$_printf_percent$$0000000C)
    _printf_lli                              0x080001f1   Thumb Code     0  _printf_lli.o(.ARM.Collect$$_printf_percent$$0000000D)
    _printf_lld                              0x080001f7   Thumb Code     0  _printf_lld.o(.ARM.Collect$$_printf_percent$$0000000E)
    _printf_llu                              0x080001fd   Thumb Code     0  _printf_llu.o(.ARM.Collect$$_printf_percent$$0000000F)
    _printf_llo                              0x08000203   Thumb Code     0  _printf_llo.o(.ARM.Collect$$_printf_percent$$00000010)
    _printf_llx                              0x08000209   Thumb Code     0  _printf_llx.o(.ARM.Collect$$_printf_percent$$00000011)
    _printf_l                                0x0800020f   Thumb Code     0  _printf_l.o(.ARM.Collect$$_printf_percent$$00000012)
    _printf_c                                0x08000219   Thumb Code     0  _printf_c.o(.ARM.Collect$$_printf_percent$$00000013)
    _printf_s                                0x0800021f   Thumb Code     0  _printf_s.o(.ARM.Collect$$_printf_percent$$00000014)
    _printf_lc                               0x08000225   Thumb Code     0  _printf_lc.o(.ARM.Collect$$_printf_percent$$00000015)
    _printf_ls                               0x0800022b   Thumb Code     0  _printf_ls.o(.ARM.Collect$$_printf_percent$$00000016)
    _printf_percent_end                      0x08000231   Thumb Code     0  _printf_percent_end.o(.ARM.Collect$$_printf_percent$$00000017)
    __rt_lib_init                            0x08000235   Thumb Code     0  libinit.o(.ARM.Collect$$libinit$$00000000)
    __rt_lib_init_fp_1                       0x08000237   Thumb Code     0  libinit2.o(.ARM.Collect$$libinit$$00000002)
    __rt_lib_init_heap_2                     0x08000237   Thumb Code     0  libinit2.o(.ARM.Collect$$libinit$$00000003)
    __rt_lib_init_heap_1                     0x0800023f   Thumb Code     0  libinit2.o(.ARM.Collect$$libinit$$00000008)
    __rt_lib_init_lc_common                  0x0800023f   Thumb Code     0  libinit2.o(.ARM.Collect$$libinit$$0000000D)
    __rt_lib_init_rand_1                     0x0800023f   Thumb Code     0  libinit2.o(.ARM.Collect$$libinit$$0000000C)
    __rt_lib_init_user_alloc_1               0x0800023f   Thumb Code     0  libinit2.o(.ARM.Collect$$libinit$$0000000A)
    __rt_lib_init_lc_collate_1               0x08000245   Thumb Code     0  libinit2.o(.ARM.Collect$$libinit$$0000000F)
    __rt_lib_init_lc_ctype_2                 0x08000245   Thumb Code     0  libinit2.o(.ARM.Collect$$libinit$$00000010)
    __rt_lib_init_lc_ctype_1                 0x08000251   Thumb Code     0  libinit2.o(.ARM.Collect$$libinit$$00000011)
    __rt_lib_init_lc_monetary_1              0x08000251   Thumb Code     0  libinit2.o(.ARM.Collect$$libinit$$00000013)
    __rt_lib_init_lc_numeric_2               0x08000251   Thumb Code     0  libinit2.o(.ARM.Collect$$libinit$$00000014)
    __rt_lib_init_alloca_1                   0x0800025b   Thumb Code     0  libinit2.o(.ARM.Collect$$libinit$$0000002C)
    __rt_lib_init_argv_1                     0x0800025b   Thumb Code     0  libinit2.o(.ARM.Collect$$libinit$$0000002A)
    __rt_lib_init_atexit_1                   0x0800025b   Thumb Code     0  libinit2.o(.ARM.Collect$$libinit$$00000019)
    __rt_lib_init_clock_1                    0x0800025b   Thumb Code     0  libinit2.o(.ARM.Collect$$libinit$$0000001F)
    __rt_lib_init_cpp_1                      0x0800025b   Thumb Code     0  libinit2.o(.ARM.Collect$$libinit$$00000030)
    __rt_lib_init_exceptions_1               0x0800025b   Thumb Code     0  libinit2.o(.ARM.Collect$$libinit$$0000002E)
    __rt_lib_init_fp_trap_1                  0x0800025b   Thumb Code     0  libinit2.o(.ARM.Collect$$libinit$$0000001D)
    __rt_lib_init_getenv_1                   0x0800025b   Thumb Code     0  libinit2.o(.ARM.Collect$$libinit$$00000021)
    __rt_lib_init_lc_numeric_1               0x0800025b   Thumb Code     0  libinit2.o(.ARM.Collect$$libinit$$00000015)
    __rt_lib_init_lc_time_1                  0x0800025b   Thumb Code     0  libinit2.o(.ARM.Collect$$libinit$$00000017)
    __rt_lib_init_return                     0x0800025b   Thumb Code     0  libinit2.o(.ARM.Collect$$libinit$$00000031)
    __rt_lib_init_signal_1                   0x0800025b   Thumb Code     0  libinit2.o(.ARM.Collect$$libinit$$0000001B)
    __rt_lib_init_stdio_1                    0x0800025b   Thumb Code     0  libinit2.o(.ARM.Collect$$libinit$$00000023)
    __rt_lib_shutdown                        0x0800025d   Thumb Code     0  libshutdown.o(.ARM.Collect$$libshutdown$$00000000)
    __rt_lib_shutdown_fp_trap_1              0x0800025f   Thumb Code     0  libshutdown2.o(.ARM.Collect$$libshutdown$$00000006)
    __rt_lib_shutdown_heap_1                 0x0800025f   Thumb Code     0  libshutdown2.o(.ARM.Collect$$libshutdown$$0000000E)
    __rt_lib_shutdown_return                 0x0800025f   Thumb Code     0  libshutdown2.o(.ARM.Collect$$libshutdown$$0000000F)
    __rt_lib_shutdown_signal_1               0x0800025f   Thumb Code     0  libshutdown2.o(.ARM.Collect$$libshutdown$$00000009)
    __rt_lib_shutdown_stdio_1                0x0800025f   Thumb Code     0  libshutdown2.o(.ARM.Collect$$libshutdown$$00000003)
    __rt_lib_shutdown_user_alloc_1           0x0800025f   Thumb Code     0  libshutdown2.o(.ARM.Collect$$libshutdown$$0000000B)
    __rt_entry                               0x08000261   Thumb Code     0  rtentry.o(.ARM.Collect$$rtentry$$00000000)
    __rt_entry_presh_1                       0x08000261   Thumb Code     0  rtentry2.o(.ARM.Collect$$rtentry$$00000002)
    __rt_entry_sh                            0x08000261   Thumb Code     0  rtentry4.o(.ARM.Collect$$rtentry$$00000004)
    __rt_entry_li                            0x08000267   Thumb Code     0  rtentry2.o(.ARM.Collect$$rtentry$$0000000A)
    __rt_entry_postsh_1                      0x08000267   Thumb Code     0  rtentry2.o(.ARM.Collect$$rtentry$$00000009)
    __rt_entry_main                          0x0800026b   Thumb Code     0  rtentry2.o(.ARM.Collect$$rtentry$$0000000D)
    __rt_entry_postli_1                      0x0800026b   Thumb Code     0  rtentry2.o(.ARM.Collect$$rtentry$$0000000C)
    __rt_exit                                0x08000273   Thumb Code     0  rtexit.o(.ARM.Collect$$rtexit$$00000000)
    __rt_exit_ls                             0x08000275   Thumb Code     0  rtexit2.o(.ARM.Collect$$rtexit$$00000003)
    __rt_exit_prels_1                        0x08000275   Thumb Code     0  rtexit2.o(.ARM.Collect$$rtexit$$00000002)
    __rt_exit_exit                           0x08000279   Thumb Code     0  rtexit2.o(.ARM.Collect$$rtexit$$00000004)
    REMIXOS_Start                            0x08000281   Thumb Code    24  remix_core.o(.text)
    _maybe_terminate_alloc                   0x08000281   Thumb Code     0  maybetermalloc1.o(.emb_text)
    REMIX_IdleTask                           0x08000299   Thumb Code     4  remix_core.o(.text)
    REMIX_SetUser                            0x0800029d   Thumb Code     6  remix_core.o(.text)
    REMIX_BeforeRootTask                     0x080002a3   Thumb Code    26  remix_core.o(.text)
    REMIX_TaskDelayTableInit                 0x080002bd   Thumb Code    10  remix_core.o(.text)
    REMIX_TaskSchedTableInit                 0x080002c7   Thumb Code    30  remix_core.o(.text)
    REMIX_TaskReadyTableInit                 0x080002e5   Thumb Code    10  remix_core.o(.text)
    REMIX_TaskListInit                       0x080002ef   Thumb Code    10  remix_core.o(.text)
    REMIXOS_Init                             0x080002f9   Thumb Code   134  remix_core.o(.text)
    main                                     0x0800037f   Thumb Code    14  remix_core.o(.text)
    REMIX_TaskTick                           0x0800038d   Thumb Code    34  remix_core.o(.text)
    REMIX_TaskGetHighestPrio                 0x080003af   Thumb Code    10  remix_core.o(.text)
    REMIX_TaskReadyTableSched                0x080003b9   Thumb Code   120  remix_core.o(.text)
    REMIX_TaskSetPrioFlag                    0x08000431   Thumb Code    14  remix_core.o(.text)
    REMIX_TaskAddToSchedTable                0x0800043f   Thumb Code    32  remix_core.o(.text)
    REMIX_TaskAddToReadyTable                0x0800045f   Thumb Code    28  remix_core.o(.text)
    REMIX_TaskClrPrioFlag                    0x0800047b   Thumb Code    12  remix_core.o(.text)
    REMIX_TaskDeleteFromSchedTable           0x08000487   Thumb Code    40  remix_core.o(.text)
    REMIX_TaskDeleteFromSemTable             0x080004af   Thumb Code    58  remix_core.o(.text)
    REMIX_TaskDeleteFromDelayTable           0x080004e9   Thumb Code    14  remix_core.o(.text)
    REMIX_TaskDelayTableSched                0x080004f7   Thumb Code   180  remix_core.o(.text)
    REMIX_TaskSched                          0x080005ab   Thumb Code    86  remix_core.o(.text)
    REMIX_TaskAddToTaskList                  0x08000601   Thumb Code    14  remix_core.o(.text)
    REMIX_TaskDeleteFromTaskList             0x0800060f   Thumb Code    14  remix_core.o(.text)
    REMIX_TaskDeleteFromReadyTable           0x0800061d   Thumb Code    20  remix_core.o(.text)
    REMIX_TaskAddToDelayTable                0x08000631   Thumb Code   230  remix_core.o(.text)
    REMIX_TaskSemTableInit                   0x08000717   Thumb Code    12  remix_core.o(.text)
    REMIX_TaskAddToSemTable                  0x08000723   Thumb Code    72  remix_core.o(.text)
    REMIX_TaskSemTableSche                   0x0800076b   Thumb Code    56  remix_core.o(.text)
    REMIX_GetSystemTick                      0x080007a3   Thumb Code     6  remix_core.o(.text)
    REMIX_GetCurrentTcb                      0x080007a9   Thumb Code     6  remix_core.o(.text)
    REMIX_GetRootTcb                         0x080007af   Thumb Code     6  remix_core.o(.text)
    REMIX_GetIdleTcb                         0x080007b5   Thumb Code     6  remix_core.o(.text)
    REMIX_GetUser                            0x080007bb   Thumb Code     6  remix_core.o(.text)
    REMIX_GetREMIXVersion                    0x080007c1   Thumb Code     4  remix_core.o(.text)
    REMIX_TaskStackInit                      0x0800080d   Thumb Code   142  remix_cpu.o(.text)
    REMIX_PendSvIsrInit                      0x0800089b   Thumb Code    14  remix_cpu.o(.text)
    REMIX_TickTimerInit                      0x080008a9   Thumb Code    68  remix_cpu.o(.text)
    REMIX_SystemHardwareInit                 0x080008ed   Thumb Code    12  remix_cpu.o(.text)
    REMIX_SetChipWorkMode                    0x080008f9   Thumb Code    26  remix_cpu.o(.text)
    REMIX_IntPendSvSet                       0x08000913   Thumb Code    18  remix_cpu.o(.text)
    REMIX_RunInInt                           0x08000925   Thumb Code    20  remix_cpu.o(.text)
    REMIX_TaskSwiSched                       0x08000939   Thumb Code    22  remix_cpu.o(.text)
    REMIX_IntLock                            0x0800094f   Thumb Code    60  remix_cpu.o(.text)
    REMIX_IntUnlock                          0x0800098b   Thumb Code    62  remix_cpu.o(.text)
    REMIX_TaskStackCheckInit                 0x080009e1   Thumb Code    28  remix_debug.o(.text)
    REMIX_TaskStackCheck                     0x080009fd   Thumb Code    36  remix_debug.o(.text)
    REMIX_TaskCPUShareInit                   0x08000a21   Thumb Code    18  remix_debug.o(.text)
    REMIX_CPUShareStatistic                  0x08000a33   Thumb Code   140  remix_debug.o(.text)
    REMIX_GetCPUShare                        0x08000abf   Thumb Code     8  remix_debug.o(.text)
    REMIX_DlistInit                          0x08000ad9   Thumb Code     8  remix_list.o(.text)
    REMIX_DlistNodeAdd                       0x08000ae1   Thumb Code    28  remix_list.o(.text)
    REMIX_DlistNodeDelete                    0x08000afd   Thumb Code    38  remix_list.o(.text)
    REMIX_DlistCurNodeInsert                 0x08000b23   Thumb Code    36  remix_list.o(.text)
    REMIX_DlistCurNodeDelete                 0x08000b47   Thumb Code    52  remix_list.o(.text)
    REMIX_DlistEmpInq                        0x08000b7b   Thumb Code     6  remix_list.o(.text)
    REMIX_DlistNextNodeEmpInq                0x08000b81   Thumb Code    16  remix_list.o(.text)
    REMIX_QueueCreate                        0x08000b91   Thumb Code   110  remix_queue.o(.text)
    REMIX_QueuePutNode                       0x08000bff   Thumb Code    40  remix_queue.o(.text)
    REMIX_QueueGetNode                       0x08000c27   Thumb Code    62  remix_queue.o(.text)
    REMIX_QueueDelete                        0x08000c65   Thumb Code    52  remix_queue.o(.text)
    REMIX_SemCreate                          0x08000c99   Thumb Code   172  remix_sem.o(.text)
    REMIX_SemTake                            0x08000d45   Thumb Code   464  remix_sem.o(.text)
    REMIX_SemGive                            0x08000f15   Thumb Code   346  remix_sem.o(.text)
    REMIX_SemFlushValue                      0x0800106f   Thumb Code   156  remix_sem.o(.text)
    REMIX_SemFlush                           0x0800110b   Thumb Code    14  remix_sem.o(.text)
    REMIX_SemDelete                          0x08001119   Thumb Code    62  remix_sem.o(.text)
    REMIX_TaskTcbInit                        0x08001161   Thumb Code   246  remix_task.o(.text)
    REMIX_TaskCreate                         0x08001257   Thumb Code   134  remix_task.o(.text)
    REMIX_TaskDelete                         0x080012dd   Thumb Code   176  remix_task.o(.text)
    REMIX_TaskSelfDelete                     0x0800138d   Thumb Code    12  remix_task.o(.text)
    REMIX_TaskDelay                          0x08001399   Thumb Code   198  remix_task.o(.text)
    REMIX_TaskWake                           0x0800145f   Thumb Code   134  remix_task.o(.text)
    REMIX_TaskPend                           0x080014e5   Thumb Code   176  remix_task.o(.text)
    REMIX_GetTaskLinkRoot                    0x08001595   Thumb Code     4  remix_task.o(.text)
    REMIX_TaskPrioInheritance                0x08001599   Thumb Code   166  remix_task.o(.text)
    REMIX_TaskPrioResume                     0x0800163f   Thumb Code    94  remix_task.o(.text)
    REMIX_TaskTimeSlice                      0x0800169d   Thumb Code    36  remix_task.o(.text)
    REMIX_TaskHookInit                       0x080016c1   Thumb Code    16  remix_task.o(.text)
    REMIX_TaskCreateHookAdd                  0x080016d1   Thumb Code     6  remix_task.o(.text)
    REMIX_TaskCreateHookDel                  0x080016d7   Thumb Code     8  remix_task.o(.text)
    REMIX_TaskSwitchHookAdd                  0x080016df   Thumb Code     6  remix_task.o(.text)
    REMIX_TaskSwitchHookDel                  0x080016e5   Thumb Code     8  remix_task.o(.text)
    REMIX_TaskDeleteHookAdd                  0x080016ed   Thumb Code     6  remix_task.o(.text)
    REMIX_TaskDeleteHookDel                  0x080016f3   Thumb Code     8  remix_task.o(.text)
    DEV_BufferInit                           0x08001715   Thumb Code    40  device.o(.text)
    DEV_SoftwareInit                         0x0800173d   Thumb Code    56  device.o(.text)
    DEV_UartInit                             0x08001775   Thumb Code    90  device.o(.text)
    DEV_HardwareInit                         0x080017cf   Thumb Code     8  device.o(.text)
    DEV_PutChar                              0x080017d7   Thumb Code    28  device.o(.text)
    DEV_BufferAlloc                          0x080017f3   Thumb Code    24  device.o(.text)
    DEV_PutStrToMem                          0x0800180b   Thumb Code    64  device.o(.text)
    DEV_PrintMsg                             0x0800184b   Thumb Code    26  device.o(.text)
    DEV_BufferFree                           0x08001865   Thumb Code    24  device.o(.text)
    REMIX_RootTask                           0x0800189d   Thumb Code   130  remix_userroot.o(.text)
    NMI_Handler                              0x0800197d   Thumb Code     2  stm32f10x_it.o(.text)
    HardFault_Handler                        0x0800197f   Thumb Code     4  stm32f10x_it.o(.text)
    MemManage_Handler                        0x08001983   Thumb Code     4  stm32f10x_it.o(.text)
    BusFault_Handler                         0x08001987   Thumb Code     4  stm32f10x_it.o(.text)
    UsageFault_Handler                       0x0800198b   Thumb Code     4  stm32f10x_it.o(.text)
    SVC_Handler                              0x0800198f   Thumb Code    20  stm32f10x_it.o(.text)
    DebugMon_Handler                         0x080019a3   Thumb Code     2  stm32f10x_it.o(.text)
    PendSV_Handler                           0x080019a5   Thumb Code     2  stm32f10x_it.o(.text)
    SysTick_Handler                          0x080019a7   Thumb Code     8  stm32f10x_it.o(.text)
    SystemInit                               0x08001a91   Thumb Code    78  system_stm32f10x.o(.text)
    SystemCoreClockUpdate                    0x08001adf   Thumb Code   142  system_stm32f10x.o(.text)
    TEST_TaskRun                             0x08001b91   Thumb Code    12  test.o(.text)
    TEST_TestTask1                           0x08001b9d   Thumb Code   156  test.o(.text)
    TEST_Fibonacci                           0x08001c39   Thumb Code    54  test.o(.text)
    TEST_TestTask2                           0x08001c6f   Thumb Code   222  test.o(.text)
    TEST_TestTask3                           0x08001d4d   Thumb Code   222  test.o(.text)
    TEST_SerialPrintTask                     0x08001e2b   Thumb Code    42  test.o(.text)
    TEST_TaskCreatePrint                     0x08001e55   Thumb Code    42  test.o(.text)
    TEST_PrintCpuUtilize                     0x08001e7f   Thumb Code    74  test.o(.text)
    TEST_TaskSwitchPrint                     0x08001ec9   Thumb Code  1010  test.o(.text)
    TEST_TaskDeletePrint                     0x080022bb   Thumb Code    22  test.o(.text)
    GPIO_DeInit                              0x08002345   Thumb Code   172  stm32f10x_gpio.o(.text)
    GPIO_AFIODeInit                          0x080023f1   Thumb Code    20  stm32f10x_gpio.o(.text)
    GPIO_Init                                0x08002405   Thumb Code   274  stm32f10x_gpio.o(.text)
    GPIO_StructInit                          0x08002517   Thumb Code    16  stm32f10x_gpio.o(.text)
    GPIO_ReadInputDataBit                    0x08002527   Thumb Code    18  stm32f10x_gpio.o(.text)
    GPIO_ReadInputData                       0x08002539   Thumb Code     8  stm32f10x_gpio.o(.text)
    GPIO_ReadOutputDataBit                   0x08002541   Thumb Code    18  stm32f10x_gpio.o(.text)
    GPIO_ReadOutputData                      0x08002553   Thumb Code     8  stm32f10x_gpio.o(.text)
    GPIO_SetBits                             0x0800255b   Thumb Code     4  stm32f10x_gpio.o(.text)
    GPIO_ResetBits                           0x0800255f   Thumb Code     4  stm32f10x_gpio.o(.text)
    GPIO_WriteBit                            0x08002563   Thumb Code    10  stm32f10x_gpio.o(.text)
    GPIO_Write                               0x0800256d   Thumb Code     4  stm32f10x_gpio.o(.text)
    GPIO_PinLockConfig                       0x08002571   Thumb Code    18  stm32f10x_gpio.o(.text)
    GPIO_EventOutputConfig                   0x08002583   Thumb Code    26  stm32f10x_gpio.o(.text)
    GPIO_EventOutputCmd                      0x0800259d   Thumb Code     6  stm32f10x_gpio.o(.text)
    GPIO_PinRemapConfig                      0x080025a3   Thumb Code   138  stm32f10x_gpio.o(.text)
    GPIO_EXTILineConfig                      0x0800262d   Thumb Code    66  stm32f10x_gpio.o(.text)
    GPIO_ETH_MediaInterfaceConfig            0x0800266f   Thumb Code     6  stm32f10x_gpio.o(.text)
    RCC_DeInit                               0x0800269d   Thumb Code    64  stm32f10x_rcc.o(.text)
    RCC_HSEConfig                            0x080026dd   Thumb Code    70  stm32f10x_rcc.o(.text)
    RCC_GetFlagStatus                        0x08002723   Thumb Code    56  stm32f10x_rcc.o(.text)
    RCC_WaitForHSEStartUp                    0x0800275b   Thumb Code    56  stm32f10x_rcc.o(.text)
    RCC_AdjustHSICalibrationValue            0x08002793   Thumb Code    20  stm32f10x_rcc.o(.text)
    RCC_HSICmd                               0x080027a7   Thumb Code     6  stm32f10x_rcc.o(.text)
    RCC_PLLConfig                            0x080027ad   Thumb Code    24  stm32f10x_rcc.o(.text)
    RCC_PLLCmd                               0x080027c5   Thumb Code     6  stm32f10x_rcc.o(.text)
    RCC_SYSCLKConfig                         0x080027cb   Thumb Code    18  stm32f10x_rcc.o(.text)
    RCC_GetSYSCLKSource                      0x080027dd   Thumb Code    10  stm32f10x_rcc.o(.text)
    RCC_HCLKConfig                           0x080027e7   Thumb Code    18  stm32f10x_rcc.o(.text)
    RCC_PCLK1Config                          0x080027f9   Thumb Code    18  stm32f10x_rcc.o(.text)
    RCC_PCLK2Config                          0x0800280b   Thumb Code    20  stm32f10x_rcc.o(.text)
    RCC_ITConfig                             0x0800281f   Thumb Code    26  stm32f10x_rcc.o(.text)
    RCC_USBCLKConfig                         0x08002839   Thumb Code     6  stm32f10x_rcc.o(.text)
    RCC_ADCCLKConfig                         0x0800283f   Thumb Code    18  stm32f10x_rcc.o(.text)
    RCC_LSEConfig                            0x08002851   Thumb Code    44  stm32f10x_rcc.o(.text)
    RCC_LSICmd                               0x0800287d   Thumb Code     6  stm32f10x_rcc.o(.text)
    RCC_RTCCLKConfig                         0x08002883   Thumb Code    12  stm32f10x_rcc.o(.text)
    RCC_RTCCLKCmd                            0x0800288f   Thumb Code     8  stm32f10x_rcc.o(.text)
    RCC_GetClocksFreq                        0x08002897   Thumb Code   192  stm32f10x_rcc.o(.text)
    RCC_AHBPeriphClockCmd                    0x08002957   Thumb Code    26  stm32f10x_rcc.o(.text)
    RCC_APB2PeriphClockCmd                   0x08002971   Thumb Code    26  stm32f10x_rcc.o(.text)
    RCC_APB1PeriphClockCmd                   0x0800298b   Thumb Code    26  stm32f10x_rcc.o(.text)
    RCC_APB2PeriphResetCmd                   0x080029a5   Thumb Code    26  stm32f10x_rcc.o(.text)
    RCC_APB1PeriphResetCmd                   0x080029bf   Thumb Code    26  stm32f10x_rcc.o(.text)
    RCC_BackupResetCmd                       0x080029d9   Thumb Code     8  stm32f10x_rcc.o(.text)
    RCC_ClockSecuritySystemCmd               0x080029e1   Thumb Code     6  stm32f10x_rcc.o(.text)
    RCC_MCOConfig                            0x080029e7   Thumb Code     6  stm32f10x_rcc.o(.text)
    RCC_ClearFlag                            0x080029ed   Thumb Code    14  stm32f10x_rcc.o(.text)
    RCC_GetITStatus                          0x080029fb   Thumb Code    20  stm32f10x_rcc.o(.text)
    RCC_ClearITPendingBit                    0x08002a0f   Thumb Code     6  stm32f10x_rcc.o(.text)
    USART_DeInit                             0x08002a41   Thumb Code   134  stm32f10x_usart.o(.text)
    USART_Init                               0x08002ac7   Thumb Code   210  stm32f10x_usart.o(.text)
    USART_StructInit                         0x08002b99   Thumb Code    24  stm32f10x_usart.o(.text)
    USART_ClockInit                          0x08002bb1   Thumb Code    34  stm32f10x_usart.o(.text)
    USART_ClockStructInit                    0x08002bd3   Thumb Code    12  stm32f10x_usart.o(.text)
    USART_Cmd                                0x08002bdf   Thumb Code    24  stm32f10x_usart.o(.text)
    USART_ITConfig                           0x08002bf7   Thumb Code    74  stm32f10x_usart.o(.text)
    USART_DMACmd                             0x08002c41   Thumb Code    18  stm32f10x_usart.o(.text)
    USART_SetAddress                         0x08002c53   Thumb Code    18  stm32f10x_usart.o(.text)
    USART_WakeUpConfig                       0x08002c65   Thumb Code    18  stm32f10x_usart.o(.text)
    USART_ReceiverWakeUpCmd                  0x08002c77   Thumb Code    24  stm32f10x_usart.o(.text)
    USART_LINBreakDetectLengthConfig         0x08002c8f   Thumb Code    18  stm32f10x_usart.o(.text)
    USART_LINCmd                             0x08002ca1   Thumb Code    24  stm32f10x_usart.o(.text)
    USART_SendData                           0x08002cb9   Thumb Code     8  stm32f10x_usart.o(.text)
    USART_ReceiveData                        0x08002cc1   Thumb Code    10  stm32f10x_usart.o(.text)
    USART_SendBreak                          0x08002ccb   Thumb Code    10  stm32f10x_usart.o(.text)
    USART_SetGuardTime                       0x08002cd5   Thumb Code    16  stm32f10x_usart.o(.text)
    USART_SetPrescaler                       0x08002ce5   Thumb Code    16  stm32f10x_usart.o(.text)
    USART_SmartCardCmd                       0x08002cf5   Thumb Code    24  stm32f10x_usart.o(.text)
    USART_SmartCardNACKCmd                   0x08002d0d   Thumb Code    24  stm32f10x_usart.o(.text)
    USART_HalfDuplexCmd                      0x08002d25   Thumb Code    24  stm32f10x_usart.o(.text)
    USART_OverSampling8Cmd                   0x08002d3d   Thumb Code    22  stm32f10x_usart.o(.text)
    USART_OneBitMethodCmd                    0x08002d53   Thumb Code    24  stm32f10x_usart.o(.text)
    USART_IrDAConfig                         0x08002d6b   Thumb Code    18  stm32f10x_usart.o(.text)
    USART_IrDACmd                            0x08002d7d   Thumb Code    24  stm32f10x_usart.o(.text)
    USART_GetFlagStatus                      0x08002d95   Thumb Code    26  stm32f10x_usart.o(.text)
    USART_ClearFlag                          0x08002daf   Thumb Code    18  stm32f10x_usart.o(.text)
    USART_GetITStatus                        0x08002dc1   Thumb Code    84  stm32f10x_usart.o(.text)
    USART_ClearITPendingBit                  0x08002e15   Thumb Code    52  stm32f10x_usart.o(.text)
    Reset_Handler                            0x08002e49   Thumb Code     8  startup_stm32f10x_hd.o(.text)
    ADC1_2_IRQHandler                        0x08002e63   Thumb Code     0  startup_stm32f10x_hd.o(.text)
    ADC3_IRQHandler                          0x08002e63   Thumb Code     0  startup_stm32f10x_hd.o(.text)
    CAN1_RX1_IRQHandler                      0x08002e63   Thumb Code     0  startup_stm32f10x_hd.o(.text)
    CAN1_SCE_IRQHandler                      0x08002e63   Thumb Code     0  startup_stm32f10x_hd.o(.text)
    DMA1_Channel1_IRQHandler                 0x08002e63   Thumb Code     0  startup_stm32f10x_hd.o(.text)
    DMA1_Channel2_IRQHandler                 0x08002e63   Thumb Code     0  startup_stm32f10x_hd.o(.text)
    DMA1_Channel3_IRQHandler                 0x08002e63   Thumb Code     0  startup_stm32f10x_hd.o(.text)
    DMA1_Channel4_IRQHandler                 0x08002e63   Thumb Code     0  startup_stm32f10x_hd.o(.text)
    DMA1_Channel5_IRQHandler                 0x08002e63   Thumb Code     0  startup_stm32f10x_hd.o(.text)
    DMA1_Channel6_IRQHandler                 0x08002e63   Thumb Code     0  startup_stm32f10x_hd.o(.text)
    DMA1_Channel7_IRQHandler                 0x08002e63   Thumb Code     0  startup_stm32f10x_hd.o(.text)
    DMA2_Channel1_IRQHandler                 0x08002e63   Thumb Code     0  startup_stm32f10x_hd.o(.text)
    DMA2_Channel2_IRQHandler                 0x08002e63   Thumb Code     0  startup_stm32f10x_hd.o(.text)
    DMA2_Channel3_IRQHandler                 0x08002e63   Thumb Code     0  startup_stm32f10x_hd.o(.text)
    DMA2_Channel4_5_IRQHandler               0x08002e63   Thumb Code     0  startup_stm32f10x_hd.o(.text)
    EXTI0_IRQHandler                         0x08002e63   Thumb Code     0  startup_stm32f10x_hd.o(.text)
    EXTI15_10_IRQHandler                     0x08002e63   Thumb Code     0  startup_stm32f10x_hd.o(.text)
    EXTI1_IRQHandler                         0x08002e63   Thumb Code     0  startup_stm32f10x_hd.o(.text)
    EXTI2_IRQHandler                         0x08002e63   Thumb Code     0  startup_stm32f10x_hd.o(.text)
    EXTI3_IRQHandler                         0x08002e63   Thumb Code     0  startup_stm32f10x_hd.o(.text)
    EXTI4_IRQHandler                         0x08002e63   Thumb Code     0  startup_stm32f10x_hd.o(.text)
    EXTI9_5_IRQHandler                       0x08002e63   Thumb Code     0  startup_stm32f10x_hd.o(.text)
    FLASH_IRQHandler                         0x08002e63   Thumb Code     0  startup_stm32f10x_hd.o(.text)
    FSMC_IRQHandler                          0x08002e63   Thumb Code     0  startup_stm32f10x_hd.o(.text)
    I2C1_ER_IRQHandler                       0x08002e63   Thumb Code     0  startup_stm32f10x_hd.o(.text)
    I2C1_EV_IRQHandler                       0x08002e63   Thumb Code     0  startup_stm32f10x_hd.o(.text)
    I2C2_ER_IRQHandler                       0x08002e63   Thumb Code     0  startup_stm32f10x_hd.o(.text)
    I2C2_EV_IRQHandler                       0x08002e63   Thumb Code     0  startup_stm32f10x_hd.o(.text)
    PVD_IRQHandler                           0x08002e63   Thumb Code     0  startup_stm32f10x_hd.o(.text)
    RCC_IRQHandler                           0x08002e63   Thumb Code     0  startup_stm32f10x_hd.o(.text)
    RTCAlarm_IRQHandler                      0x08002e63   Thumb Code     0  startup_stm32f10x_hd.o(.text)
    RTC_IRQHandler                           0x08002e63   Thumb Code     0  startup_stm32f10x_hd.o(.text)
    SDIO_IRQHandler                          0x08002e63   Thumb Code     0  startup_stm32f10x_hd.o(.text)
    SPI1_IRQHandler                          0x08002e63   Thumb Code     0  startup_stm32f10x_hd.o(.text)
    SPI2_IRQHandler                          0x08002e63   Thumb Code     0  startup_stm32f10x_hd.o(.text)
    SPI3_IRQHandler                          0x08002e63   Thumb Code     0  startup_stm32f10x_hd.o(.text)
    TAMPER_IRQHandler                        0x08002e63   Thumb Code     0  startup_stm32f10x_hd.o(.text)
    TIM1_BRK_IRQHandler                      0x08002e63   Thumb Code     0  startup_stm32f10x_hd.o(.text)
    TIM1_CC_IRQHandler                       0x08002e63   Thumb Code     0  startup_stm32f10x_hd.o(.text)
    TIM1_TRG_COM_IRQHandler                  0x08002e63   Thumb Code     0  startup_stm32f10x_hd.o(.text)
    TIM1_UP_IRQHandler                       0x08002e63   Thumb Code     0  startup_stm32f10x_hd.o(.text)
    TIM2_IRQHandler                          0x08002e63   Thumb Code     0  startup_stm32f10x_hd.o(.text)
    TIM3_IRQHandler                          0x08002e63   Thumb Code     0  startup_stm32f10x_hd.o(.text)
    TIM4_IRQHandler                          0x08002e63   Thumb Code     0  startup_stm32f10x_hd.o(.text)
    TIM5_IRQHandler                          0x08002e63   Thumb Code     0  startup_stm32f10x_hd.o(.text)
    TIM6_IRQHandler                          0x08002e63   Thumb Code     0  startup_stm32f10x_hd.o(.text)
    TIM7_IRQHandler                          0x08002e63   Thumb Code     0  startup_stm32f10x_hd.o(.text)
    TIM8_BRK_IRQHandler                      0x08002e63   Thumb Code     0  startup_stm32f10x_hd.o(.text)
    TIM8_CC_IRQHandler                       0x08002e63   Thumb Code     0  startup_stm32f10x_hd.o(.text)
    TIM8_TRG_COM_IRQHandler                  0x08002e63   Thumb Code     0  startup_stm32f10x_hd.o(.text)
    TIM8_UP_IRQHandler                       0x08002e63   Thumb Code     0  startup_stm32f10x_hd.o(.text)
    UART4_IRQHandler                         0x08002e63   Thumb Code     0  startup_stm32f10x_hd.o(.text)
    UART5_IRQHandler                         0x08002e63   Thumb Code     0  startup_stm32f10x_hd.o(.text)
    USART1_IRQHandler                        0x08002e63   Thumb Code     0  startup_stm32f10x_hd.o(.text)
    USART2_IRQHandler                        0x08002e63   Thumb Code     0  startup_stm32f10x_hd.o(.text)
    USART3_IRQHandler                        0x08002e63   Thumb Code     0  startup_stm32f10x_hd.o(.text)
    USBWakeUp_IRQHandler                     0x08002e63   Thumb Code     0  startup_stm32f10x_hd.o(.text)
    USB_HP_CAN1_TX_IRQHandler                0x08002e63   Thumb Code     0  startup_stm32f10x_hd.o(.text)
    USB_LP_CAN1_RX0_IRQHandler               0x08002e63   Thumb Code     0  startup_stm32f10x_hd.o(.text)
    WWDG_IRQHandler                          0x08002e63   Thumb Code     0  startup_stm32f10x_hd.o(.text)
    __user_initial_stackheap                 0x08002e65   Thumb Code     0  startup_stm32f10x_hd.o(.text)
    malloc                                   0x08002e89   Thumb Code    94  h1_alloc.o(.text)
    free                                     0x08002ee7   Thumb Code    78  h1_free.o(.text)
    __c89vsprintf                            0x08002f35   Thumb Code    32  c89vsprintf.o(.text)
    strlen                                   0x08002f59   Thumb Code    62  strlen.o(.text)
    __use_two_region_memory                  0x08002f97   Thumb Code     2  heapauxi.o(.text)
    __rt_heap_escrow                         0x08002f99   Thumb Code     2  heapauxi.o(.text)
    __rt_heap_expand                         0x08002f9b   Thumb Code     2  heapauxi.o(.text)
    __rt_heap_descriptor                     0x08002f9d   Thumb Code     8  rt_heap_descriptor_intlibspace.o(.text)
    __use_no_heap                            0x08002fa5   Thumb Code     2  hguard.o(.text)
    __heap$guard                             0x08002fa7   Thumb Code     2  hguard.o(.text)
    _terminate_user_alloc                    0x08002fa9   Thumb Code     2  init_alloc.o(.text)
    _init_user_alloc                         0x08002fab   Thumb Code     2  init_alloc.o(.text)
    __Heap_Full                              0x08002fad   Thumb Code    34  init_alloc.o(.text)
    __Heap_Broken                            0x08002fcf   Thumb Code     6  init_alloc.o(.text)
    _init_alloc                              0x08002fd5   Thumb Code    94  init_alloc.o(.text)
    __Heap_Initialize                        0x08003033   Thumb Code    10  h1_init.o(.text)
    __Heap_DescSize                          0x0800303d   Thumb Code     4  h1_init.o(.text)
    _printf_pre_padding                      0x08003041   Thumb Code    46  _printf_pad.o(.text)
    _printf_post_padding                     0x0800306f   Thumb Code    36  _printf_pad.o(.text)
    _printf_truncate_signed                  0x08003093   Thumb Code    18  _printf_truncate.o(.text)
    _printf_truncate_unsigned                0x080030a5   Thumb Code    18  _printf_truncate.o(.text)
    _printf_str                              0x080030b7   Thumb Code    82  _printf_str.o(.text)
    _printf_int_dec                          0x08003109   Thumb Code   102  _printf_dec.o(.text)
    _printf_charcount                        0x08003181   Thumb Code    42  _printf_charcount.o(.text)
    _printf_char_common                      0x080031b7   Thumb Code    32  _printf_char_common.o(.text)
    _sputc                                   0x080031dd   Thumb Code    10  _sputc.o(.text)
    _printf_wctomb                           0x080031e9   Thumb Code   182  _printf_wctomb.o(.text)
    _printf_longlong_dec                     0x080032a5   Thumb Code   104  _printf_longlong_dec.o(.text)
    _printf_longlong_oct                     0x0800331d   Thumb Code    76  _printf_oct_int_ll.o(.text)
    _printf_int_oct                          0x08003369   Thumb Code    24  _printf_oct_int_ll.o(.text)
    _printf_ll_oct                           0x08003381   Thumb Code    12  _printf_oct_int_ll.o(.text)
    _printf_longlong_hex                     0x08003395   Thumb Code    92  _printf_hex_int_ll_ptr.o(.text)
    _printf_int_hex                          0x080033f1   Thumb Code    28  _printf_hex_int_ll_ptr.o(.text)
    _printf_ll_hex                           0x0800340d   Thumb Code    12  _printf_hex_int_ll_ptr.o(.text)
    _printf_hex_ptr                          0x08003419   Thumb Code    18  _printf_hex_int_ll_ptr.o(.text)
    __printf                                 0x08003431   Thumb Code   390  __printf_flags_ss_wp.o(.text)
    __user_libspace                          0x080035bd   Thumb Code     8  libspace.o(.text)
    __user_perproc_libspace                  0x080035bd   Thumb Code     0  libspace.o(.text)
    __user_perthread_libspace                0x080035bd   Thumb Code     0  libspace.o(.text)
    __Heap_ProvideMemory                     0x080035c5   Thumb Code    52  h1_extend.o(.text)
    _ll_udiv10                               0x080035f9   Thumb Code   138  lludiv10.o(.text)
    _printf_int_common                       0x08003683   Thumb Code   184  _printf_intcommon.o(.text)
    __lib_sel_fp_printf                      0x0800373b   Thumb Code     2  _printf_fp_dec.o(.text)
    _printf_fp_dec_real                      0x080038e7   Thumb Code   628  _printf_fp_dec.o(.text)
    _printf_cs_common                        0x08003b5b   Thumb Code    20  _printf_char.o(.text)
    _printf_char                             0x08003b6f   Thumb Code    16  _printf_char.o(.text)
    _printf_string                           0x08003b7f   Thumb Code     8  _printf_char.o(.text)
    _printf_lcs_common                       0x08003b87   Thumb Code    20  _printf_wchar.o(.text)
    _printf_wchar                            0x08003b9b   Thumb Code    16  _printf_wchar.o(.text)
    _printf_wstring                          0x08003bab   Thumb Code     8  _printf_wchar.o(.text)
    _wcrtomb                                 0x08003bb3   Thumb Code    64  _wcrtomb.o(.text)
    __rt_SIGRTMEM                            0x08003bf3   Thumb Code    14  defsig_rtmem_outer.o(.text)
    __I$use$semihosting                      0x08003c01   Thumb Code     0  use_no_semi.o(.text)
    __use_no_semihosting_swi                 0x08003c01   Thumb Code     2  use_no_semi.o(.text)
    __semihosting_library_function           0x08003c03   Thumb Code     0  indicate_semi.o(.text)
    __user_setup_stackheap                   0x08003c03   Thumb Code    74  sys_stackheap_outer.o(.text)
    __rt_ctype_table                         0x08003c4d   Thumb Code    16  rt_ctype_table.o(.text)
    __rt_locale                              0x08003c5d   Thumb Code     8  rt_locale_intlibspace.o(.text)
    _printf_fp_infnan                        0x08003c65   Thumb Code   112  _printf_fp_infnan.o(.text)
    _btod_etento                             0x08003ce5   Thumb Code   222  bigflt0.o(.text)
    exit                                     0x08003dc9   Thumb Code    12  exit.o(.text)
    __sig_exit                               0x08003dd5   Thumb Code    10  defsig_exit.o(.text)
    __rt_SIGRTMEM_inner                      0x08003de1   Thumb Code    22  defsig_rtmem_inner.o(.text)
    _sys_exit                                0x08003e31   Thumb Code     8  sys_exit.o(.text)
    __default_signal_display                 0x08003e3d   Thumb Code    50  defsig_general.o(.text)
    strcmp                                   0x08003e71   Thumb Code   128  strcmpv7m.o(.text)
    _ttywrch                                 0x08003ef1   Thumb Code    14  sys_wrch.o(.text)
    _btod_d2e                                0x08003eff   Thumb Code    62  btod.o(CL$$btod_d2e)
    _d2e_denorm_low                          0x08003f3d   Thumb Code    70  btod.o(CL$$btod_d2e_denorm_low)
    _d2e_norm_op1                            0x08003f83   Thumb Code    96  btod.o(CL$$btod_d2e_norm_op1)
    __btod_div_common                        0x08003fe3   Thumb Code   696  btod.o(CL$$btod_div_common)
    _e2e                                     0x0800431b   Thumb Code   198  btod.o(CL$$btod_e2e)
    _btod_ediv                               0x080043e1   Thumb Code    40  btod.o(CL$$btod_ediv)
    _btod_emul                               0x08004409   Thumb Code    40  btod.o(CL$$btod_emul)
    __btod_mult_common                       0x08004431   Thumb Code   580  btod.o(CL$$btod_mult_common)
    REMIX_PendSvContextSwitch                0x08004675   Thumb Code     0  remix_core_a.o(REMIX_CORE)
    REMIX_SwitchToTask                       0x080046cd   Thumb Code     0  remix_core_a.o(REMIX_CORE)
    REMIX_TaskOccurSwi                       0x080046f3   Thumb Code     0  remix_core_a.o(REMIX_CORE)
    REMIX_GetXpsr                            0x080046f7   Thumb Code     0  remix_core_a.o(REMIX_CORE)
    __ARM_fpclassify                         0x08004709   Thumb Code    40  fpclassify.o(i.__ARM_fpclassify)
    _is_digit                                0x08004731   Thumb Code    14  __printf_wp.o(i._is_digit)
    _get_lc_numeric                          0x08004741   Thumb Code    44  lc_numeric_c.o(locale$$code)
    _get_lc_ctype                            0x0800476d   Thumb Code    44  lc_ctype_c.o(locale$$code)
    _printf_fp_dec                           0x08004799   Thumb Code     4  printf1.o(x$fpl$printf1)
    __I$use$fp                               0x0800479c   Number         0  usenofp.o(x$fpl$usenofp)
    caucTaskPrioUnmapTab                     0x0800479c   Data         256  remix_core.o(.constdata)
    Region$$Table$$Base                      0x08004974   Number         0  anon$$obj.o(Region$$Table)
    Region$$Table$$Limit                     0x08004994   Number         0  anon$$obj.o(Region$$Table)
    __ctype                                  0x080049bd   Data           0  lc_ctype_c.o(locale$$data)
    DEV_DelayMs                              0x08039005   Thumb Code    26  unoptimize.o(.text)
    guiSystemStatus                          0x20000000   Data           4  remix_core.o(.data)
    gstrDelayTab                             0x20000004   Data           8  remix_core.o(.data)
    guiTick                                  0x2000000c   Data           4  remix_core.o(.data)
    gucTickSched                             0x20000010   Data           1  remix_core.o(.data)
    gpstrCurTaskReg                          0x20000014   Data           4  remix_core.o(.data)
    gpstrNextTaskReg                         0x20000018   Data           4  remix_core.o(.data)
    gpstrCurTcb                              0x2000001c   Data           4  remix_core.o(.data)
    gpstrRootTaskTcb                         0x20000020   Data           4  remix_core.o(.data)
    gpstrIdleTaskTcb                         0x20000024   Data           4  remix_core.o(.data)
    guiUser                                  0x20000028   Data           4  remix_core.o(.data)
    guiIntLockCounter                        0x2000002c   Data           4  remix_cpu.o(.data)
    guiCpuSharePeriod                        0x20000034   Data           4  remix_debug.o(.data)
    gstrTaskList                             0x20000038   Data           8  remix_task.o(.data)
    guiTimeSlice                             0x20000040   Data           4  remix_task.o(.data)
    gvfTaskCreateHook                        0x20000044   Data           4  remix_task.o(.data)
    gvfTaskSwitchHook                        0x20000048   Data           4  remix_task.o(.data)
    gvfTaskDeleteHook                        0x2000004c   Data           4  remix_task.o(.data)
    SystemCoreClock                          0x20000050   Data           4  system_stm32f10x.o(.data)
    AHBPrescTable                            0x20000054   Data          16  system_stm32f10x.o(.data)
    gpstrSerialMsgQue                        0x20000068   Data           4  test.o(.data)
    gpstrSerialTaskTcb                       0x2000006c   Data           4  test.o(.data)
    gpstrSemMut                              0x20000070   Data           4  test.o(.data)
    number                                   0x20000074   Data           4  test.o(.data)
    gstrReadyTab                             0x2000008c   Data          68  remix_core.o(.bss)
    gauiSliceCnt                             0x200000d0   Data          32  remix_task.o(.bss)
    gstrBufPool                              0x200000f0   Data       11208  device.o(.bss)
    __libspace_start                         0x20002cb8   Data          96  libspace.o(.bss)
    __temporary_stack_top$libspace           0x20002d18   Data           0  libspace.o(.bss)



==============================================================================

Memory Map of the image

  Image Entry point : 0x08000131

  Load Region LR_IROM1 (Base: 0x08000000, Size: 0x00004b4c, Max: 0x00039000, ABSOLUTE)

    Execution Region ER_IROM1 (Base: 0x08000000, Size: 0x00004ac0, Max: 0x00039000, ABSOLUTE)

    Base Addr    Size         Type   Attr      Idx    E Section Name        Object

    0x08000000   0x00000130   Data   RO          712    RESET               startup_stm32f10x_hd.o
    0x08000130   0x00000008   Code   RO          787  * !!!main             c_w.l(__main.o)
    0x08000138   0x00000034   Code   RO         1142    !!!scatter          c_w.l(__scatter.o)
    0x0800016c   0x0000001a   Code   RO         1144    !!handler_copy      c_w.l(__scatter_copy.o)
    0x08000186   0x00000002   PAD
    0x08000188   0x0000001c   Code   RO         1146    !!handler_zi        c_w.l(__scatter_zi.o)
    0x080001a4   0x00000000   Code   RO          898    .ARM.Collect$$_printf_percent$$00000000  c_w.l(_printf_percent.o)
    0x080001a4   0x00000006   Code   RO          887    .ARM.Collect$$_printf_percent$$00000001  c_w.l(_printf_n.o)
    0x080001aa   0x00000006   Code   RO          889    .ARM.Collect$$_printf_percent$$00000002  c_w.l(_printf_p.o)
    0x080001b0   0x00000006   Code   RO          894    .ARM.Collect$$_printf_percent$$00000003  c_w.l(_printf_f.o)
    0x080001b6   0x00000006   Code   RO          895    .ARM.Collect$$_printf_percent$$00000004  c_w.l(_printf_e.o)
    0x080001bc   0x00000006   Code   RO          896    .ARM.Collect$$_printf_percent$$00000005  c_w.l(_printf_g.o)
    0x080001c2   0x00000006   Code   RO          897    .ARM.Collect$$_printf_percent$$00000006  c_w.l(_printf_a.o)
    0x080001c8   0x0000000a   Code   RO          902    .ARM.Collect$$_printf_percent$$00000007  c_w.l(_printf_ll.o)
    0x080001d2   0x00000006   Code   RO          891    .ARM.Collect$$_printf_percent$$00000008  c_w.l(_printf_i.o)
    0x080001d8   0x00000006   Code   RO          892    .ARM.Collect$$_printf_percent$$00000009  c_w.l(_printf_d.o)
    0x080001de   0x00000006   Code   RO          893    .ARM.Collect$$_printf_percent$$0000000A  c_w.l(_printf_u.o)
    0x080001e4   0x00000006   Code   RO          890    .ARM.Collect$$_printf_percent$$0000000B  c_w.l(_printf_o.o)
    0x080001ea   0x00000006   Code   RO          888    .ARM.Collect$$_printf_percent$$0000000C  c_w.l(_printf_x.o)
    0x080001f0   0x00000006   Code   RO          899    .ARM.Collect$$_printf_percent$$0000000D  c_w.l(_printf_lli.o)
    0x080001f6   0x00000006   Code   RO          900    .ARM.Collect$$_printf_percent$$0000000E  c_w.l(_printf_lld.o)
    0x080001fc   0x00000006   Code   RO          901    .ARM.Collect$$_printf_percent$$0000000F  c_w.l(_printf_llu.o)
    0x08000202   0x00000006   Code   RO          906    .ARM.Collect$$_printf_percent$$00000010  c_w.l(_printf_llo.o)
    0x08000208   0x00000006   Code   RO          907    .ARM.Collect$$_printf_percent$$00000011  c_w.l(_printf_llx.o)
    0x0800020e   0x0000000a   Code   RO          903    .ARM.Collect$$_printf_percent$$00000012  c_w.l(_printf_l.o)
    0x08000218   0x00000006   Code   RO          885    .ARM.Collect$$_printf_percent$$00000013  c_w.l(_printf_c.o)
    0x0800021e   0x00000006   Code   RO          886    .ARM.Collect$$_printf_percent$$00000014  c_w.l(_printf_s.o)
    0x08000224   0x00000006   Code   RO          904    .ARM.Collect$$_printf_percent$$00000015  c_w.l(_printf_lc.o)
    0x0800022a   0x00000006   Code   RO          905    .ARM.Collect$$_printf_percent$$00000016  c_w.l(_printf_ls.o)
    0x08000230   0x00000004   Code   RO          997    .ARM.Collect$$_printf_percent$$00000017  c_w.l(_printf_percent_end.o)
    0x08000234   0x00000002   Code   RO         1072    .ARM.Collect$$libinit$$00000000  c_w.l(libinit.o)
    0x08000236   0x00000000   Code   RO          913    .ARM.Collect$$libinit$$00000002  c_w.l(libinit2.o)
    0x08000236   0x00000008   Code   RO          914    .ARM.Collect$$libinit$$00000003  c_w.l(libinit2.o)
    0x0800023e   0x00000000   Code   RO          916    .ARM.Collect$$libinit$$00000008  c_w.l(libinit2.o)
    0x0800023e   0x00000000   Code   RO          918    .ARM.Collect$$libinit$$0000000A  c_w.l(libinit2.o)
    0x0800023e   0x00000000   Code   RO          920    .ARM.Collect$$libinit$$0000000C  c_w.l(libinit2.o)
    0x0800023e   0x00000006   Code   RO          921    .ARM.Collect$$libinit$$0000000D  c_w.l(libinit2.o)
    0x08000244   0x00000000   Code   RO          923    .ARM.Collect$$libinit$$0000000F  c_w.l(libinit2.o)
    0x08000244   0x0000000c   Code   RO          924    .ARM.Collect$$libinit$$00000010  c_w.l(libinit2.o)
    0x08000250   0x00000000   Code   RO          925    .ARM.Collect$$libinit$$00000011  c_w.l(libinit2.o)
    0x08000250   0x00000000   Code   RO          927    .ARM.Collect$$libinit$$00000013  c_w.l(libinit2.o)
    0x08000250   0x0000000a   Code   RO          928    .ARM.Collect$$libinit$$00000014  c_w.l(libinit2.o)
    0x0800025a   0x00000000   Code   RO          929    .ARM.Collect$$libinit$$00000015  c_w.l(libinit2.o)
    0x0800025a   0x00000000   Code   RO          931    .ARM.Collect$$libinit$$00000017  c_w.l(libinit2.o)
    0x0800025a   0x00000000   Code   RO          933    .ARM.Collect$$libinit$$00000019  c_w.l(libinit2.o)
    0x0800025a   0x00000000   Code   RO          935    .ARM.Collect$$libinit$$0000001B  c_w.l(libinit2.o)
    0x0800025a   0x00000000   Code   RO          937    .ARM.Collect$$libinit$$0000001D  c_w.l(libinit2.o)
    0x0800025a   0x00000000   Code   RO          939    .ARM.Collect$$libinit$$0000001F  c_w.l(libinit2.o)
    0x0800025a   0x00000000   Code   RO          941    .ARM.Collect$$libinit$$00000021  c_w.l(libinit2.o)
    0x0800025a   0x00000000   Code   RO          943    .ARM.Collect$$libinit$$00000023  c_w.l(libinit2.o)
    0x0800025a   0x00000000   Code   RO          947    .ARM.Collect$$libinit$$0000002A  c_w.l(libinit2.o)
    0x0800025a   0x00000000   Code   RO          949    .ARM.Collect$$libinit$$0000002C  c_w.l(libinit2.o)
    0x0800025a   0x00000000   Code   RO          951    .ARM.Collect$$libinit$$0000002E  c_w.l(libinit2.o)
    0x0800025a   0x00000000   Code   RO          953    .ARM.Collect$$libinit$$00000030  c_w.l(libinit2.o)
    0x0800025a   0x00000002   Code   RO          954    .ARM.Collect$$libinit$$00000031  c_w.l(libinit2.o)
    0x0800025c   0x00000002   Code   RO         1139    .ARM.Collect$$libshutdown$$00000000  c_w.l(libshutdown.o)
    0x0800025e   0x00000000   Code   RO         1097    .ARM.Collect$$libshutdown$$00000003  c_w.l(libshutdown2.o)
    0x0800025e   0x00000000   Code   RO         1100    .ARM.Collect$$libshutdown$$00000006  c_w.l(libshutdown2.o)
    0x0800025e   0x00000000   Code   RO         1103    .ARM.Collect$$libshutdown$$00000009  c_w.l(libshutdown2.o)
    0x0800025e   0x00000000   Code   RO         1105    .ARM.Collect$$libshutdown$$0000000B  c_w.l(libshutdown2.o)
    0x0800025e   0x00000000   Code   RO         1108    .ARM.Collect$$libshutdown$$0000000E  c_w.l(libshutdown2.o)
    0x0800025e   0x00000002   Code   RO         1109    .ARM.Collect$$libshutdown$$0000000F  c_w.l(libshutdown2.o)
    0x08000260   0x00000000   Code   RO          791    .ARM.Collect$$rtentry$$00000000  c_w.l(rtentry.o)
    0x08000260   0x00000000   Code   RO          963    .ARM.Collect$$rtentry$$00000002  c_w.l(rtentry2.o)
    0x08000260   0x00000006   Code   RO          975    .ARM.Collect$$rtentry$$00000004  c_w.l(rtentry4.o)
    0x08000266   0x00000000   Code   RO          965    .ARM.Collect$$rtentry$$00000009  c_w.l(rtentry2.o)
    0x08000266   0x00000004   Code   RO          966    .ARM.Collect$$rtentry$$0000000A  c_w.l(rtentry2.o)
    0x0800026a   0x00000000   Code   RO          968    .ARM.Collect$$rtentry$$0000000C  c_w.l(rtentry2.o)
    0x0800026a   0x00000008   Code   RO          969    .ARM.Collect$$rtentry$$0000000D  c_w.l(rtentry2.o)
    0x08000272   0x00000002   Code   RO         1080    .ARM.Collect$$rtexit$$00000000  c_w.l(rtexit.o)
    0x08000274   0x00000000   Code   RO         1113    .ARM.Collect$$rtexit$$00000002  c_w.l(rtexit2.o)
    0x08000274   0x00000004   Code   RO         1114    .ARM.Collect$$rtexit$$00000003  c_w.l(rtexit2.o)
    0x08000278   0x00000006   Code   RO         1115    .ARM.Collect$$rtexit$$00000004  c_w.l(rtexit2.o)
    0x0800027e   0x00000002   PAD
    0x08000280   0x00000000   Code   RO          979    .emb_text           c_w.l(maybetermalloc1.o)
    0x08000280   0x0000056c   Code   RO            1    .text               remix_core.o
    0x080007ec   0x000001f4   Code   RO          166    .text               remix_cpu.o
    0x080009e0   0x000000f8   Code   RO          192    .text               remix_debug.o
    0x08000ad8   0x000000b8   Code   RO          241    .text               remix_list.o
    0x08000b90   0x00000108   Code   RO          253    .text               remix_queue.o
    0x08000c98   0x000004c8   Code   RO          272    .text               remix_sem.o
    0x08001160   0x000005b4   Code   RO          284    .text               remix_task.o
    0x08001714   0x00000188   Code   RO          307    .text               device.o
    0x0800189c   0x000000e0   Code   RO          336    .text               remix_userroot.o
    0x0800197c   0x00000038   Code   RO          355    .text               stm32f10x_it.o
    0x080019b4   0x000001dc   Code   RO          370    .text               system_stm32f10x.o
    0x08001b90   0x000007b4   Code   RO          388    .text               test.o
    0x08002344   0x00000358   Code   RO          576    .text               stm32f10x_gpio.o
    0x0800269c   0x000003a4   Code   RO          624    .text               stm32f10x_rcc.o
    0x08002a40   0x00000408   Code   RO          686    .text               stm32f10x_usart.o
    0x08002e48   0x00000040   Code   RO          713    .text               startup_stm32f10x_hd.o
    0x08002e88   0x0000005e   Code   RO          723    .text               c_w.l(h1_alloc.o)
    0x08002ee6   0x0000004e   Code   RO          725    .text               c_w.l(h1_free.o)
    0x08002f34   0x00000024   Code   RO          781    .text               c_w.l(c89vsprintf.o)
    0x08002f58   0x0000003e   Code   RO          783    .text               c_w.l(strlen.o)
    0x08002f96   0x00000006   Code   RO          785    .text               c_w.l(heapauxi.o)
    0x08002f9c   0x00000008   Code   RO          795    .text               c_w.l(rt_heap_descriptor_intlibspace.o)
    0x08002fa4   0x00000004   Code   RO          797    .text               c_w.l(hguard.o)
    0x08002fa8   0x0000008a   Code   RO          799    .text               c_w.l(init_alloc.o)
    0x08003032   0x0000000e   Code   RO          803    .text               c_w.l(h1_init.o)
    0x08003040   0x00000052   Code   RO          819    .text               c_w.l(_printf_pad.o)
    0x08003092   0x00000024   Code   RO          821    .text               c_w.l(_printf_truncate.o)
    0x080030b6   0x00000052   Code   RO          823    .text               c_w.l(_printf_str.o)
    0x08003108   0x00000078   Code   RO          825    .text               c_w.l(_printf_dec.o)
    0x08003180   0x0000002a   Code   RO          827    .text               c_w.l(_printf_charcount.o)
    0x080031aa   0x00000002   PAD
    0x080031ac   0x00000030   Code   RO          829    .text               c_w.l(_printf_char_common.o)
    0x080031dc   0x0000000a   Code   RO          831    .text               c_w.l(_sputc.o)
    0x080031e6   0x00000002   PAD
    0x080031e8   0x000000bc   Code   RO          833    .text               c_w.l(_printf_wctomb.o)
    0x080032a4   0x00000078   Code   RO          836    .text               c_w.l(_printf_longlong_dec.o)
    0x0800331c   0x00000078   Code   RO          842    .text               c_w.l(_printf_oct_int_ll.o)
    0x08003394   0x0000009c   Code   RO          862    .text               c_w.l(_printf_hex_int_ll_ptr.o)
    0x08003430   0x0000018c   Code   RO          882    .text               c_w.l(__printf_flags_ss_wp.o)
    0x080035bc   0x00000008   Code   RO          959    .text               c_w.l(libspace.o)
    0x080035c4   0x00000034   Code   RO          981    .text               c_w.l(h1_extend.o)
    0x080035f8   0x0000008a   Code   RO          985    .text               c_w.l(lludiv10.o)
    0x08003682   0x000000b8   Code   RO          987    .text               c_w.l(_printf_intcommon.o)
    0x0800373a   0x00000420   Code   RO          989    .text               c_w.l(_printf_fp_dec.o)
    0x08003b5a   0x0000002c   Code   RO          993    .text               c_w.l(_printf_char.o)
    0x08003b86   0x0000002c   Code   RO          995    .text               c_w.l(_printf_wchar.o)
    0x08003bb2   0x00000040   Code   RO          998    .text               c_w.l(_wcrtomb.o)
    0x08003bf2   0x0000000e   Code   RO         1000    .text               c_w.l(defsig_rtmem_outer.o)
    0x08003c00   0x00000002   Code   RO         1011    .text               c_w.l(use_no_semi.o)
    0x08003c02   0x00000000   Code   RO         1013    .text               c_w.l(indicate_semi.o)
    0x08003c02   0x0000004a   Code   RO         1014    .text               c_w.l(sys_stackheap_outer.o)
    0x08003c4c   0x00000010   Code   RO         1016    .text               c_w.l(rt_ctype_table.o)
    0x08003c5c   0x00000008   Code   RO         1023    .text               c_w.l(rt_locale_intlibspace.o)
    0x08003c64   0x00000080   Code   RO         1027    .text               c_w.l(_printf_fp_infnan.o)
    0x08003ce4   0x000000e4   Code   RO         1029    .text               c_w.l(bigflt0.o)
    0x08003dc8   0x0000000c   Code   RO         1057    .text               c_w.l(exit.o)
    0x08003dd4   0x0000000a   Code   RO         1059    .text               c_w.l(defsig_exit.o)
    0x08003dde   0x00000002   PAD
    0x08003de0   0x00000050   Code   RO         1061    .text               c_w.l(defsig_rtmem_inner.o)
    0x08003e30   0x0000000c   Code   RO         1078    .text               c_w.l(sys_exit.o)
    0x08003e3c   0x00000032   Code   RO         1091    .text               c_w.l(defsig_general.o)
    0x08003e6e   0x00000002   PAD
    0x08003e70   0x00000080   Code   RO         1093    .text               c_w.l(strcmpv7m.o)
    0x08003ef0   0x0000000e   Code   RO         1110    .text               c_w.l(sys_wrch.o)
    0x08003efe   0x0000003e   Code   RO         1032    CL$$btod_d2e        c_w.l(btod.o)
    0x08003f3c   0x00000046   Code   RO         1034    CL$$btod_d2e_denorm_low  c_w.l(btod.o)
    0x08003f82   0x00000060   Code   RO         1033    CL$$btod_d2e_norm_op1  c_w.l(btod.o)
    0x08003fe2   0x00000338   Code   RO         1042    CL$$btod_div_common  c_w.l(btod.o)
    0x0800431a   0x000000c6   Code   RO         1039    CL$$btod_e2e        c_w.l(btod.o)
    0x080043e0   0x00000028   Code   RO         1036    CL$$btod_ediv       c_w.l(btod.o)
    0x08004408   0x00000028   Code   RO         1035    CL$$btod_emul       c_w.l(btod.o)
    0x08004430   0x00000244   Code   RO         1041    CL$$btod_mult_common  c_w.l(btod.o)
    0x08004674   0x00000094   Code   RO          303    REMIX_CORE          remix_core_a.o
    0x08004708   0x00000028   Code   RO         1076    i.__ARM_fpclassify  m_ws.l(fpclassify.o)
    0x08004730   0x0000000e   Code   RO          875    i._is_digit         c_w.l(__printf_wp.o)
    0x0800473e   0x00000002   PAD
    0x08004740   0x0000002c   Code   RO         1055    locale$$code        c_w.l(lc_numeric_c.o)
    0x0800476c   0x0000002c   Code   RO         1087    locale$$code        c_w.l(lc_ctype_c.o)
    0x08004798   0x00000004   Code   RO          955    x$fpl$printf1       fz_ws.l(printf1.o)
    0x0800479c   0x00000000   Code   RO         1075    x$fpl$usenofp       fz_ws.l(usenofp.o)
    0x0800479c   0x00000100   Data   RO            3    .constdata          remix_core.o
    0x0800489c   0x00000008   Data   RO          834    .constdata          c_w.l(_printf_wctomb.o)
    0x080048a4   0x00000028   Data   RO          863    .constdata          c_w.l(_printf_hex_int_ll_ptr.o)
    0x080048cc   0x00000011   Data   RO          883    .constdata          c_w.l(__printf_flags_ss_wp.o)
    0x080048dd   0x00000003   PAD
    0x080048e0   0x00000094   Data   RO         1030    .constdata          c_w.l(bigflt0.o)
    0x08004974   0x00000020   Data   RO         1140    Region$$Table       anon$$obj.o
    0x08004994   0x0000001c   Data   RO         1054    locale$$data        c_w.l(lc_numeric_c.o)
    0x080049b0   0x00000110   Data   RO         1086    locale$$data        c_w.l(lc_ctype_c.o)


    Execution Region RW_IRAM1 (Base: 0x20000000, Size: 0x00006f18, Max: 0x0000b000, ABSOLUTE)

    Base Addr    Size         Type   Attr      Idx    E Section Name        Object

    0x20000000   0x0000002c   Data   RW            4    .data               remix_core.o
    0x2000002c   0x00000004   Data   RW          167    .data               remix_cpu.o
    0x20000030   0x00000008   Data   RW          193    .data               remix_debug.o
    0x20000038   0x00000018   Data   RW          286    .data               remix_task.o
    0x20000050   0x00000014   Data   RW          371    .data               system_stm32f10x.o
    0x20000064   0x00000014   Data   RW          389    .data               test.o
    0x20000078   0x00000014   Data   RW          625    .data               stm32f10x_rcc.o
    0x2000008c   0x00000044   Zero   RW            2    .bss                remix_core.o
    0x200000d0   0x00000020   Zero   RW          285    .bss                remix_task.o
    0x200000f0   0x00002bc8   Zero   RW          308    .bss                device.o
    0x20002cb8   0x00000060   Zero   RW          960    .bss                c_w.l(libspace.o)
    0x20002d18   0x00004000   Zero   RW          711    HEAP                startup_stm32f10x_hd.o
    0x20006d18   0x00000200   Zero   RW          710    STACK               startup_stm32f10x_hd.o



  Load Region LR_IROM2 (Base: 0x08039004, Size: 0x0000001c, Max: 0x00006ffc, ABSOLUTE)

    Execution Region ER_IROM2 (Base: 0x08039004, Size: 0x0000001c, Max: 0x00006ffc, ABSOLUTE)

    Base Addr    Size         Type   Attr      Idx    E Section Name        Object

    0x08039004   0x0000001a   Code   RO          410    .text               unoptimize.o


==============================================================================

Image component sizes


      Code (inc. data)   RO Data    RW Data    ZI Data      Debug   Object Name

       392         32          0          0      11208       3833   device.o
      1388        130        256         44         68     242604   remix_core.o
       148         12          0          0          0        288   remix_core_a.o
       500         24          0          4          0      18175   remix_cpu.o
       248         18          0          8          0       5345   remix_debug.o
       184          0          0          0          0       2249   remix_list.o
       264          0          0          0          0       1964   remix_queue.o
      1224         10          0          0          0       3609   remix_sem.o
      1460         62          0         24         32       7072   remix_task.o
       224         94          0          0          0        433   remix_userroot.o
        64         26        304          0      16896        752   startup_stm32f10x_hd.o
       856         40          0          0          0       5625   stm32f10x_gpio.o
        56          6          0          0          0       1314   stm32f10x_it.o
       932         44          0         20          0       8760   stm32f10x_rcc.o
      1032         22          0          0          0       8352   stm32f10x_usart.o
       476         36          0         20          0       1635   system_stm32f10x.o
      1972       1038          0         20          0       3892   test.o
        26          0          0          0          0        450   unoptimize.o

    ----------------------------------------------------------------------
     11448       1594        592        140      28204     316352   Object Totals
         0          0         32          0          0          0   (incl. Generated)
         2          0          0          0          0          0   (incl. Padding)

    ----------------------------------------------------------------------

      Code (inc. data)   RO Data    RW Data    ZI Data      Debug   Library Member Name

         8          0          0          0          0         68   __main.o
       396          6         17          0          0         92   __printf_flags_ss_wp.o
        14          0          0          0          0         68   __printf_wp.o
        52          8          0          0          0          0   __scatter.o
        26          0          0          0          0          0   __scatter_copy.o
        28          0          0          0          0          0   __scatter_zi.o
         6          0          0          0          0          0   _printf_a.o
         6          0          0          0          0          0   _printf_c.o
        44          0          0          0          0        108   _printf_char.o
        48          6          0          0          0         96   _printf_char_common.o
        42          0          0          0          0         68   _printf_charcount.o
         6          0          0          0          0          0   _printf_d.o
       120         18          0          0          0         92   _printf_dec.o
         6          0          0          0          0          0   _printf_e.o
         6          0          0          0          0          0   _printf_f.o
      1056          0          0          0          0        212   _printf_fp_dec.o
       128         16          0          0          0         84   _printf_fp_infnan.o
         6          0          0          0          0          0   _printf_g.o
       156          6         40          0          0        160   _printf_hex_int_ll_ptr.o
         6          0          0          0          0          0   _printf_i.o
       184          0          0          0          0         88   _printf_intcommon.o
        10          0          0          0          0          0   _printf_l.o
         6          0          0          0          0          0   _printf_lc.o
        10          0          0          0          0          0   _printf_ll.o
         6          0          0          0          0          0   _printf_lld.o
         6          0          0          0          0          0   _printf_lli.o
         6          0          0          0          0          0   _printf_llo.o
         6          0          0          0          0          0   _printf_llu.o
         6          0          0          0          0          0   _printf_llx.o
       120         16          0          0          0         92   _printf_longlong_dec.o
         6          0          0          0          0          0   _printf_ls.o
         6          0          0          0          0          0   _printf_n.o
         6          0          0          0          0          0   _printf_o.o
       120          8          0          0          0        124   _printf_oct_int_ll.o
         6          0          0          0          0          0   _printf_p.o
        82          0          0          0          0        108   _printf_pad.o
         0          0          0          0          0          0   _printf_percent.o
         4          0          0          0          0          0   _printf_percent_end.o
         6          0          0          0          0          0   _printf_s.o
        82          0          0          0          0         80   _printf_str.o
        36          0          0          0          0         84   _printf_truncate.o
         6          0          0          0          0          0   _printf_u.o
        44          0          0          0          0        108   _printf_wchar.o
       188          6          8          0          0         92   _printf_wctomb.o
         6          0          0          0          0          0   _printf_x.o
        10          0          0          0          0         68   _sputc.o
        64          0          0          0          0         92   _wcrtomb.o
       228          6        148          0          0         96   bigflt0.o
      1910        128          0          0          0        672   btod.o
        36          4          0          0          0         76   c89vsprintf.o
        10          0          0          0          0         68   defsig_exit.o
        50          0          0          0          0         88   defsig_general.o
        80         58          0          0          0         76   defsig_rtmem_inner.o
        14          0          0          0          0         80   defsig_rtmem_outer.o
        12          0          0          0          0         72   exit.o
        94          0          0          0          0         80   h1_alloc.o
        52          0          0          0          0         68   h1_extend.o
        78          0          0          0          0         80   h1_free.o
        14          0          0          0          0         84   h1_init.o
         6          0          0          0          0        152   heapauxi.o
         4          0          0          0          0        136   hguard.o
         0          0          0          0          0          0   indicate_semi.o
       138          0          0          0          0        168   init_alloc.o
        44         10        272          0          0         76   lc_ctype_c.o
        44         10         28          0          0         76   lc_numeric_c.o
         2          0          0          0          0          0   libinit.o
        38          0          0          0          0          0   libinit2.o
         2          0          0          0          0          0   libshutdown.o
         2          0          0          0          0          0   libshutdown2.o
         8          4          0          0         96         68   libspace.o
       138          0          0          0          0         80   lludiv10.o
         0          0          0          0          0          0   maybetermalloc1.o
        16          4          0          0          0         76   rt_ctype_table.o
         8          4          0          0          0         68   rt_heap_descriptor_intlibspace.o
         8          4          0          0          0         68   rt_locale_intlibspace.o
         0          0          0          0          0          0   rtentry.o
        12          0          0          0          0          0   rtentry2.o
         6          0          0          0          0          0   rtentry4.o
         2          0          0          0          0          0   rtexit.o
        10          0          0          0          0          0   rtexit2.o
       128          0          0          0          0         68   strcmpv7m.o
        62          0          0          0          0         76   strlen.o
        12          4          0          0          0         68   sys_exit.o
        74          0          0          0          0         80   sys_stackheap_outer.o
        14          0          0          0          0         76   sys_wrch.o
         2          0          0          0          0         68   use_no_semi.o
         4          0          0          0          0         68   printf1.o
         0          0          0          0          0          0   usenofp.o
        40          0          0          0          0         68   fpclassify.o

    ----------------------------------------------------------------------
      6608        326        516          0         96       5064   Library Totals
        14          0          3          0          0          0   (incl. Padding)

    ----------------------------------------------------------------------

      Code (inc. data)   RO Data    RW Data    ZI Data      Debug   Library Name

      6550        326        513          0         96       4928   c_w.l
         4          0          0          0          0         68   fz_ws.l
        40          0          0          0          0         68   m_ws.l

    ----------------------------------------------------------------------
      6608        326        516          0         96       5064   Library Totals

    ----------------------------------------------------------------------

==============================================================================


      Code (inc. data)   RO Data    RW Data    ZI Data      Debug   

     18056       1920       1108        140      28300     316840   Grand Totals
     18056       1920       1108        140      28300     316840   ELF Image Totals
     18056       1920       1108        140          0          0   ROM Totals

==============================================================================

    Total RO  Size (Code + RO Data)                19164 (  18.71kB)
    Total RW  Size (RW Data + ZI Data)             28440 (  27.77kB)
    Total ROM Size (Code + RO Data + RW Data)      19304 (  18.85kB)

==============================================================================

